Archive member included to satisfy reference by file (symbol)

c:/program files (x86)/gnu tools arm embedded/6 2017-q2-update/bin/../lib/gcc/arm-none-eabi/6.3.1/../../../../arm-none-eabi/lib/thumb/v7e-m/fpv4-sp/hard\libc_nano.a(lib_a-exit.o)
                              c:/program files (x86)/gnu tools arm embedded/6 2017-q2-update/bin/../lib/gcc/arm-none-eabi/6.3.1/../../../../arm-none-eabi/lib/thumb/v7e-m/fpv4-sp/hard/crt0.o (exit)
c:/program files (x86)/gnu tools arm embedded/6 2017-q2-update/bin/../lib/gcc/arm-none-eabi/6.3.1/../../../../arm-none-eabi/lib/thumb/v7e-m/fpv4-sp/hard\libc_nano.a(lib_a-impure.o)
                              c:/program files (x86)/gnu tools arm embedded/6 2017-q2-update/bin/../lib/gcc/arm-none-eabi/6.3.1/../../../../arm-none-eabi/lib/thumb/v7e-m/fpv4-sp/hard\libc_nano.a(lib_a-exit.o) (_global_impure_ptr)
c:/program files (x86)/gnu tools arm embedded/6 2017-q2-update/bin/../lib/gcc/arm-none-eabi/6.3.1/../../../../arm-none-eabi/lib/thumb/v7e-m/fpv4-sp/hard\libc_nano.a(lib_a-init.o)
                              c:/program files (x86)/gnu tools arm embedded/6 2017-q2-update/bin/../lib/gcc/arm-none-eabi/6.3.1/../../../../arm-none-eabi/lib/thumb/v7e-m/fpv4-sp/hard/crt0.o (__libc_init_array)
c:/program files (x86)/gnu tools arm embedded/6 2017-q2-update/bin/../lib/gcc/arm-none-eabi/6.3.1/../../../../arm-none-eabi/lib/thumb/v7e-m/fpv4-sp/hard\libc_nano.a(lib_a-locale.o)
                              _build/nrf52840_xxaa/nrf_log_str_formatter.c.o (__locale_ctype_ptr)
c:/program files (x86)/gnu tools arm embedded/6 2017-q2-update/bin/../lib/gcc/arm-none-eabi/6.3.1/../../../../arm-none-eabi/lib/thumb/v7e-m/fpv4-sp/hard\libc_nano.a(lib_a-mbtowc_r.o)
                              c:/program files (x86)/gnu tools arm embedded/6 2017-q2-update/bin/../lib/gcc/arm-none-eabi/6.3.1/../../../../arm-none-eabi/lib/thumb/v7e-m/fpv4-sp/hard\libc_nano.a(lib_a-locale.o) (__ascii_mbtowc)
c:/program files (x86)/gnu tools arm embedded/6 2017-q2-update/bin/../lib/gcc/arm-none-eabi/6.3.1/../../../../arm-none-eabi/lib/thumb/v7e-m/fpv4-sp/hard\libc_nano.a(lib_a-memcpy-stub.o)
                              _build/nrf52840_xxaa/main.c.o (memcpy)
c:/program files (x86)/gnu tools arm embedded/6 2017-q2-update/bin/../lib/gcc/arm-none-eabi/6.3.1/../../../../arm-none-eabi/lib/thumb/v7e-m/fpv4-sp/hard\libc_nano.a(lib_a-memset.o)
                              c:/program files (x86)/gnu tools arm embedded/6 2017-q2-update/bin/../lib/gcc/arm-none-eabi/6.3.1/../../../../arm-none-eabi/lib/thumb/v7e-m/fpv4-sp/hard/crt0.o (memset)
c:/program files (x86)/gnu tools arm embedded/6 2017-q2-update/bin/../lib/gcc/arm-none-eabi/6.3.1/../../../../arm-none-eabi/lib/thumb/v7e-m/fpv4-sp/hard\libc_nano.a(lib_a-nano-vfprintf_float.o)
                              _build/nrf52840_xxaa/mesh.c.o (_printf_float)
c:/program files (x86)/gnu tools arm embedded/6 2017-q2-update/bin/../lib/gcc/arm-none-eabi/6.3.1/../../../../arm-none-eabi/lib/thumb/v7e-m/fpv4-sp/hard\libc_nano.a(lib_a-nano-vfprintf_i.o)
                              c:/program files (x86)/gnu tools arm embedded/6 2017-q2-update/bin/../lib/gcc/arm-none-eabi/6.3.1/../../../../arm-none-eabi/lib/thumb/v7e-m/fpv4-sp/hard\libc_nano.a(lib_a-nano-vfprintf_float.o) (_printf_common)
c:/program files (x86)/gnu tools arm embedded/6 2017-q2-update/bin/../lib/gcc/arm-none-eabi/6.3.1/../../../../arm-none-eabi/lib/thumb/v7e-m/fpv4-sp/hard\libc_nano.a(lib_a-snprintf.o)
                              _build/nrf52840_xxaa/app_usbd_serial_num.c.o (snprintf)
c:/program files (x86)/gnu tools arm embedded/6 2017-q2-update/bin/../lib/gcc/arm-none-eabi/6.3.1/../../../../arm-none-eabi/lib/thumb/v7e-m/fpv4-sp/hard\libc_nano.a(lib_a-sprintf.o)
                              _build/nrf52840_xxaa/main.c.o (sprintf)
c:/program files (x86)/gnu tools arm embedded/6 2017-q2-update/bin/../lib/gcc/arm-none-eabi/6.3.1/../../../../arm-none-eabi/lib/thumb/v7e-m/fpv4-sp/hard\libc_nano.a(lib_a-strcmp.o)
                              c:/program files (x86)/gnu tools arm embedded/6 2017-q2-update/bin/../lib/gcc/arm-none-eabi/6.3.1/../../../../arm-none-eabi/lib/thumb/v7e-m/fpv4-sp/hard\libc_nano.a(lib_a-locale.o) (strcmp)
c:/program files (x86)/gnu tools arm embedded/6 2017-q2-update/bin/../lib/gcc/arm-none-eabi/6.3.1/../../../../arm-none-eabi/lib/thumb/v7e-m/fpv4-sp/hard\libc_nano.a(lib_a-strlen.o)
                              _build/nrf52840_xxaa/main.c.o (strlen)
c:/program files (x86)/gnu tools arm embedded/6 2017-q2-update/bin/../lib/gcc/arm-none-eabi/6.3.1/../../../../arm-none-eabi/lib/thumb/v7e-m/fpv4-sp/hard\libc_nano.a(lib_a-vsnprintf.o)
                              _build/nrf52840_xxaa/usb_print.c.o (vsnprintf)
c:/program files (x86)/gnu tools arm embedded/6 2017-q2-update/bin/../lib/gcc/arm-none-eabi/6.3.1/../../../../arm-none-eabi/lib/thumb/v7e-m/fpv4-sp/hard\libc_nano.a(lib_a-wctomb_r.o)
[...]
Memory Configuration

Name             Origin             Length             Attributes
FLASH            0x00000000         0x00100000         xr
RAM              0x20000000         0x00040000         xrw
*default*        0x00000000         0xffffffff

Linker script and memory map

                0x00100000                __stop_ot_flash_data = (ORIGIN (FLASH) + LENGTH (FLASH))
                0x000fc000                __start_ot_flash_data = (__stop_ot_flash_data - (FLASH_PAGE_SIZE * FLASH_DATA_PAGES_USED))
                0x00000001                ASSERT ((__start_ot_flash_data >= (__etext + SIZEOF (.data))), Error: Code overlaps flash data area.)

.text           0x00000000    0x1078c
 *(.isr_vector)
 .isr_vector    0x00000000      0x200 _build/nrf52840_xxaa/gcc_startup_nrf52840.S.o
                0x00000000                __isr_vector
 *(.text*)
 .text          0x00000200       0x6c c:/program files (x86)/gnu tools arm embedded/6 2017-q2-update/bin/../lib/gcc/arm-none-eabi/6.3.1/thumb/v7e-m/fpv4-sp/hard/crtbegin.o
 .text          0x0000026c       0x74 c:/program files (x86)/gnu tools arm embedded/6 2017-q2-update/bin/../lib/gcc/arm-none-eabi/6.3.1/../../../../arm-none-eabi/lib/thumb/v7e-m/fpv4-sp/hard/crt0.o
                0x0000026c                _start
                0x0000026c                _mainCRTStartup
 .text.NVIC_SystemReset
                0x000002e0       0x28 _build/nrf52840_xxaa/main.c.o
 .text.nrf_gpio_pin_port_decode
                0x00000308       0x34 _build/nrf52840_xxaa/main.c.o
 .text.nrf_gpio_cfg
                0x0000033c       0x52 _build/nrf52840_xxaa/main.c.o
 .text.nrf_gpio_cfg_output
                0x0000038e       0x24 _build/nrf52840_xxaa/main.c.o
 .text.nrf_gpio_pin_set
                0x000003b2       0x2a _build/nrf52840_xxaa/main.c.o
 .text.nrf_gpio_pin_clear
                0x000003dc       0x2a _build/nrf52840_xxaa/main.c.o
 .text.nrf_gpio_port_out_set
                0x00000406       0x1e _build/nrf52840_xxaa/main.c.o
 .text.nrf_gpio_port_out_clear
                0x00000424       0x1e _build/nrf52840_xxaa/main.c.o
 *fill*         0x00000442        0x2 
 .text.rf_mesh_handler
                0x00000444       0xb8 _build/nrf52840_xxaa/main.c.o
                0x00000444                rf_mesh_handler
 .text.app_usb_rx_handler
                0x000004fc       0x3c _build/nrf52840_xxaa/main.c.o
                0x000004fc                app_usb_rx_handler
 .text.mesh_cmd_response
                0x00000538       0x4c _build/nrf52840_xxaa/main.c.o
                0x00000538                mesh_cmd_response
 .text.app_rtc_handler
                0x00000584       0x28 _build/nrf52840_xxaa/main.c.o
                0x00000584                app_rtc_handler
 .text.gpio_output_voltage_setup
                0x000005ac       0x60 _build/nrf52840_xxaa/main.c.o
                0x000005ac                gpio_output_voltage_setup
 .text.main     0x0000060c       0x64 _build/nrf52840_xxaa/main.c.o
                0x0000060c                main
 .text.nrf_rtc_int_enable
                0x00000670       0x1e _build/nrf52840_xxaa/clocks.c.o
 .text.nrf_rtc_task_trigger
                0x0000068e       0x24 _build/nrf52840_xxaa/clocks.c.o
 .text.nrfx_rtc_int_enable
                0x000006b2       0x1e _build/nrf52840_xxaa/clocks.c.o
 .text.nrfx_rtc_counter_clear
                0x000006d0       0x1c _build/nrf52840_xxaa/clocks.c.o
 .text.clocks_start
                0x000006ec       0x3c _build/nrf52840_xxaa/clocks.c.o
                0x000006ec                clocks_start
 .text.rtc_handler
                0x00000728       0x48 _build/nrf52840_xxaa/clocks.c.o
                0x00000728                rtc_handler
 .text.rtc_config
                0x00000770       0xa0 _build/nrf52840_xxaa/clocks.c.o
                0x00000770                rtc_config
 .text.window_get_payload
                0x00000810       0x2c _build/nrf52840_xxaa/mesh.c.o
                0x00000810                window_get_payload
 .text.is_matching_msg_ack
                0x0000083c       0x4c _build/nrf52840_xxaa/mesh.c.o
                0x0000083c                is_matching_msg_ack
 .text.window_remove_payload
                0x00000888       0x7c _build/nrf52840_xxaa/mesh.c.o
                0x00000888                window_remove_payload
 .text.mesh_get_channel
                0x00000904       0x1c _build/nrf52840_xxaa/mesh.c.o
                0x00000904                mesh_get_channel
 .text.mesh_set_crc
                0x00000920       0x68 _build/nrf52840_xxaa/mesh.c.o
                0x00000920                mesh_set_crc
 .text.mesh_get_crc
                0x00000988       0x1c _build/nrf52840_xxaa/mesh.c.o
                0x00000988                mesh_get_crc
 .text.mesh_pre_tx
                0x000009a4       0x30 _build/nrf52840_xxaa/mesh.c.o
                0x000009a4                mesh_pre_tx
 .text.mesh_post_tx
                0x000009d4       0x30 _build/nrf52840_xxaa/mesh.c.o
                0x000009d4                mesh_post_tx
 .text.mesh_message_2_esb_payload
                0x00000a04       0x9e _build/nrf52840_xxaa/mesh.c.o
                0x00000a04                mesh_message_2_esb_payload
 .text.mesh_esb_2_message_payload
                0x00000aa2       0xb2 _build/nrf52840_xxaa/mesh.c.o
                0x00000aa2                mesh_esb_2_message_payload
 .text.mesh_rx_handler
                0x00000b54       0x6c _build/nrf52840_xxaa/mesh.c.o
                0x00000b54                mesh_rx_handler
 .text.mesh_consume_rx_messages
                0x00000bc0       0xa4 _build/nrf52840_xxaa/mesh.c.o
                0x00000bc0                mesh_consume_rx_messages
 .text.nrf_esb_event_handler
                0x00000c64       0xc8 _build/nrf52840_xxaa/mesh.c.o
                0x00000c64                nrf_esb_event_handler
 .text.mesh_init
                0x00000d2c      0x188 _build/nrf52840_xxaa/mesh.c.o
                0x00000d2c                mesh_init
 .text.mesh_wait_tx
                0x00000eb4       0x24 _build/nrf52840_xxaa/mesh.c.o
                0x00000eb4                mesh_wait_tx
 .text.mesh_tx_raw
                0x00000ed8       0x58 _build/nrf52840_xxaa/mesh.c.o
                0x00000ed8                mesh_tx_raw
 .text.mesh_tx_message
                0x00000f30       0x60 _build/nrf52840_xxaa/mesh.c.o
                0x00000f30                mesh_tx_message
 .text.mesh_tx_ack
                0x00000f90       0x40 _build/nrf52840_xxaa/mesh.c.o
                0x00000f90                mesh_tx_ack
 .text.alive_add_rtx_info
                0x00000fd0       0x68 _build/nrf52840_xxaa/mesh.c.o
                0x00000fd0                alive_add_rtx_info
 .text.mesh_forward_message
                0x00001038       0x58 _build/nrf52840_xxaa/mesh.c.o
                0x00001038                mesh_forward_message
 .text.mesh_tx_pid
                0x00001090       0x2e _build/nrf52840_xxaa/mesh.c.o
                0x00001090                mesh_tx_pid
 .text.mesh_tx_reset
                0x000010be        0xe _build/nrf52840_xxaa/mesh.c.o
                0x000010be                mesh_tx_reset
 .text.mesh_response_data
                0x000010cc       0x48 _build/nrf52840_xxaa/mesh.c.o
                0x000010cc                mesh_response_data
 .text.mesh_bcast_data
                0x00001114       0x44 _build/nrf52840_xxaa/mesh.c.o
                0x00001114                mesh_bcast_data
 .text.mesh_tx_alive
                0x00001158       0x5c _build/nrf52840_xxaa/mesh.c.o
                0x00001158                mesh_tx_alive
 .text.rx_alive
                0x000011b4      0x19c _build/nrf52840_xxaa/mesh.c.o
                0x000011b4                rx_alive
 .text.rx_env   0x00001350      0x22c _build/nrf52840_xxaa/mesh.c.o
                0x00001350                rx_env
 .text.rx_iaq   0x0000157c      0x2ac _build/nrf52840_xxaa/mesh.c.o
                0x0000157c                rx_iaq
 .text.rx_motion
                0x00001828      0x26c _build/nrf52840_xxaa/mesh.c.o
                0x00001828                rx_motion
 .text.rx_range
                0x00001a94       0xb4 _build/nrf52840_xxaa/mesh.c.o
                0x00001a94                rx_range
 .text.rx_battery
                0x00001b48       0x80 _build/nrf52840_xxaa/mesh.c.o
                0x00001b48                rx_battery
 .text.rx_text  0x00001bc8       0x24 _build/nrf52840_xxaa/mesh.c.o
                0x00001bc8                rx_text
 .text.mesh_parse
                0x00001bec      0x1fc _build/nrf52840_xxaa/mesh.c.o
                0x00001bec                mesh_parse
 .text.cmd_parse_response
                0x00001de8      0x118 _build/nrf52840_xxaa/mesh_cmd.c.o
                0x00001de8                cmd_parse_response
 .text.mesh_execute_cmd
                0x00001f00      0x16c _build/nrf52840_xxaa/mesh_cmd.c.o
                0x00001f00                mesh_execute_cmd
 .text.mesh_text_request
                0x0000206c       0xc4 _build/nrf52840_xxaa/mesh_cmd.c.o
                0x0000206c                mesh_text_request
 .text.get_this_node_id
                0x00002130       0x10 _build/nrf52840_xxaa/utils.c.o
                0x00002130                get_this_node_id
 .text.sprint_buf
                0x00002140       0x78 _build/nrf52840_xxaa/utils.c.o
                0x00002140                sprint_buf
 .text.strbegins
                0x000021b8       0x4a _build/nrf52840_xxaa/utils.c.o
                0x000021b8                strbegins
 .text.get_hex_char
                0x00002202       0x44 _build/nrf52840_xxaa/utils.c.o
                0x00002202                get_hex_char
 .text.get_hex  0x00002246       0x3c _build/nrf52840_xxaa/utils.c.o
                0x00002246                get_hex
 .text.text2bin
                0x00002282       0x8c _build/nrf52840_xxaa/utils.c.o
                0x00002282                text2bin
 .text.app_usbd_cdc_acm_class_inst_get
                0x0000230e       0x16 _build/nrf52840_xxaa/usb_print.c.o
 .text.app_usbd_cdc_acm_class_get
                0x00002324       0x16 _build/nrf52840_xxaa/usb_print.c.o
 *fill*         0x0000233a        0x2 
 .text.nrf_gpio_pin_port_decode
                0x0000233c       0x34 _build/nrf52840_xxaa/usb_print.c.o
 .text.nrf_gpio_pin_set
                0x00002370       0x2a _build/nrf52840_xxaa/usb_print.c.o
 .text.nrf_gpio_pin_clear
                0x0000239a       0x2a _build/nrf52840_xxaa/usb_print.c.o
 .text.nrf_gpio_port_out_set
                0x000023c4       0x1e _build/nrf52840_xxaa/usb_print.c.o
 .text.nrf_gpio_port_out_clear
                0x000023e2       0x1e _build/nrf52840_xxaa/usb_print.c.o
 .text.stream_to_message
                0x00002400       0x84 _build/nrf52840_xxaa/usb_print.c.o
                0x00002400                stream_to_message
 .text.cdc_acm_user_ev_handler
                0x00002484       0x94 _build/nrf52840_xxaa/usb_print.c.o
 .text.usbd_user_ev_handler
                0x00002518       0x84 _build/nrf52840_xxaa/usb_print.c.o
 .text.usb_print_init
                0x0000259c       0x80 _build/nrf52840_xxaa/usb_print.c.o
                0x0000259c                usb_print_init
 .text.usb_print_loop
                0x0000261c       0x14 _build/nrf52840_xxaa/usb_print.c.o
                0x0000261c                usb_print_loop
 .text.usb_tx_from_buffer
                0x00002630       0x4c _build/nrf52840_xxaa/usb_print.c.o
                0x00002630                usb_tx_from_buffer
 .text.usb_print
                0x0000267c       0x54 _build/nrf52840_xxaa/usb_print.c.o
                0x0000267c                usb_print
 .text.usb_printf
                0x000026d0       0x48 _build/nrf52840_xxaa/usb_print.c.o
                0x000026d0                usb_printf
 .text.nrf_atomic_u32_fetch_store
                0x00002718       0x30 _build/nrf52840_xxaa/nrf_atomic.c.o
                0x00002718                nrf_atomic_u32_fetch_store
 .text.nrf_atomic_u32_fetch_or
                0x00002748       0x32 _build/nrf52840_xxaa/nrf_atomic.c.o
                0x00002748                nrf_atomic_u32_fetch_or
 .text.nrf_atomic_u32_or
                0x0000277a       0x32 _build/nrf52840_xxaa/nrf_atomic.c.o
                0x0000277a                nrf_atomic_u32_or
 .text.nrf_atomic_u32_fetch_and
                0x000027ac       0x32 _build/nrf52840_xxaa/nrf_atomic.c.o
                0x000027ac                nrf_atomic_u32_fetch_and
 .text.nrf_atomic_u32_and
                0x000027de       0x32 _build/nrf52840_xxaa/nrf_atomic.c.o
                0x000027de                nrf_atomic_u32_and
 .text.nrf_atomic_u32_add
                0x00002810       0x32 _build/nrf52840_xxaa/nrf_atomic.c.o
                0x00002810                nrf_atomic_u32_add
 .text.nrf_atomic_u32_sub
                0x00002842       0x32 _build/nrf52840_xxaa/nrf_atomic.c.o
                0x00002842                nrf_atomic_u32_sub
 .text.nrf_atomic_u32_sub_hs
                0x00002874       0x36 _build/nrf52840_xxaa/nrf_atomic.c.o
                0x00002874                nrf_atomic_u32_sub_hs
 .text.nrf_atomic_flag_set_fetch
                0x000028aa       0x1a _build/nrf52840_xxaa/nrf_atomic.c.o
                0x000028aa                nrf_atomic_flag_set_fetch
 .text.nrf_atomic_flag_set
                0x000028c4       0x1a _build/nrf52840_xxaa/nrf_atomic.c.o
                0x000028c4                nrf_atomic_flag_set
 .text.nrf_atomic_flag_clear_fetch
                0x000028de       0x1a _build/nrf52840_xxaa/nrf_atomic.c.o
                0x000028de                nrf_atomic_flag_clear_fetch
 .text.nrf_atomic_flag_clear
                0x000028f8       0x1a _build/nrf52840_xxaa/nrf_atomic.c.o
                0x000028f8                nrf_atomic_flag_clear
 .text.nrf_atfifo_wspace_req
                0x00002912       0x5a _build/nrf52840_xxaa/nrf_atfifo.c.o
 .text.nrf_atfifo_wspace_close
                0x0000296c       0x2a _build/nrf52840_xxaa/nrf_atfifo.c.o
 .text.nrf_atfifo_rspace_req
                0x00002996       0x5c _build/nrf52840_xxaa/nrf_atfifo.c.o
 .text.nrf_atfifo_rspace_close
                0x000029f2       0x2a _build/nrf52840_xxaa/nrf_atfifo.c.o
 .text.nrf_atfifo_init
                0x00002a1c       0x64 _build/nrf52840_xxaa/nrf_atfifo.c.o
                0x00002a1c                nrf_atfifo_init
 .text.nrf_atfifo_item_alloc
                0x00002a80       0x34 _build/nrf52840_xxaa/nrf_atfifo.c.o
                0x00002a80                nrf_atfifo_item_alloc
 .text.nrf_atfifo_item_put
                0x00002ab4       0x2a _build/nrf52840_xxaa/nrf_atfifo.c.o
                0x00002ab4                nrf_atfifo_item_put
 .text.nrf_atfifo_item_get
                0x00002ade       0x34 _build/nrf52840_xxaa/nrf_atfifo.c.o
                0x00002ade                nrf_atfifo_item_get
 .text.nrf_atfifo_item_free
                0x00002b12       0x2a _build/nrf52840_xxaa/nrf_atfifo.c.o
                0x00002b12                nrf_atfifo_item_free
 .text.nrf_ringbuf_init
                0x00002b3c       0x44 _build/nrf52840_xxaa/nrf_ringbuf.c.o
                0x00002b3c                nrf_ringbuf_init
 .text.nrf_ringbuf_cpy_put
                0x00002b80       0xce _build/nrf52840_xxaa/nrf_ringbuf.c.o
                0x00002b80                nrf_ringbuf_cpy_put
 .text.nrf_ringbuf_cpy_get
                0x00002c4e       0xe8 _build/nrf52840_xxaa/nrf_ringbuf.c.o
                0x00002c4e                nrf_ringbuf_cpy_get
 .text.nrf_balloc_idx2block
                0x00002d36       0x28 _build/nrf52840_xxaa/nrf_balloc.c.o
 .text.nrf_balloc_block2idx
                0x00002d5e       0x28 _build/nrf52840_xxaa/nrf_balloc.c.o
 .text.nrf_balloc_alloc
                0x00002d86       0x6c _build/nrf52840_xxaa/nrf_balloc.c.o
                0x00002d86                nrf_balloc_alloc
 .text.nrf_balloc_free
                0x00002df2       0x38 _build/nrf52840_xxaa/nrf_balloc.c.o
                0x00002df2                nrf_balloc_free
 .text.nrf_memobj_alloc
                0x00002e2a       0xac _build/nrf52840_xxaa/nrf_memobj.c.o
                0x00002e2a                nrf_memobj_alloc
 .text.nrf_memobj_free
                0x00002ed6       0x6e _build/nrf52840_xxaa/nrf_memobj.c.o
                0x00002ed6                nrf_memobj_free
 .text.nrf_memobj_get
                0x00002f44       0x20 _build/nrf52840_xxaa/nrf_memobj.c.o
                0x00002f44                nrf_memobj_get
 .text.nrf_memobj_put
                0x00002f64       0x38 _build/nrf52840_xxaa/nrf_memobj.c.o
                0x00002f64                nrf_memobj_put
 .text.memobj_op
                0x00002f9c      0x102 _build/nrf52840_xxaa/nrf_memobj.c.o
 .text.nrf_memobj_write
                0x0000309e       0x2c _build/nrf52840_xxaa/nrf_memobj.c.o
                0x0000309e                nrf_memobj_write
 .text.nrf_log_backend_put
                0x000030ca       0x1e _build/nrf52840_xxaa/nrf_log_frontend.c.o
 .text.nrf_log_backend_panic_set
                0x000030e8       0x1a _build/nrf52840_xxaa/nrf_log_frontend.c.o
 .text.nrf_log_backend_flush
                0x00003102       0x1a _build/nrf52840_xxaa/nrf_log_frontend.c.o
 .text.nrf_log_backend_enable
                0x0000311c       0x1c _build/nrf52840_xxaa/nrf_log_frontend.c.o
 .text.nrf_log_backend_is_enabled
                0x00003138       0x1a _build/nrf52840_xxaa/nrf_log_frontend.c.o
 .text.invalid_packets_omit
                0x00003152       0x72 _build/nrf52840_xxaa/nrf_log_frontend.c.o
 .text.log_skip
                0x000031c4       0xf8 _build/nrf52840_xxaa/nrf_log_frontend.c.o
 .text.dropped_sat16_get
                0x000032bc       0x2c _build/nrf52840_xxaa/nrf_log_frontend.c.o
 .text.std_header_set
                0x000032e8       0xa0 _build/nrf52840_xxaa/nrf_log_frontend.c.o
 .text.buf_prealloc
                0x00003388      0x108 _build/nrf52840_xxaa/nrf_log_frontend.c.o
 .text.std_n    0x00003490       0x94 _build/nrf52840_xxaa/nrf_log_frontend.c.o
 .text.nrf_log_frontend_std_0
                0x00003524       0x1e _build/nrf52840_xxaa/nrf_log_frontend.c.o
                0x00003524                nrf_log_frontend_std_0
 .text.nrf_log_frontend_std_1
                0x00003542       0x26 _build/nrf52840_xxaa/nrf_log_frontend.c.o
                0x00003542                nrf_log_frontend_std_1
 .text.nrf_log_frontend_std_3
                0x00003568       0x30 _build/nrf52840_xxaa/nrf_log_frontend.c.o
                0x00003568                nrf_log_frontend_std_3
 .text.nrf_log_frontend_std_4
                0x00003598       0x34 _build/nrf52840_xxaa/nrf_log_frontend.c.o
                0x00003598                nrf_log_frontend_std_4
 .text.buffer_is_empty
                0x000035cc       0x24 _build/nrf52840_xxaa/nrf_log_frontend.c.o
                0x000035cc                buffer_is_empty
 .text.nrf_log_frontend_dequeue
                0x000035f0      0x384 _build/nrf52840_xxaa/nrf_log_frontend.c.o
                0x000035f0                nrf_log_frontend_dequeue
 .text.nrf_log_panic
                0x00003974       0x40 _build/nrf52840_xxaa/nrf_log_frontend.c.o
                0x00003974                nrf_log_panic
 .text.NVIC_EnableIRQ
                0x000039b4       0x34 _build/nrf52840_xxaa/app_timer.c.o
 .text.NVIC_DisableIRQ
                0x000039e8       0x34 _build/nrf52840_xxaa/app_timer.c.o
 .text.NVIC_SetPendingIRQ
                0x00003a1c       0x34 _build/nrf52840_xxaa/app_timer.c.o
 .text.NVIC_ClearPendingIRQ
                0x00003a50       0x34 _build/nrf52840_xxaa/app_timer.c.o
 .text.nrfx_coredep_delay_us
                0x00003a84       0x30 _build/nrf52840_xxaa/app_timer.c.o
 .text.rtc1_start
                0x00003ab4       0x44 _build/nrf52840_xxaa/app_timer.c.o
 .text.rtc1_stop
                0x00003af8       0x54 _build/nrf52840_xxaa/app_timer.c.o
 .text.rtc1_counter_get
                0x00003b4c       0x18 _build/nrf52840_xxaa/app_timer.c.o
 .text.ticks_diff_get
                0x00003b64       0x20 _build/nrf52840_xxaa/app_timer.c.o
 .text.rtc1_compare0_set
                0x00003b84       0x20 _build/nrf52840_xxaa/app_timer.c.o
 .text.timer_list_insert
                0x00003ba4       0xb4 _build/nrf52840_xxaa/app_timer.c.o
 .text.timer_list_remove
                0x00003c58       0xc0 _build/nrf52840_xxaa/app_timer.c.o
 .text.timer_timeouts_check_sched
                0x00003d18        0xe _build/nrf52840_xxaa/app_timer.c.o
 .text.timer_list_handler_sched
                0x00003d26        0xe _build/nrf52840_xxaa/app_timer.c.o
 .text.timeout_handler_exec
                0x00003d34       0x1c _build/nrf52840_xxaa/app_timer.c.o
 .text.timer_timeouts_check
                0x00003d50       0xc8 _build/nrf52840_xxaa/app_timer.c.o
 .text.elapsed_ticks_acquire
                0x00003e18       0x80 _build/nrf52840_xxaa/app_timer.c.o
 .text.expired_timers_handler
                0x00003e98       0x9c _build/nrf52840_xxaa/app_timer.c.o
 .text.list_insertions_handler
                0x00003f34      0x1b8 _build/nrf52840_xxaa/app_timer.c.o
 .text.compare_reg_update
                0x000040ec       0xb4 _build/nrf52840_xxaa/app_timer.c.o
 .text.timer_list_handler
                0x000041a0       0x74 _build/nrf52840_xxaa/app_timer.c.o
 .text.RTC1_IRQHandler
                0x00004214       0x40 _build/nrf52840_xxaa/app_timer.c.o
                0x00004214                RTC1_IRQHandler
 .text.SWI1_EGU1_IRQHandler
                0x00004254        0xc _build/nrf52840_xxaa/app_timer.c.o
                0x00004254                SWI1_EGU1_IRQHandler
 .text.nrf_usbd_setup_bmrequesttype_get
                0x00004260       0x1c _build/nrf52840_xxaa/app_usbd.c.o
 .text.nrf_usbd_setup_brequest_get
                0x0000427c       0x1c _build/nrf52840_xxaa/app_usbd.c.o
 .text.app_usbd_setup_req_val
                0x00004298       0x3c _build/nrf52840_xxaa/app_usbd.c.o
 .text.app_usbd_class_iface_count_get
                0x000042d4       0x18 _build/nrf52840_xxaa/app_usbd.c.o
 .text.app_usbd_class_iface_get
                0x000042ec       0x3a _build/nrf52840_xxaa/app_usbd.c.o
 .text.app_usbd_class_iface_number_get
                0x00004326       0x18 _build/nrf52840_xxaa/app_usbd.c.o
 .text.app_usbd_class_iface_ep_count_get
                0x0000433e       0x18 _build/nrf52840_xxaa/app_usbd.c.o
 .text.app_usbd_class_iface_ep_get
                0x00004356       0x38 _build/nrf52840_xxaa/app_usbd.c.o
 .text.app_usbd_class_ep_address_get
                0x0000438e       0x18 _build/nrf52840_xxaa/app_usbd.c.o
 .text.app_usbd_class_data_access
                0x000043a6       0x18 _build/nrf52840_xxaa/app_usbd.c.o
 .text.app_usbd_class_next_get
                0x000043be       0x1a _build/nrf52840_xxaa/app_usbd.c.o
 .text.app_usbd_class_sof_next_get
                0x000043d8       0x1a _build/nrf52840_xxaa/app_usbd.c.o
 .text.app_usbd_class_sof_interrupt_next_get
                0x000043f2       0x1a _build/nrf52840_xxaa/app_usbd.c.o
 .text.app_usbd_core_instance_access
                0x0000440c       0x14 _build/nrf52840_xxaa/app_usbd.c.o
 .text.nrf_power_usbregstatus_get
                0x00004420       0x16 _build/nrf52840_xxaa/app_usbd.c.o
 .text.nrf_power_usbregstatus_vbusdet_get
                0x00004436       0x1c _build/nrf52840_xxaa/app_usbd.c.o
 .text.nrf_power_usbregstatus_outrdy_get
                0x00004452       0x1c _build/nrf52840_xxaa/app_usbd.c.o
 .text.class_event_handler
                0x0000446e       0x20 _build/nrf52840_xxaa/app_usbd.c.o
 .text.class_sof_interrupt_handler
                0x0000448e       0x20 _build/nrf52840_xxaa/app_usbd.c.o
 *fill*         0x000044ae        0x2 
 .text.user_event_handler
                0x000044b0       0x2c _build/nrf52840_xxaa/app_usbd.c.o
 .text.user_event_state_proc
                0x000044dc       0x28 _build/nrf52840_xxaa/app_usbd.c.o
 .text.app_usbd_class_descriptor_find
                0x00004504      0x102 _build/nrf52840_xxaa/app_usbd.c.o
                0x00004504                app_usbd_class_descriptor_find
 *fill*         0x00004606        0x2 
 .text.app_usbd_ep_conf_access
                0x00004608       0x48 _build/nrf52840_xxaa/app_usbd.c.o
 .text.app_usbd_ep_instance_get
                0x00004650       0x1e _build/nrf52840_xxaa/app_usbd.c.o
 .text.app_usbd_ep_instance_set
                0x0000466e       0x3c _build/nrf52840_xxaa/app_usbd.c.o
 *fill*         0x000046aa        0x2 
 .text.app_usbd_core_handler_call
                0x000046ac       0x24 _build/nrf52840_xxaa/app_usbd.c.o
 .text.app_usbd_event_add
                0x000046d0      0x11c _build/nrf52840_xxaa/app_usbd.c.o
 .text.app_usbd_power_event_handler
                0x000047ec       0x48 _build/nrf52840_xxaa/app_usbd.c.o
 .text.app_usbd_event_handler
                0x00004834       0x16 _build/nrf52840_xxaa/app_usbd.c.o
 *fill*         0x0000484a        0x2 
 .text.app_usbd_hfclk_ready
                0x0000484c       0x1c _build/nrf52840_xxaa/app_usbd.c.o
 .text.app_usbd_sustate_with_requested_hfclk
                0x00004868       0x70 _build/nrf52840_xxaa/app_usbd.c.o
 .text.app_usbd_sustate_with_running_hfclk
                0x000048d8       0x70 _build/nrf52840_xxaa/app_usbd.c.o
 .text.sustate_get
                0x00004948       0x18 _build/nrf52840_xxaa/app_usbd.c.o
 .text.sustate_set
                0x00004960       0x8c _build/nrf52840_xxaa/app_usbd.c.o
 .text.default_iface_select
                0x000049ec       0x64 _build/nrf52840_xxaa/app_usbd.c.o
 .text.default_iface_deselect
                0x00004a50       0x54 _build/nrf52840_xxaa/app_usbd.c.o
 .text.app_usbd_init
                0x00004aa4      0x134 _build/nrf52840_xxaa/app_usbd.c.o
                0x00004aa4                app_usbd_init
 .text.app_usbd_power_events_enable
                0x00004bd8       0x4c _build/nrf52840_xxaa/app_usbd.c.o
                0x00004bd8                app_usbd_power_events_enable
 .text.app_usbd_enable
                0x00004c24        0xc _build/nrf52840_xxaa/app_usbd.c.o
                0x00004c24                app_usbd_enable
 .text.app_usbd_disable
                0x00004c30        0xc _build/nrf52840_xxaa/app_usbd.c.o
                0x00004c30                app_usbd_disable
 .text.app_usbd_start
                0x00004c3c       0x38 _build/nrf52840_xxaa/app_usbd.c.o
                0x00004c3c                app_usbd_start
 .text.app_usbd_stop
                0x00004c74       0x1a _build/nrf52840_xxaa/app_usbd.c.o
                0x00004c74                app_usbd_stop
 *fill*         0x00004c8e        0x2 
 .text.app_usbd_event_execute
                0x00004c90      0x4d4 _build/nrf52840_xxaa/app_usbd.c.o
                0x00004c90                app_usbd_event_execute
 .text.app_usbd_event_queue_process
                0x00005164       0xf4 _build/nrf52840_xxaa/app_usbd.c.o
                0x00005164                app_usbd_event_queue_process
 .text.app_usbd_class_append
                0x00005258       0xe0 _build/nrf52840_xxaa/app_usbd.c.o
                0x00005258                app_usbd_class_append
 .text.app_usbd_class_rwu_enabled_check
                0x00005338       0x20 _build/nrf52840_xxaa/app_usbd.c.o
                0x00005338                app_usbd_class_rwu_enabled_check
 .text.app_usbd_ep_enable
                0x00005358       0x34 _build/nrf52840_xxaa/app_usbd.c.o
                0x00005358                app_usbd_ep_enable
 .text.app_usbd_ep_disable
                0x0000538c       0x1a _build/nrf52840_xxaa/app_usbd.c.o
                0x0000538c                app_usbd_ep_disable
 *fill*         0x000053a6        0x2 
 .text.app_usbd_class_first_get
                0x000053a8       0x18 _build/nrf52840_xxaa/app_usbd.c.o
                0x000053a8                app_usbd_class_first_get
 .text.app_usbd_class_sof_first_get
                0x000053c0       0x18 _build/nrf52840_xxaa/app_usbd.c.o
                0x000053c0                app_usbd_class_sof_first_get
 .text.app_usbd_class_sof_interrupt_first_get
                0x000053d8       0x18 _build/nrf52840_xxaa/app_usbd.c.o
                0x000053d8                app_usbd_class_sof_interrupt_first_get
 .text.app_usbd_iface_find
                0x000053f0       0x76 _build/nrf52840_xxaa/app_usbd.c.o
                0x000053f0                app_usbd_iface_find
 .text.app_usbd_iface_call
                0x00005466       0x20 _build/nrf52840_xxaa/app_usbd.c.o
                0x00005466                app_usbd_iface_call
 .text.app_usbd_ep_call
                0x00005486       0x5a _build/nrf52840_xxaa/app_usbd.c.o
                0x00005486                app_usbd_ep_call
 .text.app_usbd_all_call
                0x000054e0       0x2e _build/nrf52840_xxaa/app_usbd.c.o
                0x000054e0                app_usbd_all_call
 .text.app_usbd_all_until_served_call
                0x0000550e       0x40 _build/nrf52840_xxaa/app_usbd.c.o
                0x0000550e                app_usbd_all_until_served_call
 *fill*         0x0000554e        0x2 
 .text.app_usbd_ep_transfer
                0x00005550       0x48 _build/nrf52840_xxaa/app_usbd.c.o
                0x00005550                app_usbd_ep_transfer
 .text.app_usbd_ep_handled_transfer
                0x00005598       0x48 _build/nrf52840_xxaa/app_usbd.c.o
                0x00005598                app_usbd_ep_handled_transfer
 .text.app_usbd_iface_select
                0x000055e0       0x4c _build/nrf52840_xxaa/app_usbd.c.o
                0x000055e0                app_usbd_iface_select
 .text.app_usbd_iface_deselect
                0x0000562c       0x36 _build/nrf52840_xxaa/app_usbd.c.o
                0x0000562c                app_usbd_iface_deselect
 .text.app_usbd_iface_selection_get
                0x00005662       0x36 _build/nrf52840_xxaa/app_usbd.c.o
                0x00005662                app_usbd_iface_selection_get
 .text.app_usbd_all_iface_select_0
                0x00005698       0x50 _build/nrf52840_xxaa/app_usbd.c.o
                0x00005698                app_usbd_all_iface_select_0
 .text.app_usbd_all_iface_deselect
                0x000056e8       0x4c _build/nrf52840_xxaa/app_usbd.c.o
                0x000056e8                app_usbd_all_iface_deselect
 .text.app_usbd_setup_req_rec
                0x00005734       0x1e _build/nrf52840_xxaa/app_usbd_cdc_acm.c.o
 .text.app_usbd_setup_req_typ
                0x00005752       0x20 _build/nrf52840_xxaa/app_usbd_cdc_acm.c.o
 .text.app_usbd_setup_req_dir
                0x00005772       0x1c _build/nrf52840_xxaa/app_usbd_cdc_acm.c.o
 .text.app_usbd_class_iface_count_get
                0x0000578e       0x18 _build/nrf52840_xxaa/app_usbd_cdc_acm.c.o
 .text.app_usbd_class_iface_get
                0x000057a6       0x3a _build/nrf52840_xxaa/app_usbd_cdc_acm.c.o
 .text.app_usbd_class_iface_number_get
                0x000057e0       0x18 _build/nrf52840_xxaa/app_usbd_cdc_acm.c.o
 .text.app_usbd_class_iface_ep_count_get
                0x000057f8       0x18 _build/nrf52840_xxaa/app_usbd_cdc_acm.c.o
 .text.app_usbd_class_iface_ep_get
                0x00005810       0x38 _build/nrf52840_xxaa/app_usbd_cdc_acm.c.o
 .text.app_usbd_class_ep_address_get
                0x00005848       0x18 _build/nrf52840_xxaa/app_usbd_cdc_acm.c.o
 .text.app_usbd_cdc_acm_class_inst_get
                0x00005860       0x16 _build/nrf52840_xxaa/app_usbd_cdc_acm.c.o
 .text.cdc_acm_get
                0x00005876       0x16 _build/nrf52840_xxaa/app_usbd_cdc_acm.c.o
 .text.cdc_acm_ctx_get
                0x0000588c       0x1a _build/nrf52840_xxaa/app_usbd_cdc_acm.c.o
 .text.user_event_handler
                0x000058a6       0x30 _build/nrf52840_xxaa/app_usbd_cdc_acm.c.o
 .text.comm_ep_in_addr_get
                0x000058d6       0x2c _build/nrf52840_xxaa/app_usbd_cdc_acm.c.o
 .text.data_ep_in_addr_get
                0x00005902       0x2c _build/nrf52840_xxaa/app_usbd_cdc_acm.c.o
 .text.data_ep_out_addr_get
                0x0000592e       0x2c _build/nrf52840_xxaa/app_usbd_cdc_acm.c.o
 .text.setup_req_std_in
                0x0000595a       0x6c _build/nrf52840_xxaa/app_usbd_cdc_acm.c.o
 .text.setup_req_std_out
                0x000059c6       0x1a _build/nrf52840_xxaa/app_usbd_cdc_acm.c.o
 .text.setup_req_class_in
                0x000059e0       0x52 _build/nrf52840_xxaa/app_usbd_cdc_acm.c.o
 .text.cdc_acm_req_out_data_cb
                0x00005a32       0x4c _build/nrf52840_xxaa/app_usbd_cdc_acm.c.o
 *fill*         0x00005a7e        0x2 
 .text.cdc_acm_req_out_datastage
                0x00005a80       0x84 _build/nrf52840_xxaa/app_usbd_cdc_acm.c.o
 .text.cdc_acm_reset_port
                0x00005b04       0x54 _build/nrf52840_xxaa/app_usbd_cdc_acm.c.o
 .text.setup_req_class_out
                0x00005b58      0x114 _build/nrf52840_xxaa/app_usbd_cdc_acm.c.o
 .text.setup_event_handler
                0x00005c6c       0x80 _build/nrf52840_xxaa/app_usbd_cdc_acm.c.o
 .text.cdc_acm_consumer
                0x00005cec       0x7c _build/nrf52840_xxaa/app_usbd_cdc_acm.c.o
 .text.cdc_acm_single_shoot_consumer
                0x00005d68       0x56 _build/nrf52840_xxaa/app_usbd_cdc_acm.c.o
 *fill*         0x00005dbe        0x2 
 .text.cdc_acm_rx_block_finished
                0x00005dc0      0x1d8 _build/nrf52840_xxaa/app_usbd_cdc_acm.c.o
 .text.cdc_acm_endpoint_ev
                0x00005f98       0x8c _build/nrf52840_xxaa/app_usbd_cdc_acm.c.o
 .text.cdc_acm_event_handler
                0x00006024       0x94 _build/nrf52840_xxaa/app_usbd_cdc_acm.c.o
 .text.cdc_acm_feed_descriptors
                0x000060b8      0xdc8 _build/nrf52840_xxaa/app_usbd_cdc_acm.c.o
 .text.app_usbd_cdc_acm_write
                0x00006e80       0x9e _build/nrf52840_xxaa/app_usbd_cdc_acm.c.o
                0x00006e80                app_usbd_cdc_acm_write
 .text.app_usbd_cdc_acm_rx_size
                0x00006f1e       0x1c _build/nrf52840_xxaa/app_usbd_cdc_acm.c.o
                0x00006f1e                app_usbd_cdc_acm_rx_size
 *fill*         0x00006f3a        0x2 
 .text.app_usbd_cdc_acm_read_any
                0x00006f3c       0xc8 _build/nrf52840_xxaa/app_usbd_cdc_acm.c.o
                0x00006f3c                app_usbd_cdc_acm_read_any
 .text.nrf_usbd_getRegPtr
                0x00007004       0x1e _build/nrf52840_xxaa/app_usbd_core.c.o
 .text.nrf_usbd_task_trigger
                0x00007022       0x28 _build/nrf52840_xxaa/app_usbd_core.c.o
 *fill*         0x0000704a        0x2 
 .text.nrf_drv_usbd_errata_type_52840
                0x0000704c       0x20 _build/nrf52840_xxaa/app_usbd_core.c.o
 .text.nrf_drv_usbd_errata_type_52840_eng_a
                0x0000706c       0x2c _build/nrf52840_xxaa/app_usbd_core.c.o
 .text.nrf_drv_usbd_errata_154
                0x00007098        0xe _build/nrf52840_xxaa/app_usbd_core.c.o
 .text.app_usbd_setup_req_rec
                0x000070a6       0x1e _build/nrf52840_xxaa/app_usbd_core.c.o
 .text.app_usbd_setup_req_typ
                0x000070c4       0x20 _build/nrf52840_xxaa/app_usbd_core.c.o
 .text.app_usbd_setup_req_dir
                0x000070e4       0x1c _build/nrf52840_xxaa/app_usbd_core.c.o
 .text.app_usbd_class_iface_count_get
                0x00007100       0x18 _build/nrf52840_xxaa/app_usbd_core.c.o
 .text.app_usbd_class_data_access
                0x00007118       0x18 _build/nrf52840_xxaa/app_usbd_core.c.o
 .text.app_usbd_class_next_get
                0x00007130       0x1a _build/nrf52840_xxaa/app_usbd_core.c.o
 .text.app_usbd_string_desc_length
                0x0000714a       0x18 _build/nrf52840_xxaa/app_usbd_core.c.o
 *fill*         0x00007162        0x2 
 .text.usbd_core_state_set
                0x00007164       0x48 _build/nrf52840_xxaa/app_usbd_core.c.o
 .text.usbd_core_state_get
                0x000071ac       0x18 _build/nrf52840_xxaa/app_usbd_core.c.o
 .text.usbd_core_power_is_detected
                0x000071c4       0x24 _build/nrf52840_xxaa/app_usbd_core.c.o
 .text.usbd_core_ep0_handler_clear
                0x000071e8       0x18 _build/nrf52840_xxaa/app_usbd_core.c.o
 .text.usbd_core_ep0_handler_call_and_clear
                0x00007200       0x38 _build/nrf52840_xxaa/app_usbd_core.c.o
 .text.usb_core_ep0_handler_check
                0x00007238       0x20 _build/nrf52840_xxaa/app_usbd_core.c.o
 .text.setup_data_handler_empty
                0x00007258       0x1a _build/nrf52840_xxaa/app_usbd_core.c.o
 .text.usbd_descriptor_conf_feeder
                0x00007272      0x19e _build/nrf52840_xxaa/app_usbd_core.c.o
 .text.setup_endpoint_req_std
                0x00007410      0x102 _build/nrf52840_xxaa/app_usbd_core.c.o
 .text.setup_interface_req_std_handle
                0x00007512       0xfc _build/nrf52840_xxaa/app_usbd_core.c.o
 *fill*         0x0000760e        0x2 
 .text.setup_device_req_get_status
                0x00007610       0x74 _build/nrf52840_xxaa/app_usbd_core.c.o
 .text.setup_device_req_get_descriptor
                0x00007684      0x1cc _build/nrf52840_xxaa/app_usbd_core.c.o
 .text.setup_device_req_get_configuration
                0x00007850       0x56 _build/nrf52840_xxaa/app_usbd_core.c.o
 .text.setup_device_req_set_configuration
                0x000078a6       0x58 _build/nrf52840_xxaa/app_usbd_core.c.o
 *fill*         0x000078fe        0x2 
 .text.setup_device_req_std_handler
                0x00007900      0x124 _build/nrf52840_xxaa/app_usbd_core.c.o
 .text.app_usbd_core_setup_req_handler
                0x00007a24      0x140 _build/nrf52840_xxaa/app_usbd_core.c.o
 .text.app_usbd_core_event_handler
                0x00007b64      0x138 _build/nrf52840_xxaa/app_usbd_core.c.o
 .text.app_usbd_core_ep0_enable
                0x00007c9c       0x14 _build/nrf52840_xxaa/app_usbd_core.c.o
                0x00007c9c                app_usbd_core_ep0_enable
 .text.app_usbd_core_ep0_disable
                0x00007cb0       0x14 _build/nrf52840_xxaa/app_usbd_core.c.o
                0x00007cb0                app_usbd_core_ep0_disable
 .text.app_usbd_core_setup_rsp
                0x00007cc4       0xa0 _build/nrf52840_xxaa/app_usbd_core.c.o
                0x00007cc4                app_usbd_core_setup_rsp
 .text.app_usbd_core_setup_data_handler_set
                0x00007d64       0x38 _build/nrf52840_xxaa/app_usbd_core.c.o
                0x00007d64                app_usbd_core_setup_data_handler_set
 .text.app_usbd_core_setup_transfer_buff_get
                0x00007d9c       0x28 _build/nrf52840_xxaa/app_usbd_core.c.o
                0x00007d9c                app_usbd_core_setup_transfer_buff_get
 .text.string_create
                0x00007dc4       0x40 _build/nrf52840_xxaa/app_usbd_serial_num.c.o
 .text.app_usbd_serial_num_generate
                0x00007e04       0x4c _build/nrf52840_xxaa/app_usbd_serial_num.c.o
                0x00007e04                app_usbd_serial_num_generate
 .text.app_usbd_prepare_string
                0x00007e50       0x9c _build/nrf52840_xxaa/app_usbd_string_desc.c.o
 .text.app_usbd_string_desc_get
                0x00007eec       0x78 _build/nrf52840_xxaa/app_usbd_string_desc.c.o
                0x00007eec                app_usbd_string_desc_get
 .text.app_error_handler_bare
                0x00007f64       0x2c _build/nrf52840_xxaa/app_error.c.o
                0x00007f64                app_error_handler_bare
 .text.NVIC_SystemReset
                0x00007f90       0x28 _build/nrf52840_xxaa/app_error_weak.c.o
 .text.app_error_fault_handler
                0x00007fb8       0x78 _build/nrf52840_xxaa/app_error_weak.c.o
                0x00007fb8                app_error_fault_handler
 .text.app_util_disable_irq
                0x00008030       0x20 _build/nrf52840_xxaa/app_util_platform.c.o
                0x00008030                app_util_disable_irq
 .text.app_util_enable_irq
                0x00008050       0x28 _build/nrf52840_xxaa/app_util_platform.c.o
                0x00008050                app_util_enable_irq
 .text.app_util_critical_region_enter
                0x00008078       0x14 _build/nrf52840_xxaa/app_util_platform.c.o
                0x00008078                app_util_critical_region_enter
 .text.app_util_critical_region_exit
                0x0000808c       0x16 _build/nrf52840_xxaa/app_util_platform.c.o
                0x0000808c                app_util_critical_region_exit
 *fill*         0x000080a2        0x2 
 .text.NVIC_EnableIRQ
                0x000080a4       0x34 _build/nrf52840_xxaa/nrf_esb.c.o
 .text.NVIC_DisableIRQ
                0x000080d8       0x34 _build/nrf52840_xxaa/nrf_esb.c.o
 .text.NVIC_SetPendingIRQ
                0x0000810c       0x34 _build/nrf52840_xxaa/nrf_esb.c.o
 .text.NVIC_ClearPendingIRQ
                0x00008140       0x34 _build/nrf52840_xxaa/nrf_esb.c.o
 .text.NVIC_SetPriority
                0x00008174       0x54 _build/nrf52840_xxaa/nrf_esb.c.o
 .text.bytewise_bit_swap
                0x000081c8       0x30 _build/nrf52840_xxaa/nrf_esb.c.o
 .text.addr_conv
                0x000081f8       0x20 _build/nrf52840_xxaa/nrf_esb.c.o
 .text.update_rf_payload_format_esb_dpl
                0x00008218       0x38 _build/nrf52840_xxaa/nrf_esb.c.o
 .text.update_radio_addresses
                0x00008250       0x7c _build/nrf52840_xxaa/nrf_esb.c.o
 .text.update_radio_tx_power
                0x000082cc       0x20 _build/nrf52840_xxaa/nrf_esb.c.o
 .text.update_radio_bitrate
                0x000082ec       0x64 _build/nrf52840_xxaa/nrf_esb.c.o
 .text.update_radio_crc
                0x00008350       0x68 _build/nrf52840_xxaa/nrf_esb.c.o
 .text.update_radio_parameters
                0x000083b8       0x68 _build/nrf52840_xxaa/nrf_esb.c.o
 .text.reset_fifos
                0x00008420       0x40 _build/nrf52840_xxaa/nrf_esb.c.o
 .text.initialize_fifos
                0x00008460       0x78 _build/nrf52840_xxaa/nrf_esb.c.o
 .text.tx_fifo_remove_last
                0x000084d8       0x44 _build/nrf52840_xxaa/nrf_esb.c.o
 .text.rx_fifo_push_rfbuf
                0x0000851c       0xb4 _build/nrf52840_xxaa/nrf_esb.c.o
 .text.sys_timer_init
                0x000085d0       0x2c _build/nrf52840_xxaa/nrf_esb.c.o
 .text.ppi_init
                0x000085fc       0x74 _build/nrf52840_xxaa/nrf_esb.c.o
 .text.start_tx_transaction
                0x00008670       0xd0 _build/nrf52840_xxaa/nrf_esb.c.o
 .text.on_radio_disabled_tx_noack
                0x00008740       0x44 _build/nrf52840_xxaa/nrf_esb.c.o
 .text.clear_events_restart_rx
                0x00008784       0x60 _build/nrf52840_xxaa/nrf_esb.c.o
 .text.on_radio_disabled_rx
                0x000087e4       0x5c _build/nrf52840_xxaa/nrf_esb.c.o
 .text.nrf_esb_get_clear_interrupts
                0x00008840       0x50 _build/nrf52840_xxaa/nrf_esb.c.o
 .text.RADIO_IRQHandler
                0x00008890       0x90 _build/nrf52840_xxaa/nrf_esb.c.o
                0x00008890                RADIO_IRQHandler
 .text.nrf_esb_init
                0x00008920       0xe4 _build/nrf52840_xxaa/nrf_esb.c.o
                0x00008920                nrf_esb_init
 .text.nrf_esb_disable
                0x00008a04       0x38 _build/nrf52840_xxaa/nrf_esb.c.o
                0x00008a04                nrf_esb_disable
 .text.SWI0_EGU0_IRQHandler
                0x00008a3c       0x80 _build/nrf52840_xxaa/nrf_esb.c.o
                0x00008a3c                SWI0_EGU0_IRQHandler
 .text.nrf_esb_write_payload
                0x00008abc       0xd4 _build/nrf52840_xxaa/nrf_esb.c.o
                0x00008abc                nrf_esb_write_payload
 .text.nrf_esb_read_rx_payload
                0x00008b90       0xb8 _build/nrf52840_xxaa/nrf_esb.c.o
                0x00008b90                nrf_esb_read_rx_payload
 .text.nrf_esb_start_rx
                0x00008c48       0xac _build/nrf52840_xxaa/nrf_esb.c.o
                0x00008c48                nrf_esb_start_rx
 .text.nrf_esb_stop_rx
                0x00008cf4       0x64 _build/nrf52840_xxaa/nrf_esb.c.o
                0x00008cf4                nrf_esb_stop_rx
 .text.nrf_esb_flush_tx
                0x00008d58       0x44 _build/nrf52840_xxaa/nrf_esb.c.o
                0x00008d58                nrf_esb_flush_tx
 .text.nrf_esb_set_base_address_0
                0x00008d9c       0x40 _build/nrf52840_xxaa/nrf_esb.c.o
                0x00008d9c                nrf_esb_set_base_address_0
 .text.nrf_esb_set_base_address_1
                0x00008ddc       0x40 _build/nrf52840_xxaa/nrf_esb.c.o
                0x00008ddc                nrf_esb_set_base_address_1
 .text.nrf_esb_set_prefixes
                0x00008e1c       0x6c _build/nrf52840_xxaa/nrf_esb.c.o
                0x00008e1c                nrf_esb_set_prefixes
 .text.nrf_esb_set_rf_channel
                0x00008e88       0x3c _build/nrf52840_xxaa/nrf_esb.c.o
                0x00008e88                nrf_esb_set_rf_channel
 .text.NVIC_EnableIRQ
                0x00008ec4       0x34 _build/nrf52840_xxaa/nrf_drv_usbd.c.o
 .text.NVIC_DisableIRQ
                0x00008ef8       0x34 _build/nrf52840_xxaa/nrf_drv_usbd.c.o
 .text.NVIC_SetPendingIRQ
                0x00008f2c       0x34 _build/nrf52840_xxaa/nrf_drv_usbd.c.o
 .text.NVIC_ClearPendingIRQ
                0x00008f60       0x34 _build/nrf52840_xxaa/nrf_drv_usbd.c.o
 .text.NVIC_SetPriority
                0x00008f94       0x54 _build/nrf52840_xxaa/nrf_drv_usbd.c.o
 .text.nrfx_is_in_ram
                0x00008fe8       0x26 _build/nrf52840_xxaa/nrf_drv_usbd.c.o
 *fill*         0x0000900e        0x2 
 .text.nrfx_bitpos_to_event
                0x00009010       0x24 _build/nrf52840_xxaa/nrf_drv_usbd.c.o
 .text._NRFX_IRQ_PRIORITY_SET
                0x00009034       0x26 _build/nrf52840_xxaa/nrf_drv_usbd.c.o
 .text._NRFX_IRQ_ENABLE
                0x0000905a       0x26 _build/nrf52840_xxaa/nrf_drv_usbd.c.o
 .text._NRFX_IRQ_IS_ENABLED
                0x00009080       0x54 _build/nrf52840_xxaa/nrf_drv_usbd.c.o
 .text._NRFX_IRQ_DISABLE
                0x000090d4       0x1c _build/nrf52840_xxaa/nrf_drv_usbd.c.o
 .text.nrfx_coredep_delay_us
                0x000090f0       0x30 _build/nrf52840_xxaa/nrf_drv_usbd.c.o
 .text.nrf_usbd_getRegPtr
                0x00009120       0x1e _build/nrf52840_xxaa/nrf_drv_usbd.c.o
 .text.nrf_usbd_getRegPtr_c
                0x0000913e       0x1e _build/nrf52840_xxaa/nrf_drv_usbd.c.o
 .text.nrf_usbd_task_trigger
                0x0000915c       0x28 _build/nrf52840_xxaa/nrf_drv_usbd.c.o
 .text.nrf_usbd_event_clear
                0x00009184       0x28 _build/nrf52840_xxaa/nrf_drv_usbd.c.o
 .text.nrf_usbd_event_check
                0x000091ac       0x28 _build/nrf52840_xxaa/nrf_drv_usbd.c.o
 .text.nrf_usbd_event_get_and_clear
                0x000091d4       0x2e _build/nrf52840_xxaa/nrf_drv_usbd.c.o
 *fill*         0x00009202        0x2 
 .text.nrf_usbd_int_enable
                0x00009204       0x20 _build/nrf52840_xxaa/nrf_drv_usbd.c.o
 .text.nrf_usbd_int_enable_get
                0x00009224       0x18 _build/nrf52840_xxaa/nrf_drv_usbd.c.o
 .text.nrf_usbd_int_disable
                0x0000923c       0x20 _build/nrf52840_xxaa/nrf_drv_usbd.c.o
 .text.nrf_usbd_enable
                0x0000925c       0x24 _build/nrf52840_xxaa/nrf_drv_usbd.c.o
 .text.nrf_usbd_disable
                0x00009280       0x24 _build/nrf52840_xxaa/nrf_drv_usbd.c.o
 .text.nrf_usbd_eventcause_get
                0x000092a4       0x18 _build/nrf52840_xxaa/nrf_drv_usbd.c.o
 .text.nrf_usbd_eventcause_clear
                0x000092bc       0x28 _build/nrf52840_xxaa/nrf_drv_usbd.c.o
 .text.nrf_usbd_eventcause_get_and_clear
                0x000092e4       0x24 _build/nrf52840_xxaa/nrf_drv_usbd.c.o
 .text.nrf_usbd_haltedep
                0x00009308       0x48 _build/nrf52840_xxaa/nrf_drv_usbd.c.o
 .text.nrf_usbd_ep_is_stall
                0x00009350       0x34 _build/nrf52840_xxaa/nrf_drv_usbd.c.o
 .text.nrf_usbd_epdatastatus_get
                0x00009384       0x18 _build/nrf52840_xxaa/nrf_drv_usbd.c.o
 .text.nrf_usbd_epdatastatus_clear
                0x0000939c       0x28 _build/nrf52840_xxaa/nrf_drv_usbd.c.o
 .text.nrf_usbd_epdatastatus_get_and_clear
                0x000093c4       0x1c _build/nrf52840_xxaa/nrf_drv_usbd.c.o
 .text.nrf_usbd_setup_bmrequesttype_get
                0x000093e0       0x1c _build/nrf52840_xxaa/nrf_drv_usbd.c.o
 .text.nrf_usbd_setup_brequest_get
                0x000093fc       0x1c _build/nrf52840_xxaa/nrf_drv_usbd.c.o
 .text.nrf_usbd_setup_wvalue_get
                0x00009418       0x30 _build/nrf52840_xxaa/nrf_drv_usbd.c.o
 .text.nrf_usbd_setup_windex_get
                0x00009448       0x30 _build/nrf52840_xxaa/nrf_drv_usbd.c.o
 .text.nrf_usbd_setup_wlength_get
                0x00009478       0x30 _build/nrf52840_xxaa/nrf_drv_usbd.c.o
 .text.nrf_usbd_epout_size_get
                0x000094a8       0x50 _build/nrf52840_xxaa/nrf_drv_usbd.c.o
 .text.nrf_usbd_episoout_size_get
                0x000094f8       0x40 _build/nrf52840_xxaa/nrf_drv_usbd.c.o
 .text.nrf_usbd_epout_clear
                0x00009538       0x34 _build/nrf52840_xxaa/nrf_drv_usbd.c.o
 .text.nrf_usbd_pullup_enable
                0x0000956c       0x24 _build/nrf52840_xxaa/nrf_drv_usbd.c.o
 .text.nrf_usbd_pullup_disable
                0x00009590       0x24 _build/nrf52840_xxaa/nrf_drv_usbd.c.o
 .text.nrf_usbd_dpdmvalue_set
                0x000095b4       0x24 _build/nrf52840_xxaa/nrf_drv_usbd.c.o
 .text.nrf_usbd_dtoggle_set
                0x000095d8       0x44 _build/nrf52840_xxaa/nrf_drv_usbd.c.o
 .text.nrf_usbd_ep_enable_check
                0x0000961c       0x60 _build/nrf52840_xxaa/nrf_drv_usbd.c.o
 .text.nrf_usbd_ep_enable
                0x0000967c       0x60 _build/nrf52840_xxaa/nrf_drv_usbd.c.o
 .text.nrf_usbd_ep_disable
                0x000096dc       0x64 _build/nrf52840_xxaa/nrf_drv_usbd.c.o
 .text.nrf_usbd_ep_stall
                0x00009740       0x30 _build/nrf52840_xxaa/nrf_drv_usbd.c.o
 .text.nrf_usbd_ep_unstall
                0x00009770       0x2c _build/nrf52840_xxaa/nrf_drv_usbd.c.o
 .text.nrf_usbd_isosplit_set
                0x0000979c       0x24 _build/nrf52840_xxaa/nrf_drv_usbd.c.o
 .text.nrf_usbd_framecntr_get
                0x000097c0       0x18 _build/nrf52840_xxaa/nrf_drv_usbd.c.o
 .text.nrf_usbd_lowpower_enable
                0x000097d8       0x1c _build/nrf52840_xxaa/nrf_drv_usbd.c.o
 .text.nrf_usbd_lowpower_disable
                0x000097f4       0x1c _build/nrf52840_xxaa/nrf_drv_usbd.c.o
 .text.nrf_usbd_lowpower_check
                0x00009810       0x24 _build/nrf52840_xxaa/nrf_drv_usbd.c.o
 .text.nrf_usbd_isoinconfig_set
                0x00009834       0x24 _build/nrf52840_xxaa/nrf_drv_usbd.c.o
 .text.nrf_usbd_ep_easydma_set
                0x00009858       0xc8 _build/nrf52840_xxaa/nrf_drv_usbd.c.o
 .text.nrf_drv_usbd_errata_type_52840
                0x00009920       0x20 _build/nrf52840_xxaa/nrf_drv_usbd.c.o
 .text.nrf_drv_usbd_errata_type_52840_eng_a
                0x00009940       0x2c _build/nrf52840_xxaa/nrf_drv_usbd.c.o
 .text.nrf_drv_usbd_errata_type_52840_eng_b
                0x0000996c       0x2c _build/nrf52840_xxaa/nrf_drv_usbd.c.o
 .text.nrf_drv_usbd_errata_type_52840_eng_c
                0x00009998       0x2c _build/nrf52840_xxaa/nrf_drv_usbd.c.o
 .text.nrf_drv_usbd_errata_type_52840_eng_d
                0x000099c4       0x2c _build/nrf52840_xxaa/nrf_drv_usbd.c.o
 .text.nrf_drv_usbd_errata_104
                0x000099f0        0xe _build/nrf52840_xxaa/nrf_drv_usbd.c.o
 .text.nrf_drv_usbd_errata_166
                0x000099fe       0x10 _build/nrf52840_xxaa/nrf_drv_usbd.c.o
 .text.nrf_drv_usbd_errata_171
                0x00009a0e       0x10 _build/nrf52840_xxaa/nrf_drv_usbd.c.o
 .text.nrf_drv_usbd_errata_187
                0x00009a1e       0x32 _build/nrf52840_xxaa/nrf_drv_usbd.c.o
 .text.nrf_drv_usb_errata_199
                0x00009a50       0x10 _build/nrf52840_xxaa/nrf_drv_usbd.c.o
 .text.nrf_drv_usbd_errata_200
                0x00009a60        0xe _build/nrf52840_xxaa/nrf_drv_usbd.c.o
 *fill*         0x00009a6e        0x2 
 .text.nrf_drv_usbd_ep_to_endevent
                0x00009a70       0x38 _build/nrf52840_xxaa/nrf_drv_usbd.c.o
 .text.nrf_drv_usbd_ep_to_int
                0x00009aa8       0x3c _build/nrf52840_xxaa/nrf_drv_usbd.c.o
 .text.nrf_drv_usbd_consumer
                0x00009ae4       0x7e _build/nrf52840_xxaa/nrf_drv_usbd.c.o
                0x00009ae4                nrf_drv_usbd_consumer
 .text.nrf_drv_usbd_feeder_ram
                0x00009b62       0x62 _build/nrf52840_xxaa/nrf_drv_usbd.c.o
                0x00009b62                nrf_drv_usbd_feeder_ram
 .text.nrf_drv_usbd_feeder_ram_zlp
                0x00009bc4       0x6a _build/nrf52840_xxaa/nrf_drv_usbd.c.o
                0x00009bc4                nrf_drv_usbd_feeder_ram_zlp
 .text.nrf_drv_usbd_feeder_flash
                0x00009c2e       0x70 _build/nrf52840_xxaa/nrf_drv_usbd.c.o
                0x00009c2e                nrf_drv_usbd_feeder_flash
 .text.nrf_drv_usbd_feeder_flash_zlp
                0x00009c9e       0x7c _build/nrf52840_xxaa/nrf_drv_usbd.c.o
                0x00009c9e                nrf_drv_usbd_feeder_flash_zlp
 .text.ep_to_hal
                0x00009d1a       0x18 _build/nrf52840_xxaa/nrf_drv_usbd.c.o
 .text.task_start_ep
                0x00009d32       0x34 _build/nrf52840_xxaa/nrf_drv_usbd.c.o
 *fill*         0x00009d66        0x2 
 .text.ep_state_access
                0x00009d68       0x38 _build/nrf52840_xxaa/nrf_drv_usbd.c.o
 .text.ep2bit   0x00009da0       0x30 _build/nrf52840_xxaa/nrf_drv_usbd.c.o
 .text.bit2ep   0x00009dd0       0x2c _build/nrf52840_xxaa/nrf_drv_usbd.c.o
 .text.usbd_dma_pending_set
                0x00009dfc       0x28 _build/nrf52840_xxaa/nrf_drv_usbd.c.o
 .text.usbd_dma_pending_clear
                0x00009e24       0x28 _build/nrf52840_xxaa/nrf_drv_usbd.c.o
 .text.usbd_dma_start
                0x00009e4c       0x22 _build/nrf52840_xxaa/nrf_drv_usbd.c.o
 .text.nrf_drv_usbd_isoinconfig_set
                0x00009e6e       0x1a _build/nrf52840_xxaa/nrf_drv_usbd.c.o
                0x00009e6e                nrf_drv_usbd_isoinconfig_set
 .text.usbd_ep_abort
                0x00009e88      0x198 _build/nrf52840_xxaa/nrf_drv_usbd.c.o
 .text.nrf_drv_usbd_ep_abort
                0x0000a020       0x1a _build/nrf52840_xxaa/nrf_drv_usbd.c.o
                0x0000a020                nrf_drv_usbd_ep_abort
 *fill*         0x0000a03a        0x2 
 .text.usbd_ep_abort_all
                0x0000a03c       0x7c _build/nrf52840_xxaa/nrf_drv_usbd.c.o
 .text.usbd_int_rise
                0x0000a0b8        0xe _build/nrf52840_xxaa/nrf_drv_usbd.c.o
 *fill*         0x0000a0c6        0x2 
 .text.ev_usbreset_handler
                0x0000a0c8       0x38 _build/nrf52840_xxaa/nrf_drv_usbd.c.o
 .text.ev_started_handler
                0x0000a100        0xe _build/nrf52840_xxaa/nrf_drv_usbd.c.o
 *fill*         0x0000a10e        0x2 
 .text.nrf_usbd_ep0in_dma_handler
                0x0000a110       0x6c _build/nrf52840_xxaa/nrf_drv_usbd.c.o
 .text.nrf_usbd_epin_dma_handler
                0x0000a17c       0x6c _build/nrf52840_xxaa/nrf_drv_usbd.c.o
 .text.nrf_usbd_epiniso_dma_handler
                0x0000a1e8       0x88 _build/nrf52840_xxaa/nrf_drv_usbd.c.o
 .text.nrf_usbd_ep0out_dma_handler
                0x0000a270       0x8c _build/nrf52840_xxaa/nrf_drv_usbd.c.o
 .text.nrf_usbd_epout_dma_handler
                0x0000a2fc       0x8c _build/nrf52840_xxaa/nrf_drv_usbd.c.o
 .text.nrf_usbd_epoutiso_dma_handler
                0x0000a388       0x6c _build/nrf52840_xxaa/nrf_drv_usbd.c.o
 .text.ev_dma_epin0_handler
                0x0000a3f4        0xc _build/nrf52840_xxaa/nrf_drv_usbd.c.o
 .text.ev_dma_epin1_handler
                0x0000a400        0xe _build/nrf52840_xxaa/nrf_drv_usbd.c.o
 .text.ev_dma_epin2_handler
                0x0000a40e        0xe _build/nrf52840_xxaa/nrf_drv_usbd.c.o
 .text.ev_dma_epin3_handler
                0x0000a41c        0xe _build/nrf52840_xxaa/nrf_drv_usbd.c.o
 .text.ev_dma_epin4_handler
                0x0000a42a        0xe _build/nrf52840_xxaa/nrf_drv_usbd.c.o
 .text.ev_dma_epin5_handler
                0x0000a438        0xe _build/nrf52840_xxaa/nrf_drv_usbd.c.o
 .text.ev_dma_epin6_handler
                0x0000a446        0xe _build/nrf52840_xxaa/nrf_drv_usbd.c.o
 .text.ev_dma_epin7_handler
                0x0000a454        0xe _build/nrf52840_xxaa/nrf_drv_usbd.c.o
 .text.ev_dma_epin8_handler
                0x0000a462        0xe _build/nrf52840_xxaa/nrf_drv_usbd.c.o
 .text.ev_dma_epout0_handler
                0x0000a470        0xc _build/nrf52840_xxaa/nrf_drv_usbd.c.o
 .text.ev_dma_epout1_handler
                0x0000a47c        0xe _build/nrf52840_xxaa/nrf_drv_usbd.c.o
 .text.ev_dma_epout2_handler
                0x0000a48a        0xe _build/nrf52840_xxaa/nrf_drv_usbd.c.o
 .text.ev_dma_epout3_handler
                0x0000a498        0xe _build/nrf52840_xxaa/nrf_drv_usbd.c.o
 .text.ev_dma_epout4_handler
                0x0000a4a6        0xe _build/nrf52840_xxaa/nrf_drv_usbd.c.o
 .text.ev_dma_epout5_handler
                0x0000a4b4        0xe _build/nrf52840_xxaa/nrf_drv_usbd.c.o
 .text.ev_dma_epout6_handler
                0x0000a4c2        0xe _build/nrf52840_xxaa/nrf_drv_usbd.c.o
 .text.ev_dma_epout7_handler
                0x0000a4d0        0xe _build/nrf52840_xxaa/nrf_drv_usbd.c.o
 .text.ev_dma_epout8_handler
                0x0000a4de        0xe _build/nrf52840_xxaa/nrf_drv_usbd.c.o
 .text.ev_sof_handler
                0x0000a4ec       0x6c _build/nrf52840_xxaa/nrf_drv_usbd.c.o
 .text.usbd_ep_data_handler
                0x0000a558       0x90 _build/nrf52840_xxaa/nrf_drv_usbd.c.o
 .text.ev_setup_data_handler
                0x0000a5e8       0x24 _build/nrf52840_xxaa/nrf_drv_usbd.c.o
 .text.ev_setup_handler
                0x0000a60c       0xc0 _build/nrf52840_xxaa/nrf_drv_usbd.c.o
 .text.ev_usbevent_handler
                0x0000a6cc       0x9c _build/nrf52840_xxaa/nrf_drv_usbd.c.o
 .text.ev_epdata_handler
                0x0000a768       0x84 _build/nrf52840_xxaa/nrf_drv_usbd.c.o
 .text.usbd_dma_scheduler_algorithm
                0x0000a7ec       0x28 _build/nrf52840_xxaa/nrf_drv_usbd.c.o
 .text.usbd_dmareq_process
                0x0000a814      0x21c _build/nrf52840_xxaa/nrf_drv_usbd.c.o
 .text.USBD_IRQHandler
                0x0000aa30      0x274 _build/nrf52840_xxaa/nrf_drv_usbd.c.o
                0x0000aa30                USBD_IRQHandler
 .text.nrf_drv_usbd_init
                0x0000aca4       0xdc _build/nrf52840_xxaa/nrf_drv_usbd.c.o
                0x0000aca4                nrf_drv_usbd_init
 .text.nrf_drv_usbd_uninit
                0x0000ad80       0x30 _build/nrf52840_xxaa/nrf_drv_usbd.c.o
                0x0000ad80                nrf_drv_usbd_uninit
 .text.nrf_drv_usbd_enable
                0x0000adb0      0x150 _build/nrf52840_xxaa/nrf_drv_usbd.c.o
                0x0000adb0                nrf_drv_usbd_enable
 .text.nrf_drv_usbd_disable
                0x0000af00       0x70 _build/nrf52840_xxaa/nrf_drv_usbd.c.o
                0x0000af00                nrf_drv_usbd_disable
 .text.nrf_drv_usbd_start
                0x0000af70       0x54 _build/nrf52840_xxaa/nrf_drv_usbd.c.o
                0x0000af70                nrf_drv_usbd_start
 .text.nrf_drv_usbd_stop
                0x0000afc4       0x2a _build/nrf52840_xxaa/nrf_drv_usbd.c.o
                0x0000afc4                nrf_drv_usbd_stop
 *fill*         0x0000afee        0x2 
 .text.nrf_drv_usbd_is_initialized
                0x0000aff0       0x20 _build/nrf52840_xxaa/nrf_drv_usbd.c.o
                0x0000aff0                nrf_drv_usbd_is_initialized
 .text.nrf_drv_usbd_is_enabled
                0x0000b010       0x20 _build/nrf52840_xxaa/nrf_drv_usbd.c.o
                0x0000b010                nrf_drv_usbd_is_enabled
 .text.nrf_drv_usbd_suspend
                0x0000b030       0x94 _build/nrf52840_xxaa/nrf_drv_usbd.c.o
                0x0000b030                nrf_drv_usbd_suspend
 .text.nrf_drv_usbd_wakeup_req
                0x0000b0c4       0x78 _build/nrf52840_xxaa/nrf_drv_usbd.c.o
                0x0000b0c4                nrf_drv_usbd_wakeup_req
 .text.nrf_drv_usbd_suspend_irq_config
                0x0000b13c       0x14 _build/nrf52840_xxaa/nrf_drv_usbd.c.o
                0x0000b13c                nrf_drv_usbd_suspend_irq_config
 .text.nrf_drv_usbd_active_irq_config
                0x0000b150       0x14 _build/nrf52840_xxaa/nrf_drv_usbd.c.o
                0x0000b150                nrf_drv_usbd_active_irq_config
 .text.nrf_drv_usbd_force_bus_wakeup
                0x0000b164       0x18 _build/nrf52840_xxaa/nrf_drv_usbd.c.o
                0x0000b164                nrf_drv_usbd_force_bus_wakeup
 .text.nrf_drv_usbd_ep_max_packet_size_set
                0x0000b17c       0x28 _build/nrf52840_xxaa/nrf_drv_usbd.c.o
                0x0000b17c                nrf_drv_usbd_ep_max_packet_size_set
 .text.nrf_drv_usbd_ep_max_packet_size_get
                0x0000b1a4       0x20 _build/nrf52840_xxaa/nrf_drv_usbd.c.o
                0x0000b1a4                nrf_drv_usbd_ep_max_packet_size_get
 .text.nrf_drv_usbd_ep_enable_check
                0x0000b1c4       0x24 _build/nrf52840_xxaa/nrf_drv_usbd.c.o
                0x0000b1c4                nrf_drv_usbd_ep_enable_check
 .text.nrf_drv_usbd_ep_enable
                0x0000b1e8       0x94 _build/nrf52840_xxaa/nrf_drv_usbd.c.o
                0x0000b1e8                nrf_drv_usbd_ep_enable
 .text.nrf_drv_usbd_ep_disable
                0x0000b27c       0x3a _build/nrf52840_xxaa/nrf_drv_usbd.c.o
                0x0000b27c                nrf_drv_usbd_ep_disable
 *fill*         0x0000b2b6        0x2 
 .text.nrf_drv_usbd_ep_transfer
                0x0000b2b8      0x154 _build/nrf52840_xxaa/nrf_drv_usbd.c.o
                0x0000b2b8                nrf_drv_usbd_ep_transfer
 .text.nrf_drv_usbd_ep_handled_transfer
                0x0000b40c       0xb4 _build/nrf52840_xxaa/nrf_drv_usbd.c.o
                0x0000b40c                nrf_drv_usbd_ep_handled_transfer
 .text.nrf_drv_usbd_feeder_buffer_get
                0x0000b4c0       0x14 _build/nrf52840_xxaa/nrf_drv_usbd.c.o
                0x0000b4c0                nrf_drv_usbd_feeder_buffer_get
 .text.nrf_drv_usbd_epout_size_get
                0x0000b4d4       0x24 _build/nrf52840_xxaa/nrf_drv_usbd.c.o
                0x0000b4d4                nrf_drv_usbd_epout_size_get
 .text.nrf_drv_usbd_ep_stall
                0x0000b4f8       0x22 _build/nrf52840_xxaa/nrf_drv_usbd.c.o
                0x0000b4f8                nrf_drv_usbd_ep_stall
 .text.nrf_drv_usbd_ep_stall_clear
                0x0000b51a       0x40 _build/nrf52840_xxaa/nrf_drv_usbd.c.o
                0x0000b51a                nrf_drv_usbd_ep_stall_clear
 .text.nrf_drv_usbd_ep_stall_check
                0x0000b55a       0x24 _build/nrf52840_xxaa/nrf_drv_usbd.c.o
                0x0000b55a                nrf_drv_usbd_ep_stall_check
 .text.nrf_drv_usbd_ep_dtoggle_clear
                0x0000b57e       0x1c _build/nrf52840_xxaa/nrf_drv_usbd.c.o
                0x0000b57e                nrf_drv_usbd_ep_dtoggle_clear
 .text.nrf_drv_usbd_setup_get
                0x0000b59a       0x56 _build/nrf52840_xxaa/nrf_drv_usbd.c.o
                0x0000b59a                nrf_drv_usbd_setup_get
 .text.nrf_drv_usbd_setup_data_clear
                0x0000b5f0       0x42 _build/nrf52840_xxaa/nrf_drv_usbd.c.o
                0x0000b5f0                nrf_drv_usbd_setup_data_clear
 .text.nrf_drv_usbd_setup_clear
                0x0000b632        0xe _build/nrf52840_xxaa/nrf_drv_usbd.c.o
                0x0000b632                nrf_drv_usbd_setup_clear
 .text.nrf_drv_usbd_setup_stall
                0x0000b640        0xe _build/nrf52840_xxaa/nrf_drv_usbd.c.o
                0x0000b640                nrf_drv_usbd_setup_stall
 *fill*         0x0000b64e        0x2 
 .text.nrf_drv_usbd_last_setup_dir_get
                0x0000b650       0x18 _build/nrf52840_xxaa/nrf_drv_usbd.c.o
                0x0000b650                nrf_drv_usbd_last_setup_dir_get
 .text.nrf_drv_usbd_transfer_out_drop
                0x0000b668       0xa8 _build/nrf52840_xxaa/nrf_drv_usbd.c.o
                0x0000b668                nrf_drv_usbd_transfer_out_drop
 .text.nrf_clock_lf_is_running
                0x0000b710       0x26 _build/nrf52840_xxaa/nrf_drv_clock.c.o
 .text.nrf_clock_hf_is_running
                0x0000b736       0x32 _build/nrf52840_xxaa/nrf_drv_clock.c.o
 .text.nrfx_clock_hfclk_is_running
                0x0000b768       0x10 _build/nrf52840_xxaa/nrf_drv_clock.c.o
 .text.nrfx_clock_lfclk_is_running
                0x0000b778        0xe _build/nrf52840_xxaa/nrf_drv_clock.c.o
 .text.hfclk_start
                0x0000b786        0xc _build/nrf52840_xxaa/nrf_drv_clock.c.o
 *fill*         0x0000b792        0x2 
 .text.hfclk_stop
                0x0000b794       0x18 _build/nrf52840_xxaa/nrf_drv_clock.c.o
 .text.nrf_drv_clock_init
                0x0000b7ac       0x54 _build/nrf52840_xxaa/nrf_drv_clock.c.o
                0x0000b7ac                nrf_drv_clock_init
 .text.item_enqueue
                0x0000b800       0x42 _build/nrf52840_xxaa/nrf_drv_clock.c.o
 .text.item_dequeue
                0x0000b842       0x2a _build/nrf52840_xxaa/nrf_drv_clock.c.o
 .text.nrf_drv_clock_lfclk_request
                0x0000b86c       0x78 _build/nrf52840_xxaa/nrf_drv_clock.c.o
                0x0000b86c                nrf_drv_clock_lfclk_request
 .text.nrf_drv_clock_lfclk_is_running
                0x0000b8e4        0xe _build/nrf52840_xxaa/nrf_drv_clock.c.o
                0x0000b8e4                nrf_drv_clock_lfclk_is_running
 *fill*         0x0000b8f2        0x2 
 .text.nrf_drv_clock_hfclk_request
                0x0000b8f4       0x78 _build/nrf52840_xxaa/nrf_drv_clock.c.o
                0x0000b8f4                nrf_drv_clock_hfclk_request
 .text.nrf_drv_clock_hfclk_release
                0x0000b96c       0x30 _build/nrf52840_xxaa/nrf_drv_clock.c.o
                0x0000b96c                nrf_drv_clock_hfclk_release
 .text.nrf_drv_clock_hfclk_is_running
                0x0000b99c        0xe _build/nrf52840_xxaa/nrf_drv_clock.c.o
                0x0000b99c                nrf_drv_clock_hfclk_is_running
 *fill*         0x0000b9aa        0x2 
 .text.clock_clk_started_notify
                0x0000b9ac       0x48 _build/nrf52840_xxaa/nrf_drv_clock.c.o
 .text.clock_irq_handler
                0x0000b9f4       0x3c _build/nrf52840_xxaa/nrf_drv_clock.c.o
 .text.nrf_drv_power_init
                0x0000ba30       0x44 _build/nrf52840_xxaa/nrf_drv_power.c.o
                0x0000ba30                nrf_drv_power_init
 .text.nrf_drv_power_usbevt_init
                0x0000ba74       0x20 _build/nrf52840_xxaa/nrf_drv_power.c.o
                0x0000ba74                nrf_drv_power_usbevt_init
 .text.nrf_drv_power_usbevt_uninit
                0x0000ba94       0x10 _build/nrf52840_xxaa/nrf_drv_power.c.o
                0x0000ba94                nrf_drv_power_usbevt_uninit
 .text.NVIC_SystemReset
                0x0000baa4       0x28 _build/nrf52840_xxaa/system_nrf52840.c.o
 .text.SystemCoreClockUpdate
                0x0000bacc       0x1c _build/nrf52840_xxaa/system_nrf52840.c.o
                0x0000bacc                SystemCoreClockUpdate
 .text.SystemInit
                0x0000bae8      0x254 _build/nrf52840_xxaa/system_nrf52840.c.o
                0x0000bae8                SystemInit
 .text.errata_36
                0x0000bd3c       0x44 _build/nrf52840_xxaa/system_nrf52840.c.o
 .text.errata_66
                0x0000bd80       0x44 _build/nrf52840_xxaa/system_nrf52840.c.o
 .text.errata_98
                0x0000bdc4       0x2c _build/nrf52840_xxaa/system_nrf52840.c.o
 .text.errata_103
                0x0000bdf0       0x2c _build/nrf52840_xxaa/system_nrf52840.c.o
 .text.errata_115
                0x0000be1c       0x2c _build/nrf52840_xxaa/system_nrf52840.c.o
 .text.errata_120
                0x0000be48       0x2c _build/nrf52840_xxaa/system_nrf52840.c.o
 .text.errata_136
                0x0000be74       0x44 _build/nrf52840_xxaa/system_nrf52840.c.o
 .text          0x0000beb8       0x3c _build/nrf52840_xxaa/gcc_startup_nrf52840.S.o
                0x0000beb8                Reset_Handler
                0x0000bee0                NMI_Handler
                0x0000bee2                HardFault_Handler
                0x0000bee4                MemoryManagement_Handler
                0x0000bee6                BusFault_Handler
                0x0000bee8                UsageFault_Handler
                0x0000beea                SVC_Handler
                0x0000beec                DebugMon_Handler
                0x0000beee                PendSV_Handler
                0x0000bef0                SysTick_Handler
                0x0000bef2                TEMP_IRQHandler
                0x0000bef2                QDEC_IRQHandler
                0x0000bef2                TIMER3_IRQHandler
                0x0000bef2                PWM3_IRQHandler
                0x0000bef2                FPU_IRQHandler
                0x0000bef2                SPIM0_SPIS0_TWIM0_TWIS0_SPI0_TWI0_IRQHandler
                0x0000bef2                PDM_IRQHandler
                0x0000bef2                TIMER4_IRQHandler
                0x0000bef2                CRYPTOCELL_IRQHandler
                0x0000bef2                I2S_IRQHandler
                0x0000bef2                SWI4_EGU4_IRQHandler
                0x0000bef2                SWI2_EGU2_IRQHandler
                0x0000bef2                PWM1_IRQHandler
                0x0000bef2                TIMER1_IRQHandler
                0x0000bef2                SPIM3_IRQHandler
                0x0000bef2                PWM2_IRQHandler
                0x0000bef2                ECB_IRQHandler
                0x0000bef2                SPIM1_SPIS1_TWIM1_TWIS1_SPI1_TWI1_IRQHandler
                0x0000bef2                Default_Handler
                0x0000bef2                CCM_AAR_IRQHandler
                0x0000bef2                WDT_IRQHandler
                0x0000bef2                GPIOTE_IRQHandler
                0x0000bef2                SWI5_EGU5_IRQHandler
                0x0000bef2                RNG_IRQHandler
                0x0000bef2                RTC2_IRQHandler
                0x0000bef2                PWM0_IRQHandler
                0x0000bef2                SWI3_EGU3_IRQHandler
                0x0000bef2                SPIM2_SPIS2_SPI2_IRQHandler
                0x0000bef2                NFCT_IRQHandler
                0x0000bef2                UARTE1_IRQHandler
                0x0000bef2                MWU_IRQHandler
                0x0000bef2                TIMER2_IRQHandler
                0x0000bef2                QSPI_IRQHandler
                0x0000bef2                COMP_LPCOMP_IRQHandler
 .text.NVIC_EnableIRQ
                0x0000bef4       0x34 _build/nrf52840_xxaa/nrfx_clock.c.o
 .text.NVIC_ClearPendingIRQ
                0x0000bf28       0x34 _build/nrf52840_xxaa/nrfx_clock.c.o
 .text.NVIC_SetPriority
                0x0000bf5c       0x54 _build/nrf52840_xxaa/nrfx_clock.c.o
 .text._NRFX_IRQ_PRIORITY_SET
                0x0000bfb0       0x26 _build/nrf52840_xxaa/nrfx_clock.c.o
 .text._NRFX_IRQ_ENABLE
                0x0000bfd6       0x26 _build/nrf52840_xxaa/nrfx_clock.c.o
 .text._NRFX_IRQ_IS_ENABLED
                0x0000bffc       0x54 _build/nrf52840_xxaa/nrfx_clock.c.o
 .text.nrf_clock_int_enable
                0x0000c050       0x1e _build/nrf52840_xxaa/nrfx_clock.c.o
 .text.nrf_clock_int_disable
                0x0000c06e       0x1e _build/nrf52840_xxaa/nrfx_clock.c.o
 .text.nrf_clock_task_trigger
                0x0000c08c       0x20 _build/nrf52840_xxaa/nrfx_clock.c.o
 .text.nrf_clock_event_clear
                0x0000c0ac       0x2c _build/nrf52840_xxaa/nrfx_clock.c.o
 .text.nrf_clock_event_check
                0x0000c0d8       0x28 _build/nrf52840_xxaa/nrfx_clock.c.o
 .text.nrf_clock_lf_src_set
                0x0000c100       0x1e _build/nrf52840_xxaa/nrfx_clock.c.o
 .text.nrf_clock_hf_is_running
                0x0000c11e       0x32 _build/nrf52840_xxaa/nrfx_clock.c.o
 .text.nrfx_power_clock_irq_init
                0x0000c150       0x34 _build/nrf52840_xxaa/nrfx_clock.c.o
 .text.nrfx_clock_init
                0x0000c184       0x40 _build/nrf52840_xxaa/nrfx_clock.c.o
                0x0000c184                nrfx_clock_init
 .text.nrfx_clock_enable
                0x0000c1c4       0x1c _build/nrf52840_xxaa/nrfx_clock.c.o
                0x0000c1c4                nrfx_clock_enable
 .text.nrfx_clock_lfclk_start
                0x0000c1e0       0x1c _build/nrf52840_xxaa/nrfx_clock.c.o
                0x0000c1e0                nrfx_clock_lfclk_start
 .text.nrfx_clock_hfclk_start
                0x0000c1fc       0x1c _build/nrf52840_xxaa/nrfx_clock.c.o
                0x0000c1fc                nrfx_clock_hfclk_start
 .text.nrfx_clock_hfclk_stop
                0x0000c218       0x28 _build/nrf52840_xxaa/nrfx_clock.c.o
                0x0000c218                nrfx_clock_hfclk_stop
 .text.nrfx_clock_irq_handler
                0x0000c240       0x68 _build/nrf52840_xxaa/nrfx_clock.c.o
                0x0000c240                nrfx_clock_irq_handler
 .text.NVIC_EnableIRQ
                0x0000c2a8       0x34 _build/nrf52840_xxaa/nrfx_rtc.c.o
 .text.NVIC_ClearPendingIRQ
                0x0000c2dc       0x34 _build/nrf52840_xxaa/nrfx_rtc.c.o
 .text.NVIC_SetPriority
                0x0000c310       0x54 _build/nrf52840_xxaa/nrfx_rtc.c.o
 .text._NRFX_IRQ_PRIORITY_SET
                0x0000c364       0x26 _build/nrf52840_xxaa/nrfx_rtc.c.o
 .text._NRFX_IRQ_ENABLE
                0x0000c38a       0x26 _build/nrf52840_xxaa/nrfx_rtc.c.o
 .text.nrf_rtc_cc_set
                0x0000c3b0       0x26 _build/nrf52840_xxaa/nrfx_rtc.c.o
 .text.nrf_rtc_int_enable
                0x0000c3d6       0x1e _build/nrf52840_xxaa/nrfx_rtc.c.o
 .text.nrf_rtc_int_disable
                0x0000c3f4       0x1e _build/nrf52840_xxaa/nrfx_rtc.c.o
 .text.nrf_rtc_int_is_enabled
                0x0000c412       0x20 _build/nrf52840_xxaa/nrfx_rtc.c.o
 .text.nrf_rtc_event_pending
                0x0000c432       0x20 _build/nrf52840_xxaa/nrfx_rtc.c.o
 .text.nrf_rtc_event_clear
                0x0000c452       0x2e _build/nrf52840_xxaa/nrfx_rtc.c.o
 .text.nrf_rtc_counter_get
                0x0000c480       0x1a _build/nrf52840_xxaa/nrfx_rtc.c.o
 .text.nrf_rtc_prescaler_set
                0x0000c49a       0x1e _build/nrf52840_xxaa/nrfx_rtc.c.o
 .text.nrf_rtc_task_trigger
                0x0000c4b8       0x24 _build/nrf52840_xxaa/nrfx_rtc.c.o
 .text.nrf_rtc_event_enable
                0x0000c4dc       0x1e _build/nrf52840_xxaa/nrfx_rtc.c.o
 .text.nrf_rtc_event_disable
                0x0000c4fa       0x1e _build/nrf52840_xxaa/nrfx_rtc.c.o
 .text.nrfx_rtc_init
                0x0000c518       0xc4 _build/nrf52840_xxaa/nrfx_rtc.c.o
                0x0000c518                nrfx_rtc_init
 .text.nrfx_rtc_enable
                0x0000c5dc       0x34 _build/nrf52840_xxaa/nrfx_rtc.c.o
                0x0000c5dc                nrfx_rtc_enable
 .text.nrfx_rtc_cc_set
                0x0000c610      0x104 _build/nrf52840_xxaa/nrfx_rtc.c.o
                0x0000c610                nrfx_rtc_cc_set
 .text.nrfx_rtc_tick_enable
                0x0000c714       0x4a _build/nrf52840_xxaa/nrfx_rtc.c.o
                0x0000c714                nrfx_rtc_tick_enable
 *fill*         0x0000c75e        0x2 
 .text.irq_handler
                0x0000c760      0x100 _build/nrf52840_xxaa/nrfx_rtc.c.o
 .text.RTC0_IRQHandler
                0x0000c860       0x18 _build/nrf52840_xxaa/nrfx_rtc.c.o
                0x0000c860                RTC0_IRQHandler
 .text.nrf_timer_event_clear
                0x0000c878       0x2e _build/nrf52840_xxaa/nrfx_timer.c.o
 .text.nrf_timer_event_check
                0x0000c8a6       0x2a _build/nrf52840_xxaa/nrfx_timer.c.o
 .text.nrf_timer_int_enable_check
                0x0000c8d0       0x2a _build/nrf52840_xxaa/nrfx_timer.c.o
 .text.nrf_timer_compare_event_get
                0x0000c8fa       0x20 _build/nrf52840_xxaa/nrfx_timer.c.o
 .text.nrf_timer_compare_int_get
                0x0000c91a       0x1e _build/nrf52840_xxaa/nrfx_timer.c.o
 .text.irq_handler
                0x0000c938       0x76 _build/nrf52840_xxaa/nrfx_timer.c.o
 *fill*         0x0000c9ae        0x2 
 .text.TIMER0_IRQHandler
                0x0000c9b0       0x1c _build/nrf52840_xxaa/nrfx_timer.c.o
                0x0000c9b0                TIMER0_IRQHandler
 .text.nrf_saadc_task_trigger
                0x0000c9cc       0x24 _build/nrf52840_xxaa/nrfx_saadc.c.o
 .text.nrf_saadc_event_check
                0x0000c9f0       0x2c _build/nrf52840_xxaa/nrfx_saadc.c.o
 .text.nrf_saadc_event_clear
                0x0000ca1c       0x34 _build/nrf52840_xxaa/nrfx_saadc.c.o
 .text.nrf_saadc_buffer_init
                0x0000ca50       0x2c _build/nrf52840_xxaa/nrfx_saadc.c.o
 .text.SAADC_IRQHandler
                0x0000ca7c      0x240 _build/nrf52840_xxaa/nrfx_saadc.c.o
                0x0000ca7c                SAADC_IRQHandler
 .text.UARTE0_UART0_IRQHandler
                0x0000ccbc       0x14 _build/nrf52840_xxaa/nrfx_prs.c.o
                0x0000ccbc                UARTE0_UART0_IRQHandler
 .text.NVIC_EnableIRQ
                0x0000ccd0       0x34 _build/nrf52840_xxaa/nrfx_power.c.o
 .text.NVIC_ClearPendingIRQ
                0x0000cd04       0x34 _build/nrf52840_xxaa/nrfx_power.c.o
 .text.NVIC_SetPriority
                0x0000cd38       0x54 _build/nrf52840_xxaa/nrfx_power.c.o
 .text._NRFX_IRQ_PRIORITY_SET
                0x0000cd8c       0x26 _build/nrf52840_xxaa/nrfx_power.c.o
 .text._NRFX_IRQ_ENABLE
                0x0000cdb2       0x26 _build/nrf52840_xxaa/nrfx_power.c.o
 .text._NRFX_IRQ_IS_ENABLED
                0x0000cdd8       0x54 _build/nrf52840_xxaa/nrfx_power.c.o
 .text.nrf_power_regptr_get
                0x0000ce2c       0x1a _build/nrf52840_xxaa/nrfx_power.c.o
 .text.nrf_power_regptr_get_c
                0x0000ce46       0x1a _build/nrf52840_xxaa/nrfx_power.c.o
 .text.nrf_power_event_clear
                0x0000ce60       0x20 _build/nrf52840_xxaa/nrfx_power.c.o
 .text.nrf_power_event_check
                0x0000ce80       0x28 _build/nrf52840_xxaa/nrfx_power.c.o
 .text.nrf_power_event_get_and_clear
                0x0000cea8       0x2e _build/nrf52840_xxaa/nrfx_power.c.o
 .text.nrf_power_int_enable
                0x0000ced6       0x1e _build/nrf52840_xxaa/nrfx_power.c.o
 .text.nrf_power_int_enable_get
                0x0000cef4       0x16 _build/nrf52840_xxaa/nrfx_power.c.o
 .text.nrf_power_int_disable
                0x0000cf0a       0x1e _build/nrf52840_xxaa/nrfx_power.c.o
 .text.nrf_power_dcdcen_set
                0x0000cf28       0x2a _build/nrf52840_xxaa/nrfx_power.c.o
 .text.nrf_power_dcdcen_vddh_set
                0x0000cf52       0x2a _build/nrf52840_xxaa/nrfx_power.c.o
 .text.nrfx_power_clock_irq_init
                0x0000cf7c       0x34 _build/nrf52840_xxaa/nrfx_power.c.o
 .text.nrfx_power_init
                0x0000cfb0       0x4c _build/nrf52840_xxaa/nrfx_power.c.o
                0x0000cfb0                nrfx_power_init
 .text.nrfx_power_usbevt_init
                0x0000cffc       0x28 _build/nrf52840_xxaa/nrfx_power.c.o
                0x0000cffc                nrfx_power_usbevt_init
 .text.nrfx_power_usbevt_enable
                0x0000d024       0x10 _build/nrf52840_xxaa/nrfx_power.c.o
                0x0000d024                nrfx_power_usbevt_enable
 .text.nrfx_power_usbevt_disable
                0x0000d034       0x10 _build/nrf52840_xxaa/nrfx_power.c.o
                0x0000d034                nrfx_power_usbevt_disable
 .text.nrfx_power_usbevt_uninit
                0x0000d044       0x18 _build/nrf52840_xxaa/nrfx_power.c.o
                0x0000d044                nrfx_power_usbevt_uninit
 .text.nrfx_power_irq_handler
                0x0000d05c       0xe0 _build/nrf52840_xxaa/nrfx_power.c.o
                0x0000d05c                nrfx_power_irq_handler
 .text.POWER_CLOCK_IRQHandler
                0x0000d13c       0x10 _build/nrf52840_xxaa/nrfx_power_clock.c.o
                0x0000d13c                POWER_CLOCK_IRQHandler
 .text.exit     0x0000d14c       0x28 c:/program files (x86)/gnu tools arm embedded/6 2017-q2-update/bin/../lib/gcc/arm-none-eabi/6.3.1/../../../../arm-none-eabi/lib/thumb/v7e-m/fpv4-sp/hard\libc_nano.a(lib_a-exit.o)
                0x0000d14c                exit
 .text.__libc_init_array
                0x0000d174       0x48 c:/program files (x86)/gnu tools arm embedded/6 2017-q2-update/bin/../lib/gcc/arm-none-eabi/6.3.1/../../../../arm-none-eabi/lib/thumb/v7e-m/fpv4-sp/hard\libc_nano.a(lib_a-init.o)
                0x0000d174                __libc_init_array
 .text.__ascii_mbtowc
                0x0000d1bc       0x24 c:/program files (x86)/gnu tools arm embedded/6 2017-q2-update/bin/../lib/gcc/arm-none-eabi/6.3.1/../../../../arm-none-eabi/lib/thumb/v7e-m/fpv4-sp/hard\libc_nano.a(lib_a-mbtowc_r.o)
                0x0000d1bc                __ascii_mbtowc
 .text.memcpy   0x0000d1e0       0x16 c:/program files (x86)/gnu tools arm embedded/6 2017-q2-update/bin/../lib/gcc/arm-none-eabi/6.3.1/../../../../arm-none-eabi/lib/thumb/v7e-m/fpv4-sp/hard\libc_nano.a(lib_a-memcpy-stub.o)
                0x0000d1e0                memcpy
 .text.memset   0x0000d1f6       0x10 c:/program files (x86)/gnu tools arm embedded/6 2017-q2-update/bin/../lib/gcc/arm-none-eabi/6.3.1/../../../../arm-none-eabi/lib/thumb/v7e-m/fpv4-sp/hard\libc_nano.a(lib_a-memset.o)
                0x0000d1f6                memset
 .text.__cvt    0x0000d206       0xc2 c:/program files (x86)/gnu tools arm embedded/6 2017-q2-update/bin/../lib/gcc/arm-none-eabi/6.3.1/../../../../arm-none-eabi/lib/thumb/v7e-m/fpv4-sp/hard\libc_nano.a(lib_a-nano-vfprintf_float.o)
                0x0000d206                __cvt
 .text.__exponent
                0x0000d2c8       0x6a c:/program files (x86)/gnu tools arm embedded/6 2017-q2-update/bin/../lib/gcc/arm-none-eabi/6.3.1/../../../../arm-none-eabi/lib/thumb/v7e-m/fpv4-sp/hard\libc_nano.a(lib_a-nano-vfprintf_float.o)
                0x0000d2c8                __exponent
 *fill*         0x0000d332        0x2 
 .text._printf_float
                0x0000d334      0x480 c:/program files (x86)/gnu tools arm embedded/6 2017-q2-update/bin/../lib/gcc/arm-none-eabi/6.3.1/../../../../arm-none-eabi/lib/thumb/v7e-m/fpv4-sp/hard\libc_nano.a(lib_a-nano-vfprintf_float.o)
                0x0000d334                _printf_float
 .text._printf_common
                0x0000d7b4       0xec c:/program files (x86)/gnu tools arm embedded/6 2017-q2-update/bin/../lib/gcc/arm-none-eabi/6.3.1/../../../../arm-none-eabi/lib/thumb/v7e-m/fpv4-sp/hard\libc_nano.a(lib_a-nano-vfprintf_i.o)
                0x0000d7b4                _printf_common
 .text._printf_i
                0x0000d8a0      0x240 c:/program files (x86)/gnu tools arm embedded/6 2017-q2-update/bin/../lib/gcc/arm-none-eabi/6.3.1/../../../../arm-none-eabi/lib/thumb/v7e-m/fpv4-sp/hard\libc_nano.a(lib_a-nano-vfprintf_i.o)
                0x0000d8a0                _printf_i
 .text.snprintf
                0x0000dae0       0x68 c:/program files (x86)/gnu tools arm embedded/6 2017-q2-update/bin/../lib/gcc/arm-none-eabi/6.3.1/../../../../arm-none-eabi/lib/thumb/v7e-m/fpv4-sp/hard\libc_nano.a(lib_a-snprintf.o)
                0x0000dae0                sniprintf
                0x0000dae0                snprintf
 .text.sprintf  0x0000db48       0x48 c:/program files (x86)/gnu tools arm embedded/6 2017-q2-update/bin/../lib/gcc/arm-none-eabi/6.3.1/../../../../arm-none-eabi/lib/thumb/v7e-m/fpv4-sp/hard\libc_nano.a(lib_a-sprintf.o)
                0x0000db48                siprintf
                0x0000db48                sprintf
 .text          0x0000db90       0x10 c:/program files (x86)/gnu tools arm embedded/6 2017-q2-update/bin/../lib/gcc/arm-none-eabi/6.3.1/../../../../arm-none-eabi/lib/thumb/v7e-m/fpv4-sp/hard\libc_nano.a(lib_a-strlen.o)
                0x0000db90                strlen
 .text._vsnprintf_r
                0x0000dba0       0x58 c:/program files (x86)/gnu tools arm embedded/6 2017-q2-update/bin/../lib/gcc/arm-none-eabi/6.3.1/../../../../arm-none-eabi/lib/thumb/v7e-m/fpv4-sp/hard\libc_nano.a(lib_a-vsnprintf.o)
                0x0000dba0                _vsniprintf_r
                0x0000dba0                _vsnprintf_r
 .text.vsnprintf
                0x0000dbf8       0x1c c:/program files (x86)/gnu tools arm embedded/6 2017-q2-update/bin/../lib/gcc/arm-none-eabi/6.3.1/../../../../arm-none-eabi/lib/thumb/v7e-m/fpv4-sp/hard\libc_nano.a(lib_a-vsnprintf.o)
                0x0000dbf8                vsniprintf
                0x0000dbf8                vsnprintf
 .text.__ascii_wctomb
                0x0000dc14       0x1a c:/program files (x86)/gnu tools arm embedded/6 2017-q2-update/bin/../lib/gcc/arm-none-eabi/6.3.1/../../../../arm-none-eabi/lib/thumb/v7e-m/fpv4-sp/hard\libc_nano.a(lib_a-wctomb_r.o)
                0x0000dc14                __ascii_wctomb
 .text.quorem   0x0000dc2e      0x118 c:/program files (x86)/gnu tools arm embedded/6 2017-q2-update/bin/../lib/gcc/arm-none-eabi/6.3.1/../../../../arm-none-eabi/lib/thumb/v7e-m/fpv4-sp/hard\libc_nano.a(lib_a-dtoa.o)
 *fill*         0x0000dd46        0x2 
 .text._dtoa_r  0x0000dd48      0xb9c c:/program files (x86)/gnu tools arm embedded/6 2017-q2-update/bin/../lib/gcc/arm-none-eabi/6.3.1/../../../../arm-none-eabi/lib/thumb/v7e-m/fpv4-sp/hard\libc_nano.a(lib_a-dtoa.o)
                0x0000dd48                _dtoa_r
 .text._localeconv_r
                0x0000e8e4       0x1c c:/program files (x86)/gnu tools arm embedded/6 2017-q2-update/bin/../lib/gcc/arm-none-eabi/6.3.1/../../../../arm-none-eabi/lib/thumb/v7e-m/fpv4-sp/hard\libc_nano.a(lib_a-localeconv.o)
                0x0000e8e4                _localeconv_r
 .text.malloc   0x0000e900       0x10 c:/program files (x86)/gnu tools arm embedded/6 2017-q2-update/bin/../lib/gcc/arm-none-eabi/6.3.1/../../../../arm-none-eabi/lib/thumb/v7e-m/fpv4-sp/hard\libc_nano.a(lib_a-malloc.o)
                0x0000e900                malloc
 .text          0x0000e910       0xa0 c:/program files (x86)/gnu tools arm embedded/6 2017-q2-update/bin/../lib/gcc/arm-none-eabi/6.3.1/../../../../arm-none-eabi/lib/thumb/v7e-m/fpv4-sp/hard\libc_nano.a(lib_a-memchr.o)
                0x0000e910                memchr
 .text._Balloc  0x0000e9b0       0x68 c:/program files (x86)/gnu tools arm embedded/6 2017-q2-update/bin/../lib/gcc/arm-none-eabi/6.3.1/../../../../arm-none-eabi/lib/thumb/v7e-m/fpv4-sp/hard\libc_nano.a(lib_a-mprec.o)
                0x0000e9b0                _Balloc
 .text._Bfree   0x0000ea18       0x2e c:/program files (x86)/gnu tools arm embedded/6 2017-q2-update/bin/../lib/gcc/arm-none-eabi/6.3.1/../../../../arm-none-eabi/lib/thumb/v7e-m/fpv4-sp/hard\libc_nano.a(lib_a-mprec.o)
                0x0000ea18                _Bfree
 .text.__multadd
                0x0000ea46       0x76 c:/program files (x86)/gnu tools arm embedded/6 2017-q2-update/bin/../lib/gcc/arm-none-eabi/6.3.1/../../../../arm-none-eabi/lib/thumb/v7e-m/fpv4-sp/hard\libc_nano.a(lib_a-mprec.o)
                0x0000ea46                __multadd
 .text.__hi0bits
                0x0000eabc       0x3e c:/program files (x86)/gnu tools arm embedded/6 2017-q2-update/bin/../lib/gcc/arm-none-eabi/6.3.1/../../../../arm-none-eabi/lib/thumb/v7e-m/fpv4-sp/hard\libc_nano.a(lib_a-mprec.o)
                0x0000eabc                __hi0bits
 .text.__lo0bits
                0x0000eafa       0x5e c:/program files (x86)/gnu tools arm embedded/6 2017-q2-update/bin/../lib/gcc/arm-none-eabi/6.3.1/../../../../arm-none-eabi/lib/thumb/v7e-m/fpv4-sp/hard\libc_nano.a(lib_a-mprec.o)
                0x0000eafa                __lo0bits
 .text.__i2b    0x0000eb58       0x12 c:/program files (x86)/gnu tools arm embedded/6 2017-q2-update/bin/../lib/gcc/arm-none-eabi/6.3.1/../../../../arm-none-eabi/lib/thumb/v7e-m/fpv4-sp/hard\libc_nano.a(lib_a-mprec.o)
                0x0000eb58                __i2b
 .text.__multiply
                0x0000eb6a      0x11a c:/program files (x86)/gnu tools arm embedded/6 2017-q2-update/bin/../lib/gcc/arm-none-eabi/6.3.1/../../../../arm-none-eabi/lib/thumb/v7e-m/fpv4-sp/hard\libc_nano.a(lib_a-mprec.o)
                0x0000eb6a                __multiply
 .text.__pow5mult
                0x0000ec84       0x9c c:/program files (x86)/gnu tools arm embedded/6 2017-q2-update/bin/../lib/gcc/arm-none-eabi/6.3.1/../../../../arm-none-eabi/lib/thumb/v7e-m/fpv4-sp/hard\libc_nano.a(lib_a-mprec.o)
                0x0000ec84                __pow5mult
 .text.__lshift
                0x0000ed20       0xa2 c:/program files (x86)/gnu tools arm embedded/6 2017-q2-update/bin/../lib/gcc/arm-none-eabi/6.3.1/../../../../arm-none-eabi/lib/thumb/v7e-m/fpv4-sp/hard\libc_nano.a(lib_a-mprec.o)
                0x0000ed20                __lshift
 .text.__mcmp   0x0000edc2       0x34 c:/program files (x86)/gnu tools arm embedded/6 2017-q2-update/bin/../lib/gcc/arm-none-eabi/6.3.1/../../../../arm-none-eabi/lib/thumb/v7e-m/fpv4-sp/hard\libc_nano.a(lib_a-mprec.o)
                0x0000edc2                __mcmp
 .text.__mdiff  0x0000edf6       0xbc c:/program files (x86)/gnu tools arm embedded/6 2017-q2-update/bin/../lib/gcc/arm-none-eabi/6.3.1/../../../../arm-none-eabi/lib/thumb/v7e-m/fpv4-sp/hard\libc_nano.a(lib_a-mprec.o)
                0x0000edf6                __mdiff
 .text.__d2b    0x0000eeb2       0x9e c:/program files (x86)/gnu tools arm embedded/6 2017-q2-update/bin/../lib/gcc/arm-none-eabi/6.3.1/../../../../arm-none-eabi/lib/thumb/v7e-m/fpv4-sp/hard\libc_nano.a(lib_a-mprec.o)
                0x0000eeb2                __d2b
 .text._calloc_r
                0x0000ef50       0x1c c:/program files (x86)/gnu tools arm embedded/6 2017-q2-update/bin/../lib/gcc/arm-none-eabi/6.3.1/../../../../arm-none-eabi/lib/thumb/v7e-m/fpv4-sp/hard\libc_nano.a(lib_a-nano-callocr.o)
                0x0000ef50                _calloc_r
 .text._free_r  0x0000ef6c       0x9c c:/program files (x86)/gnu tools arm embedded/6 2017-q2-update/bin/../lib/gcc/arm-none-eabi/6.3.1/../../../../arm-none-eabi/lib/thumb/v7e-m/fpv4-sp/hard\libc_nano.a(lib_a-nano-freer.o)
                0x0000ef6c                _free_r
 .text._malloc_r
                0x0000f008       0xbc c:/program files (x86)/gnu tools arm embedded/6 2017-q2-update/bin/../lib/gcc/arm-none-eabi/6.3.1/../../../../arm-none-eabi/lib/thumb/v7e-m/fpv4-sp/hard\libc_nano.a(lib_a-nano-mallocr.o)
                0x0000f008                _malloc_r
 .text.__ssputs_r
                0x0000f0c4       0xb6 c:/program files (x86)/gnu tools arm embedded/6 2017-q2-update/bin/../lib/gcc/arm-none-eabi/6.3.1/../../../../arm-none-eabi/lib/thumb/v7e-m/fpv4-sp/hard\libc_nano.a(lib_a-nano-svfprintf.o)
                0x0000f0c4                __ssputs_r
 *fill*         0x0000f17a        0x2 
 .text._svfprintf_r
                0x0000f17c      0x1e8 c:/program files (x86)/gnu tools arm embedded/6 2017-q2-update/bin/../lib/gcc/arm-none-eabi/6.3.1/../../../../arm-none-eabi/lib/thumb/v7e-m/fpv4-sp/hard\libc_nano.a(lib_a-nano-svfprintf.o)
                0x0000f17c                _svfiprintf_r
                0x0000f17c                _svfprintf_r
 .text._sbrk_r  0x0000f364       0x20 c:/program files (x86)/gnu tools arm embedded/6 2017-q2-update/bin/../lib/gcc/arm-none-eabi/6.3.1/../../../../arm-none-eabi/lib/thumb/v7e-m/fpv4-sp/hard\libc_nano.a(lib_a-sbrkr.o)
                0x0000f364                _sbrk_r
 .text.memmove  0x0000f384       0x34 c:/program files (x86)/gnu tools arm embedded/6 2017-q2-update/bin/../lib/gcc/arm-none-eabi/6.3.1/../../../../arm-none-eabi/lib/thumb/v7e-m/fpv4-sp/hard\libc_nano.a(lib_a-memmove.o)
                0x0000f384                memmove
 .text.__malloc_lock
                0x0000f3b8        0x2 c:/program files (x86)/gnu tools arm embedded/6 2017-q2-update/bin/../lib/gcc/arm-none-eabi/6.3.1/../../../../arm-none-eabi/lib/thumb/v7e-m/fpv4-sp/hard\libc_nano.a(lib_a-mlock.o)
                0x0000f3b8                __malloc_lock
 .text.__malloc_unlock
                0x0000f3ba        0x2 c:/program files (x86)/gnu tools arm embedded/6 2017-q2-update/bin/../lib/gcc/arm-none-eabi/6.3.1/../../../../arm-none-eabi/lib/thumb/v7e-m/fpv4-sp/hard\libc_nano.a(lib_a-mlock.o)
                0x0000f3ba                __malloc_unlock
 .text._realloc_r
                0x0000f3bc       0x4c c:/program files (x86)/gnu tools arm embedded/6 2017-q2-update/bin/../lib/gcc/arm-none-eabi/6.3.1/../../../../arm-none-eabi/lib/thumb/v7e-m/fpv4-sp/hard\libc_nano.a(lib_a-nano-reallocr.o)
                0x0000f3bc                _realloc_r
 .text._malloc_usable_size_r
                0x0000f408       0x12 c:/program files (x86)/gnu tools arm embedded/6 2017-q2-update/bin/../lib/gcc/arm-none-eabi/6.3.1/../../../../arm-none-eabi/lib/thumb/v7e-m/fpv4-sp/hard\libc_nano.a(lib_a-nano-msizer.o)
                0x0000f408                _malloc_usable_size_r
 *fill*         0x0000f41a        0x2 
 .text._sbrk    0x0000f41c       0x1c c:/program files (x86)/gnu tools arm embedded/6 2017-q2-update/bin/../lib/gcc/arm-none-eabi/6.3.1/../../../../arm-none-eabi/lib/thumb/v7e-m/fpv4-sp/hard\libnosys.a(sbrk.o)
                0x0000f41c                _sbrk
 .text._exit    0x0000f438        0x4 c:/program files (x86)/gnu tools arm embedded/6 2017-q2-update/bin/../lib/gcc/arm-none-eabi/6.3.1/../../../../arm-none-eabi/lib/thumb/v7e-m/fpv4-sp/hard\libnosys.a(_exit.o)
                0x0000f438                _exit
 .text          0x0000f43c      0x370 c:/program files (x86)/gnu tools arm embedded/6 2017-q2-update/bin/../lib/gcc/arm-none-eabi/6.3.1/thumb/v7e-m/fpv4-sp/hard\libgcc.a(_arm_addsubdf3.o)
                0x0000f43c                __aeabi_drsub
                0x0000f444                __aeabi_dsub
                0x0000f444                __subdf3
                0x0000f448                __aeabi_dadd
                0x0000f448                __adddf3
                0x0000f6c0                __floatunsidf
                0x0000f6c0                __aeabi_ui2d
                0x0000f6e0                __floatsidf
                0x0000f6e0                __aeabi_i2d
                0x0000f704                __aeabi_f2d
                0x0000f704                __extendsfdf2
                0x0000f740                __floatundidf
                0x0000f740                __aeabi_ul2d
                0x0000f750                __floatdidf
                0x0000f750                __aeabi_l2d
 .text          0x0000f7ac      0x424 c:/program files (x86)/gnu tools arm embedded/6 2017-q2-update/bin/../lib/gcc/arm-none-eabi/6.3.1/thumb/v7e-m/fpv4-sp/hard\libgcc.a(_arm_muldivdf3.o)
                0x0000f7ac                __aeabi_dmul
                0x0000f7ac                __muldf3
                0x0000fa00                __divdf3