Archive member included to satisfy reference by file (symbol)

c:/program files (x86)/gnu tools arm embedded/6 2017-q2-update/bin/../lib/gcc/arm-none-eabi/6.3.1/../../../../arm-none-eabi/lib/thumb/v7e-m/fpv4-sp/hard\libc_nano.a(lib_a-exit.o)
                              c:/program files (x86)/gnu tools arm embedded/6 2017-q2-update/bin/../lib/gcc/arm-none-eabi/6.3.1/../../../../arm-none-eabi/lib/thumb/v7e-m/fpv4-sp/hard/crt0.o (exit)
c:/program files (x86)/gnu tools arm embedded/6 2017-q2-update/bin/../lib/gcc/arm-none-eabi/6.3.1/../../../../arm-none-eabi/lib/thumb/v7e-m/fpv4-sp/hard\libc_nano.a(lib_a-impure.o)
                              c:/program files (x86)/gnu tools arm embedded/6 2017-q2-update/bin/../lib/gcc/arm-none-eabi/6.3.1/../../../../arm-none-eabi/lib/thumb/v7e-m/fpv4-sp/hard\libc_nano.a(lib_a-exit.o) (_global_impure_ptr)
c:/program files (x86)/gnu tools arm embedded/6 2017-q2-update/bin/../lib/gcc/arm-none-eabi/6.3.1/../../../../arm-none-eabi/lib/thumb/v7e-m/fpv4-sp/hard\libc_nano.a(lib_a-init.o)
                              c:/program files (x86)/gnu tools arm embedded/6 2017-q2-update/bin/../lib/gcc/arm-none-eabi/6.3.1/../../../../arm-none-eabi/lib/thumb/v7e-m/fpv4-sp/hard/crt0.o (__libc_init_array)
c:/program files (x86)/gnu tools arm embedded/6 2017-q2-update/bin/../lib/gcc/arm-none-eabi/6.3.1/../../../../arm-none-eabi/lib/thumb/v7e-m/fpv4-sp/hard\libc_nano.a(lib_a-memcpy-stub.o)
                              _build/nrf52832_xxaa/main.c.o (memcpy)
c:/program files (x86)/gnu tools arm embedded/6 2017-q2-update/bin/../lib/gcc/arm-none-eabi/6.3.1/../../../../arm-none-eabi/lib/thumb/v7e-m/fpv4-sp/hard\libc_nano.a(lib_a-memset.o)
                              c:/program files (x86)/gnu tools arm embedded/6 2017-q2-update/bin/../lib/gcc/arm-none-eabi/6.3.1/../../../../arm-none-eabi/lib/thumb/v7e-m/fpv4-sp/hard/crt0.o (memset)
c:/program files (x86)/gnu tools arm embedded/6 2017-q2-update/bin/../lib/gcc/arm-none-eabi/6.3.1/../../../../arm-none-eabi/lib/thumb/v7e-m/fpv4-sp/hard\libc_nano.a(lib_a-nano-vfprintf_float.o)
                              _build/nrf52832_xxaa/mesh.c.o (_printf_float)
c:/program files (x86)/gnu tools arm embedded/6 2017-q2-update/bin/../lib/gcc/arm-none-eabi/6.3.1/../../../../arm-none-eabi/lib/thumb/v7e-m/fpv4-sp/hard\libc_nano.a(lib_a-nano-vfprintf_i.o)
                              c:/program files (x86)/gnu tools arm embedded/6 2017-q2-update/bin/../lib/gcc/arm-none-eabi/6.3.1/../../../../arm-none-eabi/lib/thumb/v7e-m/fpv4-sp/hard\libc_nano.a(lib_a-nano-vfprintf_float.o) (_printf_common)
c:/program files (x86)/gnu tools arm embedded/6 2017-q2-update/bin/../lib/gcc/arm-none-eabi/6.3.1/../../../../arm-none-eabi/lib/thumb/v7e-m/fpv4-sp/hard\libc_nano.a(lib_a-sprintf.o)
                              _build/nrf52832_xxaa/main.c.o (sprintf)
c:/program files (x86)/gnu tools arm embedded/6 2017-q2-update/bin/../lib/gcc/arm-none-eabi/6.3.1/../../../../arm-none-eabi/lib/thumb/v7e-m/fpv4-sp/hard\libc_nano.a(lib_a-strlen.o)
                              _build/nrf52832_xxaa/mesh.c.o (strlen)
c:/program files (x86)/gnu tools arm embedded/6 2017-q2-update/bin/../lib/gcc/arm-none-eabi/6.3.1/../../../../arm-none-eabi/lib/thumb/v7e-m/fpv4-sp/hard\libc_nano.a(lib_a-dtoa.o)
                              c:/program files (x86)/gnu tools arm embedded/6 2017-q2-update/bin/../lib/gcc/arm-none-eabi/6.3.1/../../../../arm-none-eabi/lib/thumb/v7e-m/fpv4-sp/hard\libc_nano.a(lib_a-nano-vfprintf_float.o) (_dtoa_r)
c:/program files (x86)/gnu tools arm embedded/6 2017-q2-update/bin/../lib/gcc/arm-none-eabi/6.3.1/../../../../arm-none-eabi/lib/thumb/v7e-m/fpv4-sp/hard\libc_nano.a(lib_a-localeconv.o)
                              c:/program files (x86)/gnu tools arm embedded/6 2017-q2-update/bin/../lib/gcc/arm-none-eabi/6.3.1/../../../../arm-none-eabi/lib/thumb/v7e-m/fpv4-sp/hard\libc_nano.a(lib_a-nano-vfprintf_float.o) (_localeconv_r)
c:/program files (x86)/gnu tools arm embedded/6 2017-q2-update/bin/../lib/gcc/arm-none-eabi/6.3.1/../../../../arm-none-eabi/lib/thumb/v7e-m/fpv4-sp/hard\libc_nano.a(lib_a-malloc.o)
                              c:/program files (x86)/gnu tools arm embedded/6 2017-q2-update/bin/../lib/gcc/arm-none-eabi/6.3.1/../../../../arm-none-eabi/lib/thumb/v7e-m/fpv4-sp/hard\libc_nano.a(lib_a-dtoa.o) (malloc)
c:/program files (x86)/gnu tools arm embedded/6 2017-q2-update/bin/../lib/gcc/arm-none-eabi/6.3.1/../../../../arm-none-eabi/lib/thumb/v7e-m/fpv4-sp/hard\libc_nano.a(lib_a-memchr.o)
                              c:/program files (x86)/gnu tools arm embedded/6 2017-q2-update/bin/../lib/gcc/arm-none-eabi/6.3.1/../../../../arm-none-eabi/lib/thumb/v7e-m/fpv4-sp/hard\libc_nano.a(lib_a-nano-vfprintf_i.o) (memchr)
c:/program files (x86)/gnu tools arm embedded/6 2017-q2-update/bin/../lib/gcc/arm-none-eabi/6.3.1/../../../../arm-none-eabi/lib/thumb/v7e-m/fpv4-sp/hard\libc_nano.a(lib_a-mprec.o)
[...]
Memory Configuration

Name             Origin             Length             Attributes
FLASH            0x00000000         0x00080000         xr
RAM              0x20000000         0x00010000         xrw
*default*        0x00000000         0xffffffff

Linker script and memory map


.text           0x00000000     0xb994
 *(.isr_vector)
 .isr_vector    0x00000000      0x200 _build/nrf52832_xxaa/gcc_startup_nrf52.S.o
                0x00000000                __isr_vector
 *(.text*)
 .text          0x00000200       0x6c c:/program files (x86)/gnu tools arm embedded/6 2017-q2-update/bin/../lib/gcc/arm-none-eabi/6.3.1/thumb/v7e-m/fpv4-sp/hard/crtbegin.o
 .text          0x0000026c       0x74 c:/program files (x86)/gnu tools arm embedded/6 2017-q2-update/bin/../lib/gcc/arm-none-eabi/6.3.1/../../../../arm-none-eabi/lib/thumb/v7e-m/fpv4-sp/hard/crt0.o
                0x0000026c                _start
                0x0000026c                _mainCRTStartup
 .text.nrfx_coredep_delay_us
                0x000002e0       0x30 _build/nrf52832_xxaa/main.c.o
 .text.nrf_gpio_pin_port_decode
                0x00000310       0x18 _build/nrf52832_xxaa/main.c.o
 .text.nrf_gpio_cfg
                0x00000328       0x52 _build/nrf52832_xxaa/main.c.o
 .text.nrf_gpio_cfg_output
                0x0000037a       0x24 _build/nrf52832_xxaa/main.c.o
 .text.nrf_gpio_pin_toggle
                0x0000039e       0x46 _build/nrf52832_xxaa/main.c.o
 .text.rf_mesh_handler
                0x000003e4       0x60 _build/nrf52832_xxaa/main.c.o
                0x000003e4                rf_mesh_handler
 .text.app_serial_handler
                0x00000444       0x58 _build/nrf52832_xxaa/main.c.o
                0x00000444                app_serial_handler
 .text.mesh_cmd_response
                0x0000049c       0x3c _build/nrf52832_xxaa/main.c.o
                0x0000049c                mesh_cmd_response
 .text.main     0x000004d8       0x8c _build/nrf52832_xxaa/main.c.o
                0x000004d8                main
 .text.clocks_start
                0x00000564       0x3c _build/nrf52832_xxaa/clocks.c.o
                0x00000564                clocks_start
 .text.window_get_payload
                0x000005a0       0x2c _build/nrf52832_xxaa/mesh.c.o
                0x000005a0                window_get_payload
 .text.is_matching_msg_ack
                0x000005cc       0x4c _build/nrf52832_xxaa/mesh.c.o
                0x000005cc                is_matching_msg_ack
 .text.window_remove_payload
                0x00000618       0x7c _build/nrf52832_xxaa/mesh.c.o
                0x00000618                window_remove_payload
 .text.mesh_channel
                0x00000694       0x10 _build/nrf52832_xxaa/mesh.c.o
                0x00000694                mesh_channel
 .text.mesh_get_channel
                0x000006a4       0x1c _build/nrf52832_xxaa/mesh.c.o
                0x000006a4                mesh_get_channel
 .text.mesh_set_crc
                0x000006c0       0x68 _build/nrf52832_xxaa/mesh.c.o
                0x000006c0                mesh_set_crc
 .text.mesh_get_crc
                0x00000728       0x1c _build/nrf52832_xxaa/mesh.c.o
                0x00000728                mesh_get_crc
 .text.mesh_pre_tx
                0x00000744        0xc _build/nrf52832_xxaa/mesh.c.o
                0x00000744                mesh_pre_tx
 .text.mesh_post_tx
                0x00000750        0xc _build/nrf52832_xxaa/mesh.c.o
                0x00000750                mesh_post_tx
 .text.mesh_message_2_esb_payload
                0x0000075c       0x9e _build/nrf52832_xxaa/mesh.c.o
                0x0000075c                mesh_message_2_esb_payload
 .text.mesh_esb_2_message_payload
                0x000007fa       0xb2 _build/nrf52832_xxaa/mesh.c.o
                0x000007fa                mesh_esb_2_message_payload
 .text.mesh_rx_handler
                0x000008ac       0x64 _build/nrf52832_xxaa/mesh.c.o
                0x000008ac                mesh_rx_handler
 .text.mesh_consume_rx_messages
                0x00000910       0x2c _build/nrf52832_xxaa/mesh.c.o
                0x00000910                mesh_consume_rx_messages
 .text.nrf_esb_event_handler
                0x0000093c       0x54 _build/nrf52832_xxaa/mesh.c.o
                0x0000093c                nrf_esb_event_handler
 .text.mesh_init
                0x00000990      0x164 _build/nrf52832_xxaa/mesh.c.o
                0x00000990                mesh_init
 .text.mesh_wait_tx
                0x00000af4       0x24 _build/nrf52832_xxaa/mesh.c.o
                0x00000af4                mesh_wait_tx
 .text.mesh_tx_raw
                0x00000b18       0x58 _build/nrf52832_xxaa/mesh.c.o
                0x00000b18                mesh_tx_raw
 .text.mesh_tx_message
                0x00000b70       0x38 _build/nrf52832_xxaa/mesh.c.o
                0x00000b70                mesh_tx_message
 .text.mesh_tx_ack
                0x00000ba8       0x40 _build/nrf52832_xxaa/mesh.c.o
                0x00000ba8                mesh_tx_ack
 .text.alive_add_rtx_info
                0x00000be8       0x68 _build/nrf52832_xxaa/mesh.c.o
                0x00000be8                alive_add_rtx_info
 .text.mesh_forward_message
                0x00000c50       0x58 _build/nrf52832_xxaa/mesh.c.o
                0x00000c50                mesh_forward_message
 .text.mesh_tx_reset
                0x00000ca8       0x44 _build/nrf52832_xxaa/mesh.c.o
                0x00000ca8                mesh_tx_reset
 .text.mesh_ucast_data
                0x00000cec       0x48 _build/nrf52832_xxaa/mesh.c.o
                0x00000cec                mesh_ucast_data
 .text.mesh_bcast_data
                0x00000d34       0x44 _build/nrf52832_xxaa/mesh.c.o
                0x00000d34                mesh_bcast_data
 .text.rx_alive
                0x00000d78      0x19c _build/nrf52832_xxaa/mesh.c.o
                0x00000d78                rx_alive
 .text.rx_reset
                0x00000f14       0x78 _build/nrf52832_xxaa/mesh.c.o
                0x00000f14                rx_reset
 .text.rx_env   0x00000f8c      0x22c _build/nrf52832_xxaa/mesh.c.o
                0x00000f8c                rx_env
 .text.rx_voc   0x000011b8      0x2ac _build/nrf52832_xxaa/mesh.c.o
                0x000011b8                rx_voc
 .text.rx_motion
                0x00001464      0x26c _build/nrf52832_xxaa/mesh.c.o
                0x00001464                rx_motion
 .text.rx_range
                0x000016d0      0x138 _build/nrf52832_xxaa/mesh.c.o
                0x000016d0                rx_range
 .text.rx_co2   0x00001808      0x240 _build/nrf52832_xxaa/mesh.c.o
                0x00001808                rx_co2
 .text.rx_als   0x00001a48      0x190 _build/nrf52832_xxaa/mesh.c.o
                0x00001a48                rx_als
 .text.rx_battery
                0x00001bd8       0x80 _build/nrf52832_xxaa/mesh.c.o
                0x00001bd8                rx_battery
 .text.rx_text  0x00001c58       0x24 _build/nrf52832_xxaa/mesh.c.o
                0x00001c58                rx_text
 .text.mesh_parse
                0x00001c7c      0x24c _build/nrf52832_xxaa/mesh.c.o
                0x00001c7c                mesh_parse
 .text.cmd_parse_response
                0x00001ec8      0x118 _build/nrf52832_xxaa/mesh.c.o
                0x00001ec8                cmd_parse_response
 .text.mesh_execute_cmd
                0x00001fe0      0x16c _build/nrf52832_xxaa/mesh.c.o
                0x00001fe0                mesh_execute_cmd
 .text.mesh_text_request
                0x0000214c       0xc4 _build/nrf52832_xxaa/mesh.c.o
                0x0000214c                mesh_text_request
 .text.nrf_mtx_init
                0x00002210       0x1e _build/nrf52832_xxaa/app_ser.c.o
 .text.nrf_mtx_trylock
                0x0000222e       0x2a _build/nrf52832_xxaa/app_ser.c.o
 .text.nrf_mtx_unlock
                0x00002258       0x1e _build/nrf52832_xxaa/app_ser.c.o
 .text.sleep_handler
                0x00002276       0x14 _build/nrf52832_xxaa/app_ser.c.o
 *fill*         0x0000228a        0x2 
 .text.serial_rx_handler
                0x0000228c       0x84 _build/nrf52832_xxaa/app_ser.c.o
                0x0000228c                serial_rx_handler
 .text.ser_event_handler
                0x00002310       0xc4 _build/nrf52832_xxaa/app_ser.c.o
 .text.ser_init
                0x000023d4       0x4c _build/nrf52832_xxaa/app_ser.c.o
                0x000023d4                ser_init
 .text.ser_send
                0x00002420       0x78 _build/nrf52832_xxaa/app_ser.c.o
                0x00002420                ser_send
 .text.get_this_node_id
                0x00002498       0x10 _build/nrf52832_xxaa/utils.c.o
                0x00002498                get_this_node_id
 .text.sprint_buf
                0x000024a8       0x78 _build/nrf52832_xxaa/utils.c.o
                0x000024a8                sprint_buf
 .text.strbegins
                0x00002520       0x4a _build/nrf52832_xxaa/utils.c.o
                0x00002520                strbegins
 .text.get_hex_char
                0x0000256a       0x44 _build/nrf52832_xxaa/utils.c.o
                0x0000256a                get_hex_char
 .text.get_hex  0x000025ae       0x3c _build/nrf52832_xxaa/utils.c.o
                0x000025ae                get_hex
 .text.text2bin
                0x000025ea       0x8c _build/nrf52832_xxaa/utils.c.o
                0x000025ea                text2bin
 .text.nrf_atomic_u32_fetch_store
                0x00002676       0x30 _build/nrf52832_xxaa/nrf_atomic.c.o
                0x00002676                nrf_atomic_u32_fetch_store
 .text.nrf_queue_next_idx
                0x000026a6       0x28 _build/nrf52832_xxaa/nrf_queue.c.o
 .text.queue_utilization_get
                0x000026ce       0x42 _build/nrf52832_xxaa/nrf_queue.c.o
 .text.queue_write
                0x00002710      0x104 _build/nrf52832_xxaa/nrf_queue.c.o
 .text.nrf_queue_in
                0x00002814       0x66 _build/nrf52832_xxaa/nrf_queue.c.o
                0x00002814                nrf_queue_in
 .text.queue_read
                0x0000287a       0xd2 _build/nrf52832_xxaa/nrf_queue.c.o
 .text.nrf_queue_out
                0x0000294c       0x4e _build/nrf52832_xxaa/nrf_queue.c.o
                0x0000294c                nrf_queue_out
 .text.nrf_queue_reset
                0x0000299a       0x2a _build/nrf52832_xxaa/nrf_queue.c.o
                0x0000299a                nrf_queue_reset
 .text.nrf_queue_utilization_get
                0x000029c4       0x26 _build/nrf52832_xxaa/nrf_queue.c.o
                0x000029c4                nrf_queue_utilization_get
 .text.nrf_queue_available_get
                0x000029ea       0x1e _build/nrf52832_xxaa/nrf_queue.c.o
                0x000029ea                nrf_queue_available_get
 .text.nrfx_is_in_ram
                0x00002a08       0x26 _build/nrf52832_xxaa/nrf_serial.c.o
 *fill*         0x00002a2e        0x2 
 .text.nrf_drv_uart_uninit
                0x00002a30       0x48 _build/nrf52832_xxaa/nrf_serial.c.o
 .text.nrf_drv_uart_tx
                0x00002a78       0x60 _build/nrf52832_xxaa/nrf_serial.c.o
 .text.nrf_drv_uart_tx_in_progress
                0x00002ad8       0x54 _build/nrf52832_xxaa/nrf_serial.c.o
 .text.nrf_drv_uart_rx
                0x00002b2c       0x60 _build/nrf52832_xxaa/nrf_serial.c.o
 .text.nrf_drv_uart_rx_ready
                0x00002b8c       0x54 _build/nrf52832_xxaa/nrf_serial.c.o
 .text.nrf_drv_uart_rx_enable
                0x00002be0       0x3c _build/nrf52832_xxaa/nrf_serial.c.o
 .text.nrf_drv_uart_rx_abort
                0x00002c1c       0x48 _build/nrf52832_xxaa/nrf_serial.c.o
 .text.nrf_mtx_init
                0x00002c64       0x1e _build/nrf52832_xxaa/nrf_serial.c.o
 .text.nrf_mtx_trylock
                0x00002c82       0x2a _build/nrf52832_xxaa/nrf_serial.c.o
 .text.nrf_mtx_unlock
                0x00002cac       0x1e _build/nrf52832_xxaa/nrf_serial.c.o
 .text.event_handler
                0x00002cca       0x30 _build/nrf52832_xxaa/nrf_serial.c.o
 .text.sleep_handler
                0x00002cfa       0x34 _build/nrf52832_xxaa/nrf_serial.c.o
 .text.serial_rx
                0x00002d2e       0x88 _build/nrf52832_xxaa/nrf_serial.c.o
 .text.serial_tx
                0x00002db6       0x9c _build/nrf52832_xxaa/nrf_serial.c.o
 .text.uart_event_handler
                0x00002e52       0xd8 _build/nrf52832_xxaa/nrf_serial.c.o
 *fill*         0x00002f2a        0x2 
 .text.nrf_serial_init
                0x00002f2c      0x140 _build/nrf52832_xxaa/nrf_serial.c.o
                0x00002f2c                nrf_serial_init
 .text.nrf_serial_uninit
                0x0000306c       0xa6 _build/nrf52832_xxaa/nrf_serial.c.o
                0x0000306c                nrf_serial_uninit
 .text.serial_timeout_handler
                0x00003112       0x1e _build/nrf52832_xxaa/nrf_serial.c.o
 .text.timeout_setup
                0x00003130       0x7c _build/nrf52832_xxaa/nrf_serial.c.o
 .text.nrf_serial_write
                0x000031ac      0x146 _build/nrf52832_xxaa/nrf_serial.c.o
                0x000031ac                nrf_serial_write
 .text.nrf_serial_read
                0x000032f2      0x138 _build/nrf52832_xxaa/nrf_serial.c.o
                0x000032f2                nrf_serial_read
 .text.nrf_serial_rx_drain
                0x0000342a       0x8e _build/nrf52832_xxaa/nrf_serial.c.o
                0x0000342a                nrf_serial_rx_drain
 .text.NVIC_EnableIRQ
                0x000034b8       0x34 _build/nrf52832_xxaa/app_timer.c.o
 .text.NVIC_DisableIRQ
                0x000034ec       0x34 _build/nrf52832_xxaa/app_timer.c.o
 .text.NVIC_SetPendingIRQ
                0x00003520       0x34 _build/nrf52832_xxaa/app_timer.c.o
 .text.NVIC_ClearPendingIRQ
                0x00003554       0x34 _build/nrf52832_xxaa/app_timer.c.o
 .text.nrfx_coredep_delay_us
                0x00003588       0x30 _build/nrf52832_xxaa/app_timer.c.o
 .text.rtc1_start
                0x000035b8       0x44 _build/nrf52832_xxaa/app_timer.c.o
 .text.rtc1_stop
                0x000035fc       0x54 _build/nrf52832_xxaa/app_timer.c.o
 .text.rtc1_counter_get
                0x00003650       0x18 _build/nrf52832_xxaa/app_timer.c.o
 .text.ticks_diff_get
                0x00003668       0x20 _build/nrf52832_xxaa/app_timer.c.o
 .text.rtc1_compare0_set
                0x00003688       0x20 _build/nrf52832_xxaa/app_timer.c.o
 .text.timer_list_insert
                0x000036a8       0xb4 _build/nrf52832_xxaa/app_timer.c.o
 .text.timer_list_remove
                0x0000375c       0xc0 _build/nrf52832_xxaa/app_timer.c.o
 .text.timer_timeouts_check_sched
                0x0000381c        0xe _build/nrf52832_xxaa/app_timer.c.o
 .text.timer_list_handler_sched
                0x0000382a        0xe _build/nrf52832_xxaa/app_timer.c.o
 .text.timeout_handler_exec
                0x00003838       0x1c _build/nrf52832_xxaa/app_timer.c.o
 .text.timer_timeouts_check
                0x00003854       0xc8 _build/nrf52832_xxaa/app_timer.c.o
 .text.elapsed_ticks_acquire
                0x0000391c       0x80 _build/nrf52832_xxaa/app_timer.c.o
 .text.expired_timers_handler
                0x0000399c       0x9c _build/nrf52832_xxaa/app_timer.c.o
 .text.list_insertions_handler
                0x00003a38      0x1b8 _build/nrf52832_xxaa/app_timer.c.o
 .text.compare_reg_update
                0x00003bf0       0xb4 _build/nrf52832_xxaa/app_timer.c.o
 .text.timer_list_handler
                0x00003ca4       0x74 _build/nrf52832_xxaa/app_timer.c.o
 .text.user_op_enque
                0x00003d18       0x20 _build/nrf52832_xxaa/app_timer.c.o
 .text.user_op_alloc
                0x00003d38       0x5c _build/nrf52832_xxaa/app_timer.c.o
 .text.timer_start_op_schedule
                0x00003d94       0x7a _build/nrf52832_xxaa/app_timer.c.o
 .text.timer_stop_op_schedule
                0x00003e0e       0x5c _build/nrf52832_xxaa/app_timer.c.o
 *fill*         0x00003e6a        0x2 
 .text.RTC1_IRQHandler
                0x00003e6c       0x40 _build/nrf52832_xxaa/app_timer.c.o
                0x00003e6c                RTC1_IRQHandler
 .text.SWI1_EGU1_IRQHandler
                0x00003eac        0xc _build/nrf52832_xxaa/app_timer.c.o
                0x00003eac                SWI1_EGU1_IRQHandler
 .text.app_timer_create
                0x00003eb8       0x68 _build/nrf52832_xxaa/app_timer.c.o
                0x00003eb8                app_timer_create
 .text.app_timer_start
                0x00003f20       0x68 _build/nrf52832_xxaa/app_timer.c.o
                0x00003f20                app_timer_start
 .text.app_timer_stop
                0x00003f88       0x48 _build/nrf52832_xxaa/app_timer.c.o
                0x00003f88                app_timer_stop
 .text.app_error_handler_bare
                0x00003fd0       0x2c _build/nrf52832_xxaa/app_error.c.o
                0x00003fd0                app_error_handler_bare
 .text.NVIC_SystemReset
                0x00003ffc       0x28 _build/nrf52832_xxaa/app_error_weak.c.o
 .text.app_error_fault_handler
                0x00004024       0x2c _build/nrf52832_xxaa/app_error_weak.c.o
                0x00004024                app_error_fault_handler
 .text.app_util_disable_irq
                0x00004050       0x20 _build/nrf52832_xxaa/app_util_platform.c.o
                0x00004050                app_util_disable_irq
 .text.app_util_enable_irq
                0x00004070       0x28 _build/nrf52832_xxaa/app_util_platform.c.o
                0x00004070                app_util_enable_irq
 .text.app_util_critical_region_enter
                0x00004098       0x14 _build/nrf52832_xxaa/app_util_platform.c.o
                0x00004098                app_util_critical_region_enter
 .text.app_util_critical_region_exit
                0x000040ac       0x16 _build/nrf52832_xxaa/app_util_platform.c.o
                0x000040ac                app_util_critical_region_exit
 *fill*         0x000040c2        0x2 
 .text.NVIC_EnableIRQ
                0x000040c4       0x34 _build/nrf52832_xxaa/nrf_esb.c.o
 .text.NVIC_DisableIRQ
                0x000040f8       0x34 _build/nrf52832_xxaa/nrf_esb.c.o
 .text.NVIC_SetPendingIRQ
                0x0000412c       0x34 _build/nrf52832_xxaa/nrf_esb.c.o
 .text.NVIC_ClearPendingIRQ
                0x00004160       0x34 _build/nrf52832_xxaa/nrf_esb.c.o
 .text.NVIC_SetPriority
                0x00004194       0x54 _build/nrf52832_xxaa/nrf_esb.c.o
 .text.bytewise_bit_swap
                0x000041e8       0x30 _build/nrf52832_xxaa/nrf_esb.c.o
 .text.addr_conv
                0x00004218       0x20 _build/nrf52832_xxaa/nrf_esb.c.o
 .text.apply_address_workarounds
                0x00004238      0x148 _build/nrf52832_xxaa/nrf_esb.c.o
 .text.update_rf_payload_format_esb_dpl
                0x00004380       0x38 _build/nrf52832_xxaa/nrf_esb.c.o
 .text.update_radio_addresses
                0x000043b8       0x7c _build/nrf52832_xxaa/nrf_esb.c.o
 .text.update_radio_tx_power
                0x00004434       0x20 _build/nrf52832_xxaa/nrf_esb.c.o
 .text.update_radio_bitrate
                0x00004454       0x64 _build/nrf52832_xxaa/nrf_esb.c.o
 .text.update_radio_crc
                0x000044b8       0x68 _build/nrf52832_xxaa/nrf_esb.c.o
 .text.update_radio_parameters
                0x00004520       0x68 _build/nrf52832_xxaa/nrf_esb.c.o
 .text.reset_fifos
                0x00004588       0x40 _build/nrf52832_xxaa/nrf_esb.c.o
 .text.initialize_fifos
                0x000045c8       0x78 _build/nrf52832_xxaa/nrf_esb.c.o
 .text.tx_fifo_remove_last
                0x00004640       0x44 _build/nrf52832_xxaa/nrf_esb.c.o
 .text.rx_fifo_push_rfbuf
                0x00004684       0xb4 _build/nrf52832_xxaa/nrf_esb.c.o
 .text.sys_timer_init
                0x00004738       0x2c _build/nrf52832_xxaa/nrf_esb.c.o
 .text.ppi_init
                0x00004764       0x74 _build/nrf52832_xxaa/nrf_esb.c.o
 .text.start_tx_transaction
                0x000047d8       0xd0 _build/nrf52832_xxaa/nrf_esb.c.o
 .text.on_radio_disabled_tx_noack
                0x000048a8       0x44 _build/nrf52832_xxaa/nrf_esb.c.o
 .text.clear_events_restart_rx
                0x000048ec       0x60 _build/nrf52832_xxaa/nrf_esb.c.o
 .text.on_radio_disabled_rx
                0x0000494c       0x5c _build/nrf52832_xxaa/nrf_esb.c.o
 .text.nrf_esb_get_clear_interrupts
                0x000049a8       0x50 _build/nrf52832_xxaa/nrf_esb.c.o
 .text.RADIO_IRQHandler
                0x000049f8       0x90 _build/nrf52832_xxaa/nrf_esb.c.o
                0x000049f8                RADIO_IRQHandler
 .text.nrf_esb_init
                0x00004a88      0x104 _build/nrf52832_xxaa/nrf_esb.c.o
                0x00004a88                nrf_esb_init
 .text.nrf_esb_disable
                0x00004b8c       0x38 _build/nrf52832_xxaa/nrf_esb.c.o
                0x00004b8c                nrf_esb_disable
 .text.SWI0_EGU0_IRQHandler
                0x00004bc4       0x80 _build/nrf52832_xxaa/nrf_esb.c.o
                0x00004bc4                SWI0_EGU0_IRQHandler
 .text.nrf_esb_write_payload
                0x00004c44       0xd4 _build/nrf52832_xxaa/nrf_esb.c.o
                0x00004c44                nrf_esb_write_payload
 .text.nrf_esb_read_rx_payload
                0x00004d18       0xb8 _build/nrf52832_xxaa/nrf_esb.c.o
                0x00004d18                nrf_esb_read_rx_payload
 .text.nrf_esb_start_rx
                0x00004dd0       0xac _build/nrf52832_xxaa/nrf_esb.c.o
                0x00004dd0                nrf_esb_start_rx
 .text.nrf_esb_stop_rx
                0x00004e7c       0x64 _build/nrf52832_xxaa/nrf_esb.c.o
                0x00004e7c                nrf_esb_stop_rx
 .text.nrf_esb_flush_tx
                0x00004ee0       0x44 _build/nrf52832_xxaa/nrf_esb.c.o
                0x00004ee0                nrf_esb_flush_tx
 .text.nrf_esb_set_base_address_0
                0x00004f24       0x90 _build/nrf52832_xxaa/nrf_esb.c.o
                0x00004f24                nrf_esb_set_base_address_0
 .text.nrf_esb_set_base_address_1
                0x00004fb4       0xe8 _build/nrf52832_xxaa/nrf_esb.c.o
                0x00004fb4                nrf_esb_set_base_address_1
 .text.nrf_esb_set_prefixes
                0x0000509c       0xf0 _build/nrf52832_xxaa/nrf_esb.c.o
                0x0000509c                nrf_esb_set_prefixes
 .text.nrf_esb_set_rf_channel
                0x0000518c       0x3c _build/nrf52832_xxaa/nrf_esb.c.o
                0x0000518c                nrf_esb_set_rf_channel
 .text.nrf_esb_set_tx_power
                0x000051c8       0x3c _build/nrf52832_xxaa/nrf_esb.c.o
                0x000051c8                nrf_esb_set_tx_power
 .text.TIMER3_IRQHandler
                0x00005204       0x3c _build/nrf52832_xxaa/nrf_esb.c.o
                0x00005204                TIMER3_IRQHandler
 .text.uarte_evt_handler
                0x00005240       0x50 _build/nrf52832_xxaa/nrf_drv_uart.c.o
 .text.uart_evt_handler
                0x00005290       0x50 _build/nrf52832_xxaa/nrf_drv_uart.c.o
 .text.nrf_drv_uart_init
                0x000052e0       0xcc _build/nrf52832_xxaa/nrf_drv_uart.c.o
                0x000052e0                nrf_drv_uart_init
 .text.nrf_clock_hf_is_running
                0x000053ac       0x32 _build/nrf52832_xxaa/nrf_drv_clock.c.o
 .text.nrfx_clock_hfclk_is_running
                0x000053de       0x10 _build/nrf52832_xxaa/nrf_drv_clock.c.o
 .text.hfclk_start
                0x000053ee        0xc _build/nrf52832_xxaa/nrf_drv_clock.c.o
 *fill*         0x000053fa        0x2 
 .text.nrf_drv_clock_init
                0x000053fc       0x54 _build/nrf52832_xxaa/nrf_drv_clock.c.o
                0x000053fc                nrf_drv_clock_init
 .text.item_enqueue
                0x00005450       0x42 _build/nrf52832_xxaa/nrf_drv_clock.c.o
 .text.item_dequeue
                0x00005492       0x2a _build/nrf52832_xxaa/nrf_drv_clock.c.o
 .text.nrf_drv_clock_hfclk_request
                0x000054bc       0x78 _build/nrf52832_xxaa/nrf_drv_clock.c.o
                0x000054bc                nrf_drv_clock_hfclk_request
 .text.nrf_drv_clock_hfclk_is_running
                0x00005534        0xe _build/nrf52832_xxaa/nrf_drv_clock.c.o
                0x00005534                nrf_drv_clock_hfclk_is_running
 *fill*         0x00005542        0x2 
 .text.clock_clk_started_notify
                0x00005544       0x48 _build/nrf52832_xxaa/nrf_drv_clock.c.o
 .text.clock_irq_handler
                0x0000558c       0x3c _build/nrf52832_xxaa/nrf_drv_clock.c.o
 .text.NVIC_SystemReset
                0x000055c8       0x28 _build/nrf52832_xxaa/system_nrf52.c.o
 .text.SystemCoreClockUpdate
                0x000055f0       0x1c _build/nrf52832_xxaa/system_nrf52.c.o
                0x000055f0                SystemCoreClockUpdate
 .text.SystemInit
                0x0000560c      0x2d8 _build/nrf52832_xxaa/system_nrf52.c.o
                0x0000560c                SystemInit
 .text.errata_12
                0x000058e4       0x64 _build/nrf52832_xxaa/system_nrf52.c.o
 .text.errata_16
                0x00005948       0x44 _build/nrf52832_xxaa/system_nrf52.c.o
 .text.errata_31
                0x0000598c       0x64 _build/nrf52832_xxaa/system_nrf52.c.o
 .text.errata_32
                0x000059f0       0x44 _build/nrf52832_xxaa/system_nrf52.c.o
 .text.errata_36
                0x00005a34       0x64 _build/nrf52832_xxaa/system_nrf52.c.o
 .text.errata_37
                0x00005a98       0x44 _build/nrf52832_xxaa/system_nrf52.c.o
 .text.errata_57
                0x00005adc       0x44 _build/nrf52832_xxaa/system_nrf52.c.o
 .text.errata_66
                0x00005b20       0x44 _build/nrf52832_xxaa/system_nrf52.c.o
 .text.errata_108
                0x00005b64       0x64 _build/nrf52832_xxaa/system_nrf52.c.o
 .text.errata_136
                0x00005bc8       0x64 _build/nrf52832_xxaa/system_nrf52.c.o
 .text.errata_182
                0x00005c2c       0x2c _build/nrf52832_xxaa/system_nrf52.c.o
 .text          0x00005c58       0x3c _build/nrf52832_xxaa/gcc_startup_nrf52.S.o
                0x00005c58                Reset_Handler
                0x00005c80                NMI_Handler
                0x00005c82                HardFault_Handler
                0x00005c84                MemoryManagement_Handler
                0x00005c86                BusFault_Handler
                0x00005c88                UsageFault_Handler
                0x00005c8a                SVC_Handler
                0x00005c8c                DebugMon_Handler
                0x00005c8e                PendSV_Handler
                0x00005c90                SysTick_Handler
                0x00005c92                TEMP_IRQHandler
                0x00005c92                QDEC_IRQHandler
                0x00005c92                FPU_IRQHandler
                0x00005c92                SPIM0_SPIS0_TWIM0_TWIS0_SPI0_TWI0_IRQHandler
                0x00005c92                PDM_IRQHandler
                0x00005c92                TIMER4_IRQHandler
                0x00005c92                I2S_IRQHandler
                0x00005c92                SWI4_EGU4_IRQHandler
                0x00005c92                SWI2_EGU2_IRQHandler
                0x00005c92                PWM1_IRQHandler
                0x00005c92                PWM2_IRQHandler
                0x00005c92                ECB_IRQHandler
                0x00005c92                SPIM1_SPIS1_TWIM1_TWIS1_SPI1_TWI1_IRQHandler
                0x00005c92                Default_Handler
                0x00005c92                CCM_AAR_IRQHandler
                0x00005c92                WDT_IRQHandler
                0x00005c92                GPIOTE_IRQHandler
                0x00005c92                SWI5_EGU5_IRQHandler
                0x00005c92                RNG_IRQHandler
                0x00005c92                RTC2_IRQHandler
                0x00005c92                PWM0_IRQHandler
                0x00005c92                SWI3_EGU3_IRQHandler
                0x00005c92                SPIM2_SPIS2_SPI2_IRQHandler
                0x00005c92                NFCT_IRQHandler
                0x00005c92                TIMER1_IRQHandler
                0x00005c92                MWU_IRQHandler
                0x00005c92                TIMER2_IRQHandler
                0x00005c92                COMP_LPCOMP_IRQHandler
 .text.NVIC_EnableIRQ
                0x00005c94       0x34 _build/nrf52832_xxaa/nrfx_uart.c.o
 .text.NVIC_DisableIRQ
                0x00005cc8       0x34 _build/nrf52832_xxaa/nrfx_uart.c.o
 .text.NVIC_ClearPendingIRQ
                0x00005cfc       0x34 _build/nrf52832_xxaa/nrfx_uart.c.o
 .text.NVIC_SetPriority
                0x00005d30       0x54 _build/nrf52832_xxaa/nrfx_uart.c.o
 .text.nrfx_get_irq_number
                0x00005d84       0x1e _build/nrf52832_xxaa/nrfx_uart.c.o
 .text._NRFX_IRQ_PRIORITY_SET
                0x00005da2       0x26 _build/nrf52832_xxaa/nrfx_uart.c.o
 .text._NRFX_IRQ_ENABLE
                0x00005dc8       0x26 _build/nrf52832_xxaa/nrfx_uart.c.o
 .text._NRFX_IRQ_DISABLE
                0x00005dee       0x1c _build/nrf52832_xxaa/nrfx_uart.c.o
 .text.nrf_uart_event_clear
                0x00005e0a       0x2e _build/nrf52832_xxaa/nrfx_uart.c.o
 .text.nrf_uart_event_check
                0x00005e38       0x2a _build/nrf52832_xxaa/nrfx_uart.c.o
 .text.nrf_uart_int_enable
                0x00005e62       0x1e _build/nrf52832_xxaa/nrfx_uart.c.o
 .text.nrf_uart_int_enable_check
                0x00005e80       0x2a _build/nrf52832_xxaa/nrfx_uart.c.o
 .text.nrf_uart_int_disable
                0x00005eaa       0x1e _build/nrf52832_xxaa/nrfx_uart.c.o
 .text.nrf_uart_errorsrc_get_and_clear
                0x00005ec8       0x26 _build/nrf52832_xxaa/nrfx_uart.c.o
 .text.nrf_uart_enable
                0x00005eee       0x1c _build/nrf52832_xxaa/nrfx_uart.c.o
 .text.nrf_uart_disable
                0x00005f0a       0x1c _build/nrf52832_xxaa/nrfx_uart.c.o
 .text.nrf_uart_txrx_pins_set
                0x00005f26       0x28 _build/nrf52832_xxaa/nrfx_uart.c.o
 .text.nrf_uart_txrx_pins_disconnect
                0x00005f4e       0x1e _build/nrf52832_xxaa/nrfx_uart.c.o
 .text.nrf_uart_tx_pin_get
                0x00005f6c       0x1a _build/nrf52832_xxaa/nrfx_uart.c.o
 .text.nrf_uart_rx_pin_get
                0x00005f86       0x1a _build/nrf52832_xxaa/nrfx_uart.c.o
 .text.nrf_uart_rts_pin_get
                0x00005fa0       0x1a _build/nrf52832_xxaa/nrfx_uart.c.o
 .text.nrf_uart_cts_pin_get
                0x00005fba       0x1a _build/nrf52832_xxaa/nrfx_uart.c.o
 .text.nrf_uart_hwfc_pins_set
                0x00005fd4       0x28 _build/nrf52832_xxaa/nrfx_uart.c.o
 .text.nrf_uart_hwfc_pins_disconnect
                0x00005ffc       0x1e _build/nrf52832_xxaa/nrfx_uart.c.o
 .text.nrf_uart_rxd_get
                0x0000601a       0x1c _build/nrf52832_xxaa/nrfx_uart.c.o
 .text.nrf_uart_txd_set
                0x00006036       0x20 _build/nrf52832_xxaa/nrfx_uart.c.o
 .text.nrf_uart_task_trigger
                0x00006056       0x22 _build/nrf52832_xxaa/nrfx_uart.c.o
 .text.nrf_uart_configure
                0x00006078       0x2c _build/nrf52832_xxaa/nrfx_uart.c.o
 .text.nrf_uart_baudrate_set
                0x000060a4       0x1e _build/nrf52832_xxaa/nrfx_uart.c.o
 .text.nrf_gpio_pin_port_decode
                0x000060c2       0x18 _build/nrf52832_xxaa/nrfx_uart.c.o
 .text.nrf_gpio_cfg
                0x000060da       0x52 _build/nrf52832_xxaa/nrfx_uart.c.o
 .text.nrf_gpio_cfg_output
                0x0000612c       0x24 _build/nrf52832_xxaa/nrfx_uart.c.o
 .text.nrf_gpio_cfg_input
                0x00006150       0x2a _build/nrf52832_xxaa/nrfx_uart.c.o
 .text.nrf_gpio_cfg_default
                0x0000617a       0x24 _build/nrf52832_xxaa/nrfx_uart.c.o
 .text.nrf_gpio_pin_set
                0x0000619e       0x2a _build/nrf52832_xxaa/nrfx_uart.c.o
 .text.nrf_gpio_port_out_set
                0x000061c8       0x1e _build/nrf52832_xxaa/nrfx_uart.c.o
 .text.apply_config
                0x000061e6       0xc8 _build/nrf52832_xxaa/nrfx_uart.c.o
 *fill*         0x000062ae        0x2 
 .text.interrupts_enable
                0x000062b0       0x6c _build/nrf52832_xxaa/nrfx_uart.c.o
 .text.interrupts_disable
                0x0000631c       0x34 _build/nrf52832_xxaa/nrfx_uart.c.o
 .text.pins_to_default
                0x00006350       0x8c _build/nrf52832_xxaa/nrfx_uart.c.o
 .text.nrfx_uart_init
                0x000063dc       0xc4 _build/nrf52832_xxaa/nrfx_uart.c.o
                0x000063dc                nrfx_uart_init
 .text.nrfx_uart_uninit
                0x000064a0       0x5c _build/nrf52832_xxaa/nrfx_uart.c.o
                0x000064a0                nrfx_uart_uninit
 .text.tx_byte  0x000064fc       0x3e _build/nrf52832_xxaa/nrfx_uart.c.o
 .text.tx_blocking
                0x0000653a       0x50 _build/nrf52832_xxaa/nrfx_uart.c.o
 *fill*         0x0000658a        0x2 
 .text.nrfx_uart_tx
                0x0000658c       0xd8 _build/nrf52832_xxaa/nrfx_uart.c.o
                0x0000658c                nrfx_uart_tx
 .text.nrfx_uart_tx_in_progress
                0x00006664       0x38 _build/nrf52832_xxaa/nrfx_uart.c.o
                0x00006664                nrfx_uart_tx_in_progress
 .text.rx_enable
                0x0000669c       0x38 _build/nrf52832_xxaa/nrfx_uart.c.o
 .text.rx_byte  0x000066d4       0x52 _build/nrf52832_xxaa/nrfx_uart.c.o
 *fill*         0x00006726        0x2 
 .text.nrfx_uart_rx
                0x00006728      0x1bc _build/nrf52832_xxaa/nrfx_uart.c.o
                0x00006728                nrfx_uart_rx
 .text.nrfx_uart_rx_ready
                0x000068e4       0x20 _build/nrf52832_xxaa/nrfx_uart.c.o
                0x000068e4                nrfx_uart_rx_ready
 .text.nrfx_uart_rx_enable
                0x00006904       0x50 _build/nrf52832_xxaa/nrfx_uart.c.o
                0x00006904                nrfx_uart_rx_enable
 .text.rx_done_event
                0x00006954       0x30 _build/nrf52832_xxaa/nrfx_uart.c.o
 .text.tx_done_event
                0x00006984       0x36 _build/nrf52832_xxaa/nrfx_uart.c.o
 .text.nrfx_uart_rx_abort
                0x000069ba       0x2a _build/nrf52832_xxaa/nrfx_uart.c.o
                0x000069ba                nrfx_uart_rx_abort
 .text.uart_irq_handler
                0x000069e4      0x1dc _build/nrf52832_xxaa/nrfx_uart.c.o
 .text.nrfx_uart_0_irq_handler
                0x00006bc0       0x18 _build/nrf52832_xxaa/nrfx_uart.c.o
                0x00006bc0                nrfx_uart_0_irq_handler
 .text.NVIC_EnableIRQ
                0x00006bd8       0x34 _build/nrf52832_xxaa/nrfx_uarte.c.o
 .text.NVIC_DisableIRQ
                0x00006c0c       0x34 _build/nrf52832_xxaa/nrfx_uarte.c.o
 .text.NVIC_ClearPendingIRQ
                0x00006c40       0x34 _build/nrf52832_xxaa/nrfx_uarte.c.o
 .text.NVIC_SetPriority
                0x00006c74       0x54 _build/nrf52832_xxaa/nrfx_uarte.c.o
 .text.nrfx_is_in_ram
                0x00006cc8       0x26 _build/nrf52832_xxaa/nrfx_uarte.c.o
 .text.nrfx_get_irq_number
                0x00006cee       0x1e _build/nrf52832_xxaa/nrfx_uarte.c.o
 .text._NRFX_IRQ_PRIORITY_SET
                0x00006d0c       0x26 _build/nrf52832_xxaa/nrfx_uarte.c.o
 .text._NRFX_IRQ_ENABLE
                0x00006d32       0x26 _build/nrf52832_xxaa/nrfx_uarte.c.o
 .text._NRFX_IRQ_DISABLE
                0x00006d58       0x1c _build/nrf52832_xxaa/nrfx_uarte.c.o
 .text.nrf_uarte_event_clear
                0x00006d74       0x2e _build/nrf52832_xxaa/nrfx_uarte.c.o
 .text.nrf_uarte_event_check
                0x00006da2       0x2a _build/nrf52832_xxaa/nrfx_uarte.c.o
 .text.nrf_uarte_shorts_enable
                0x00006dcc       0x26 _build/nrf52832_xxaa/nrfx_uarte.c.o
 .text.nrf_uarte_shorts_disable
                0x00006df2       0x28 _build/nrf52832_xxaa/nrfx_uarte.c.o
 .text.nrf_uarte_int_enable
                0x00006e1a       0x1e _build/nrf52832_xxaa/nrfx_uarte.c.o
 .text.nrf_uarte_int_disable
                0x00006e38       0x1e _build/nrf52832_xxaa/nrfx_uarte.c.o
 .text.nrf_uarte_errorsrc_get_and_clear
                0x00006e56       0x26 _build/nrf52832_xxaa/nrfx_uarte.c.o
 .text.nrf_uarte_enable
                0x00006e7c       0x1c _build/nrf52832_xxaa/nrfx_uarte.c.o
 .text.nrf_uarte_disable
                0x00006e98       0x1c _build/nrf52832_xxaa/nrfx_uarte.c.o
 .text.nrf_uarte_txrx_pins_set
                0x00006eb4       0x28 _build/nrf52832_xxaa/nrfx_uarte.c.o
 .text.nrf_uarte_txrx_pins_disconnect
                0x00006edc       0x1e _build/nrf52832_xxaa/nrfx_uarte.c.o
 .text.nrf_uarte_tx_pin_get
                0x00006efa       0x1a _build/nrf52832_xxaa/nrfx_uarte.c.o
 .text.nrf_uarte_rx_pin_get
                0x00006f14       0x1a _build/nrf52832_xxaa/nrfx_uarte.c.o
 .text.nrf_uarte_rts_pin_get
                0x00006f2e       0x1a _build/nrf52832_xxaa/nrfx_uarte.c.o
 .text.nrf_uarte_cts_pin_get
                0x00006f48       0x1a _build/nrf52832_xxaa/nrfx_uarte.c.o
 .text.nrf_uarte_hwfc_pins_set
                0x00006f62       0x28 _build/nrf52832_xxaa/nrfx_uarte.c.o
 .text.nrf_uarte_hwfc_pins_disconnect
                0x00006f8a       0x1e _build/nrf52832_xxaa/nrfx_uarte.c.o
 .text.nrf_uarte_task_trigger
                0x00006fa8       0x22 _build/nrf52832_xxaa/nrfx_uarte.c.o
 .text.nrf_uarte_configure
                0x00006fca       0x2c _build/nrf52832_xxaa/nrfx_uarte.c.o
 .text.nrf_uarte_baudrate_set
                0x00006ff6       0x1e _build/nrf52832_xxaa/nrfx_uarte.c.o
 .text.nrf_uarte_tx_buffer_set
                0x00007014       0x28 _build/nrf52832_xxaa/nrfx_uarte.c.o
 .text.nrf_uarte_tx_amount_get
                0x0000703c       0x1a _build/nrf52832_xxaa/nrfx_uarte.c.o
 .text.nrf_uarte_rx_buffer_set
                0x00007056       0x28 _build/nrf52832_xxaa/nrfx_uarte.c.o
 .text.nrf_uarte_rx_amount_get
                0x0000707e       0x1a _build/nrf52832_xxaa/nrfx_uarte.c.o
 .text.nrf_gpio_pin_port_decode
                0x00007098       0x18 _build/nrf52832_xxaa/nrfx_uarte.c.o
 .text.nrf_gpio_cfg
                0x000070b0       0x52 _build/nrf52832_xxaa/nrfx_uarte.c.o
 .text.nrf_gpio_cfg_output
                0x00007102       0x24 _build/nrf52832_xxaa/nrfx_uarte.c.o
 .text.nrf_gpio_cfg_input
                0x00007126       0x2a _build/nrf52832_xxaa/nrfx_uarte.c.o
 .text.nrf_gpio_cfg_default
                0x00007150       0x24 _build/nrf52832_xxaa/nrfx_uarte.c.o
 .text.nrf_gpio_pin_set
                0x00007174       0x2a _build/nrf52832_xxaa/nrfx_uarte.c.o
 .text.nrf_gpio_port_out_set
                0x0000719e       0x1e _build/nrf52832_xxaa/nrfx_uarte.c.o
 .text.apply_config
                0x000071bc       0xc8 _build/nrf52832_xxaa/nrfx_uarte.c.o
 .text.interrupts_enable
                0x00007284       0x88 _build/nrf52832_xxaa/nrfx_uarte.c.o
 .text.interrupts_disable
                0x0000730c       0x34 _build/nrf52832_xxaa/nrfx_uarte.c.o
 .text.pins_to_default
                0x00007340       0x8c _build/nrf52832_xxaa/nrfx_uarte.c.o
 .text.nrfx_uarte_init
                0x000073cc       0xbc _build/nrf52832_xxaa/nrfx_uarte.c.o
                0x000073cc                nrfx_uarte_init
 .text.nrfx_uarte_uninit
                0x00007488       0x60 _build/nrf52832_xxaa/nrfx_uarte.c.o
                0x00007488                nrfx_uarte_uninit
 .text.nrfx_uarte_tx
                0x000074e8       0xfc _build/nrf52832_xxaa/nrfx_uarte.c.o
                0x000074e8                nrfx_uarte_tx
 .text.nrfx_uarte_tx_in_progress
                0x000075e4       0x38 _build/nrf52832_xxaa/nrfx_uarte.c.o
                0x000075e4                nrfx_uarte_tx_in_progress
 .text.nrfx_uarte_rx
                0x0000761c      0x1c4 _build/nrf52832_xxaa/nrfx_uarte.c.o
                0x0000761c                nrfx_uarte_rx
 .text.nrfx_uarte_rx_ready
                0x000077e0       0x20 _build/nrf52832_xxaa/nrfx_uarte.c.o
                0x000077e0                nrfx_uarte_rx_ready
 .text.rx_done_event
                0x00007800       0x32 _build/nrf52832_xxaa/nrfx_uarte.c.o
 .text.tx_done_event
                0x00007832       0x38 _build/nrf52832_xxaa/nrfx_uarte.c.o
 .text.nrfx_uarte_rx_abort
                0x0000786a       0x1c _build/nrf52832_xxaa/nrfx_uarte.c.o
                0x0000786a                nrfx_uarte_rx_abort
 .text.uarte_irq_handler
                0x00007886      0x150 _build/nrf52832_xxaa/nrfx_uarte.c.o
 *fill*         0x000079d6        0x2 
 .text.nrfx_uarte_0_irq_handler
                0x000079d8       0x18 _build/nrf52832_xxaa/nrfx_uarte.c.o
                0x000079d8                nrfx_uarte_0_irq_handler
 .text.NVIC_EnableIRQ
                0x000079f0       0x34 _build/nrf52832_xxaa/nrfx_clock.c.o
 .text.NVIC_ClearPendingIRQ
                0x00007a24       0x34 _build/nrf52832_xxaa/nrfx_clock.c.o
 .text.NVIC_SetPriority
                0x00007a58       0x54 _build/nrf52832_xxaa/nrfx_clock.c.o
 .text._NRFX_IRQ_PRIORITY_SET
                0x00007aac       0x26 _build/nrf52832_xxaa/nrfx_clock.c.o
 .text._NRFX_IRQ_ENABLE
                0x00007ad2       0x26 _build/nrf52832_xxaa/nrfx_clock.c.o
 .text._NRFX_IRQ_IS_ENABLED
                0x00007af8       0x54 _build/nrf52832_xxaa/nrfx_clock.c.o
 .text.nrf_clock_int_enable
                0x00007b4c       0x1e _build/nrf52832_xxaa/nrfx_clock.c.o
 .text.nrf_clock_int_disable
                0x00007b6a       0x1e _build/nrf52832_xxaa/nrfx_clock.c.o
 .text.nrf_clock_task_trigger
                0x00007b88       0x20 _build/nrf52832_xxaa/nrfx_clock.c.o
 .text.nrf_clock_event_clear
                0x00007ba8       0x2c _build/nrf52832_xxaa/nrfx_clock.c.o
 .text.nrf_clock_event_check
                0x00007bd4       0x28 _build/nrf52832_xxaa/nrfx_clock.c.o
 .text.nrf_clock_lf_src_set
                0x00007bfc       0x24 _build/nrf52832_xxaa/nrfx_clock.c.o
 .text.nrfx_power_clock_irq_init
                0x00007c20       0x34 _build/nrf52832_xxaa/nrfx_clock.c.o
 .text.nrfx_clock_init
                0x00007c54       0x40 _build/nrf52832_xxaa/nrfx_clock.c.o
                0x00007c54                nrfx_clock_init
 .text.nrfx_clock_enable
                0x00007c94       0x12 _build/nrf52832_xxaa/nrfx_clock.c.o
                0x00007c94                nrfx_clock_enable
 .text.nrfx_clock_hfclk_start
                0x00007ca6       0x1c _build/nrf52832_xxaa/nrfx_clock.c.o
                0x00007ca6                nrfx_clock_hfclk_start
 *fill*         0x00007cc2        0x2 
 .text.POWER_CLOCK_IRQHandler
                0x00007cc4       0x68 _build/nrf52832_xxaa/nrfx_clock.c.o
                0x00007cc4                POWER_CLOCK_IRQHandler
 .text.nrf_rtc_int_disable
                0x00007d2c       0x1e _build/nrf52832_xxaa/nrfx_rtc.c.o
 .text.nrf_rtc_int_is_enabled
                0x00007d4a       0x20 _build/nrf52832_xxaa/nrfx_rtc.c.o
 .text.nrf_rtc_event_pending
                0x00007d6a       0x20 _build/nrf52832_xxaa/nrfx_rtc.c.o
 .text.nrf_rtc_event_clear
                0x00007d8a       0x2e _build/nrf52832_xxaa/nrfx_rtc.c.o
 .text.nrf_rtc_event_disable
                0x00007db8       0x1e _build/nrf52832_xxaa/nrfx_rtc.c.o
 *fill*         0x00007dd6        0x2 
 .text.irq_handler
                0x00007dd8      0x100 _build/nrf52832_xxaa/nrfx_rtc.c.o
 .text.RTC0_IRQHandler
                0x00007ed8       0x18 _build/nrf52832_xxaa/nrfx_rtc.c.o
                0x00007ed8                RTC0_IRQHandler
 .text.nrf_timer_event_clear
                0x00007ef0       0x2e _build/nrf52832_xxaa/nrfx_timer.c.o
 .text.nrf_timer_event_check
                0x00007f1e       0x2a _build/nrf52832_xxaa/nrfx_timer.c.o
 .text.nrf_timer_int_enable_check
                0x00007f48       0x2a _build/nrf52832_xxaa/nrfx_timer.c.o
 .text.nrf_timer_compare_event_get
                0x00007f72       0x20 _build/nrf52832_xxaa/nrfx_timer.c.o
 .text.nrf_timer_compare_int_get
                0x00007f92       0x1e _build/nrf52832_xxaa/nrfx_timer.c.o
 .text.irq_handler
                0x00007fb0       0x76 _build/nrf52832_xxaa/nrfx_timer.c.o
 *fill*         0x00008026        0x2 
 .text.TIMER0_IRQHandler
                0x00008028       0x1c _build/nrf52832_xxaa/nrfx_timer.c.o
                0x00008028                TIMER0_IRQHandler
 .text.nrf_saadc_task_trigger
                0x00008044       0x24 _build/nrf52832_xxaa/nrfx_saadc.c.o
 .text.nrf_saadc_event_check
                0x00008068       0x2c _build/nrf52832_xxaa/nrfx_saadc.c.o
 .text.nrf_saadc_event_clear
                0x00008094       0x34 _build/nrf52832_xxaa/nrfx_saadc.c.o
 .text.nrf_saadc_buffer_init
                0x000080c8       0x2c _build/nrf52832_xxaa/nrfx_saadc.c.o
 .text.SAADC_IRQHandler
                0x000080f4      0x240 _build/nrf52832_xxaa/nrfx_saadc.c.o
                0x000080f4                SAADC_IRQHandler
 .text.UARTE0_UART0_IRQHandler
                0x00008334       0x14 _build/nrf52832_xxaa/nrfx_prs.c.o
                0x00008334                UARTE0_UART0_IRQHandler
 .text.prs_box_get
                0x00008348       0x2c _build/nrf52832_xxaa/nrfx_prs.c.o
 .text.nrfx_prs_acquire
                0x00008374       0x5e _build/nrf52832_xxaa/nrfx_prs.c.o
                0x00008374                nrfx_prs_acquire
 .text.nrfx_prs_release
                0x000083d2       0x2a _build/nrf52832_xxaa/nrfx_prs.c.o
                0x000083d2                nrfx_prs_release
 .text.exit     0x000083fc       0x28 c:/program files (x86)/gnu tools arm embedded/6 2017-q2-update/bin/../lib/gcc/arm-none-eabi/6.3.1/../../../../arm-none-eabi/lib/thumb/v7e-m/fpv4-sp/hard\libc_nano.a(lib_a-exit.o)
                0x000083fc                exit
 .text.__libc_init_array
                0x00008424       0x48 c:/program files (x86)/gnu tools arm embedded/6 2017-q2-update/bin/../lib/gcc/arm-none-eabi/6.3.1/../../../../arm-none-eabi/lib/thumb/v7e-m/fpv4-sp/hard\libc_nano.a(lib_a-init.o)
                0x00008424                __libc_init_array
 .text.memcpy   0x0000846c       0x16 c:/program files (x86)/gnu tools arm embedded/6 2017-q2-update/bin/../lib/gcc/arm-none-eabi/6.3.1/../../../../arm-none-eabi/lib/thumb/v7e-m/fpv4-sp/hard\libc_nano.a(lib_a-memcpy-stub.o)
                0x0000846c                memcpy
 .text.memset   0x00008482       0x10 c:/program files (x86)/gnu tools arm embedded/6 2017-q2-update/bin/../lib/gcc/arm-none-eabi/6.3.1/../../../../arm-none-eabi/lib/thumb/v7e-m/fpv4-sp/hard\libc_nano.a(lib_a-memset.o)
                0x00008482                memset
 .text.__cvt    0x00008492       0xc2 c:/program files (x86)/gnu tools arm embedded/6 2017-q2-update/bin/../lib/gcc/arm-none-eabi/6.3.1/../../../../arm-none-eabi/lib/thumb/v7e-m/fpv4-sp/hard\libc_nano.a(lib_a-nano-vfprintf_float.o)
                0x00008492                __cvt
 .text.__exponent
                0x00008554       0x6a c:/program files (x86)/gnu tools arm embedded/6 2017-q2-update/bin/../lib/gcc/arm-none-eabi/6.3.1/../../../../arm-none-eabi/lib/thumb/v7e-m/fpv4-sp/hard\libc_nano.a(lib_a-nano-vfprintf_float.o)
                0x00008554                __exponent
 *fill*         0x000085be        0x2 
 .text._printf_float
                0x000085c0      0x480 c:/program files (x86)/gnu tools arm embedded/6 2017-q2-update/bin/../lib/gcc/arm-none-eabi/6.3.1/../../../../arm-none-eabi/lib/thumb/v7e-m/fpv4-sp/hard\libc_nano.a(lib_a-nano-vfprintf_float.o)
                0x000085c0                _printf_float
 .text._printf_common
                0x00008a40       0xec c:/program files (x86)/gnu tools arm embedded/6 2017-q2-update/bin/../lib/gcc/arm-none-eabi/6.3.1/../../../../arm-none-eabi/lib/thumb/v7e-m/fpv4-sp/hard\libc_nano.a(lib_a-nano-vfprintf_i.o)
                0x00008a40                _printf_common
 .text._printf_i
                0x00008b2c      0x240 c:/program files (x86)/gnu tools arm embedded/6 2017-q2-update/bin/../lib/gcc/arm-none-eabi/6.3.1/../../../../arm-none-eabi/lib/thumb/v7e-m/fpv4-sp/hard\libc_nano.a(lib_a-nano-vfprintf_i.o)
                0x00008b2c                _printf_i
 .text.sprintf  0x00008d6c       0x48 c:/program files (x86)/gnu tools arm embedded/6 2017-q2-update/bin/../lib/gcc/arm-none-eabi/6.3.1/../../../../arm-none-eabi/lib/thumb/v7e-m/fpv4-sp/hard\libc_nano.a(lib_a-sprintf.o)
                0x00008d6c                siprintf
                0x00008d6c                sprintf
 .text          0x00008db4       0x10 c:/program files (x86)/gnu tools arm embedded/6 2017-q2-update/bin/../lib/gcc/arm-none-eabi/6.3.1/../../../../arm-none-eabi/lib/thumb/v7e-m/fpv4-sp/hard\libc_nano.a(lib_a-strlen.o)
                0x00008db4                strlen
 .text.quorem   0x00008dc4      0x118 c:/program files (x86)/gnu tools arm embedded/6 2017-q2-update/bin/../lib/gcc/arm-none-eabi/6.3.1/../../../../arm-none-eabi/lib/thumb/v7e-m/fpv4-sp/hard\libc_nano.a(lib_a-dtoa.o)
 *fill*         0x00008edc        0x4 
 .text._dtoa_r  0x00008ee0      0xb9c c:/program files (x86)/gnu tools arm embedded/6 2017-q2-update/bin/../lib/gcc/arm-none-eabi/6.3.1/../../../../arm-none-eabi/lib/thumb/v7e-m/fpv4-sp/hard\libc_nano.a(lib_a-dtoa.o)
                0x00008ee0                _dtoa_r
 .text._localeconv_r
                0x00009a7c       0x1c c:/program files (x86)/gnu tools arm embedded/6 2017-q2-update/bin/../lib/gcc/arm-none-eabi/6.3.1/../../../../arm-none-eabi/lib/thumb/v7e-m/fpv4-sp/hard\libc_nano.a(lib_a-localeconv.o)
                0x00009a7c                _localeconv_r
 .text.malloc   0x00009a98       0x10 c:/program files (x86)/gnu tools arm embedded/6 2017-q2-update/bin/../lib/gcc/arm-none-eabi/6.3.1/../../../../arm-none-eabi/lib/thumb/v7e-m/fpv4-sp/hard\libc_nano.a(lib_a-malloc.o)
                0x00009a98                malloc
 *fill*         0x00009aa8        0x8 
 .text          0x00009ab0       0xa0 c:/program files (x86)/gnu tools arm embedded/6 2017-q2-update/bin/../lib/gcc/arm-none-eabi/6.3.1/../../../../arm-none-eabi/lib/thumb/v7e-m/fpv4-sp/hard\libc_nano.a(lib_a-memchr.o)
                0x00009ab0                memchr
 .text._Balloc  0x00009b50       0x68 c:/program files (x86)/gnu tools arm embedded/6 2017-q2-update/bin/../lib/gcc/arm-none-eabi/6.3.1/../../../../arm-none-eabi/lib/thumb/v7e-m/fpv4-sp/hard\libc_nano.a(lib_a-mprec.o)
                0x00009b50                _Balloc
 .text._Bfree   0x00009bb8       0x2e c:/program files (x86)/gnu tools arm embedded/6 2017-q2-update/bin/../lib/gcc/arm-none-eabi/6.3.1/../../../../arm-none-eabi/lib/thumb/v7e-m/fpv4-sp/hard\libc_nano.a(lib_a-mprec.o)
                0x00009bb8                _Bfree
 .text.__multadd
                0x00009be6       0x76 c:/program files (x86)/gnu tools arm embedded/6 2017-q2-update/bin/../lib/gcc/arm-none-eabi/6.3.1/../../../../arm-none-eabi/lib/thumb/v7e-m/fpv4-sp/hard\libc_nano.a(lib_a-mprec.o)
                0x00009be6                __multadd
 .text.__hi0bits
                0x00009c5c       0x3e c:/program files (x86)/gnu tools arm embedded/6 2017-q2-update/bin/../lib/gcc/arm-none-eabi/6.3.1/../../../../arm-none-eabi/lib/thumb/v7e-m/fpv4-sp/hard\libc_nano.a(lib_a-mprec.o)
                0x00009c5c                __hi0bits
 .text.__lo0bits
                0x00009c9a       0x5e c:/program files (x86)/gnu tools arm embedded/6 2017-q2-update/bin/../lib/gcc/arm-none-eabi/6.3.1/../../../../arm-none-eabi/lib/thumb/v7e-m/fpv4-sp/hard\libc_nano.a(lib_a-mprec.o)
                0x00009c9a                __lo0bits
 .text.__i2b    0x00009cf8       0x12 c:/program files (x86)/gnu tools arm embedded/6 2017-q2-update/bin/../lib/gcc/arm-none-eabi/6.3.1/../../../../arm-none-eabi/lib/thumb/v7e-m/fpv4-sp/hard\libc_nano.a(lib_a-mprec.o)
                0x00009cf8                __i2b
 .text.__multiply
                0x00009d0a      0x11a c:/program files (x86)/gnu tools arm embedded/6 2017-q2-update/bin/../lib/gcc/arm-none-eabi/6.3.1/../../../../arm-none-eabi/lib/thumb/v7e-m/fpv4-sp/hard\libc_nano.a(lib_a-mprec.o)
                0x00009d0a                __multiply
 .text.__pow5mult
                0x00009e24       0x9c c:/program files (x86)/gnu tools arm embedded/6 2017-q2-update/bin/../lib/gcc/arm-none-eabi/6.3.1/../../../../arm-none-eabi/lib/thumb/v7e-m/fpv4-sp/hard\libc_nano.a(lib_a-mprec.o)
                0x00009e24                __pow5mult
 .text.__lshift
                0x00009ec0       0xa2 c:/program files (x86)/gnu tools arm embedded/6 2017-q2-update/bin/../lib/gcc/arm-none-eabi/6.3.1/../../../../arm-none-eabi/lib/thumb/v7e-m/fpv4-sp/hard\libc_nano.a(lib_a-mprec.o)
                0x00009ec0                __lshift
 .text.__mcmp   0x00009f62       0x34 c:/program files (x86)/gnu tools arm embedded/6 2017-q2-update/bin/../lib/gcc/arm-none-eabi/6.3.1/../../../../arm-none-eabi/lib/thumb/v7e-m/fpv4-sp/hard\libc_nano.a(lib_a-mprec.o)
                0x00009f62                __mcmp
 .text.__mdiff  0x00009f96       0xbc c:/program files (x86)/gnu tools arm embedded/6 2017-q2-update/bin/../lib/gcc/arm-none-eabi/6.3.1/../../../../arm-none-eabi/lib/thumb/v7e-m/fpv4-sp/hard\libc_nano.a(lib_a-mprec.o)
                0x00009f96                __mdiff
 .text.__d2b    0x0000a052       0x9e c:/program files (x86)/gnu tools arm embedded/6 2017-q2-update/bin/../lib/gcc/arm-none-eabi/6.3.1/../../../../arm-none-eabi/lib/thumb/v7e-m/fpv4-sp/hard\libc_nano.a(lib_a-mprec.o)
                0x0000a052                __d2b
 .text._calloc_r
                0x0000a0f0       0x1c c:/program files (x86)/gnu tools arm embedded/6 2017-q2-update/bin/../lib/gcc/arm-none-eabi/6.3.1/../../../../arm-none-eabi/lib/thumb/v7e-m/fpv4-sp/hard\libc_nano.a(lib_a-nano-callocr.o)
                0x0000a0f0                _calloc_r
 .text._free_r  0x0000a10c       0x9c c:/program files (x86)/gnu tools arm embedded/6 2017-q2-update/bin/../lib/gcc/arm-none-eabi/6.3.1/../../../../arm-none-eabi/lib/thumb/v7e-m/fpv4-sp/hard\libc_nano.a(lib_a-nano-freer.o)
                0x0000a10c                _free_r
 .text._malloc_r
                0x0000a1a8       0xbc c:/program files (x86)/gnu tools arm embedded/6 2017-q2-update/bin/../lib/gcc/arm-none-eabi/6.3.1/../../../../arm-none-eabi/lib/thumb/v7e-m/fpv4-sp/hard\libc_nano.a(lib_a-nano-mallocr.o)
                0x0000a1a8                _malloc_r
 .text.__ssputs_r
                0x0000a264       0xb6 c:/program files (x86)/gnu tools arm embedded/6 2017-q2-update/bin/../lib/gcc/arm-none-eabi/6.3.1/../../../../arm-none-eabi/lib/thumb/v7e-m/fpv4-sp/hard\libc_nano.a(lib_a-nano-svfprintf.o)
                0x0000a264                __ssputs_r
 *fill*         0x0000a31a        0x2 
 .text._svfprintf_r
                0x0000a31c      0x1e8 c:/program files (x86)/gnu tools arm embedded/6 2017-q2-update/bin/../lib/gcc/arm-none-eabi/6.3.1/../../../../arm-none-eabi/lib/thumb/v7e-m/fpv4-sp/hard\libc_nano.a(lib_a-nano-svfprintf.o)
                0x0000a31c                _svfiprintf_r
                0x0000a31c                _svfprintf_r
 .text._sbrk_r  0x0000a504       0x20 c:/program files (x86)/gnu tools arm embedded/6 2017-q2-update/bin/../lib/gcc/arm-none-eabi/6.3.1/../../../../arm-none-eabi/lib/thumb/v7e-m/fpv4-sp/hard\libc_nano.a(lib_a-sbrkr.o)
                0x0000a504                _sbrk_r
 .text.__ascii_mbtowc
                0x0000a524       0x24 c:/program files (x86)/gnu tools arm embedded/6 2017-q2-update/bin/../lib/gcc/arm-none-eabi/6.3.1/../../../../arm-none-eabi/lib/thumb/v7e-m/fpv4-sp/hard\libc_nano.a(lib_a-mbtowc_r.o)
                0x0000a524                __ascii_mbtowc
 .text.memmove  0x0000a548       0x34 c:/program files (x86)/gnu tools arm embedded/6 2017-q2-update/bin/../lib/gcc/arm-none-eabi/6.3.1/../../../../arm-none-eabi/lib/thumb/v7e-m/fpv4-sp/hard\libc_nano.a(lib_a-memmove.o)
                0x0000a548                memmove
 .text.__malloc_lock
                0x0000a57c        0x2 c:/program files (x86)/gnu tools arm embedded/6 2017-q2-update/bin/../lib/gcc/arm-none-eabi/6.3.1/../../../../arm-none-eabi/lib/thumb/v7e-m/fpv4-sp/hard\libc_nano.a(lib_a-mlock.o)
                0x0000a57c                __malloc_lock
 .text.__malloc_unlock
                0x0000a57e        0x2 c:/program files (x86)/gnu tools arm embedded/6 2017-q2-update/bin/../lib/gcc/arm-none-eabi/6.3.1/../../../../arm-none-eabi/lib/thumb/v7e-m/fpv4-sp/hard\libc_nano.a(lib_a-mlock.o)
                0x0000a57e                __malloc_unlock
 .text._realloc_r
                0x0000a580       0x4c c:/program files (x86)/gnu tools arm embedded/6 2017-q2-update/bin/../lib/gcc/arm-none-eabi/6.3.1/../../../../arm-none-eabi/lib/thumb/v7e-m/fpv4-sp/hard\libc_nano.a(lib_a-nano-reallocr.o)
                0x0000a580                _realloc_r
 .text.__ascii_wctomb
                0x0000a5cc       0x1a c:/program files (x86)/gnu tools arm embedded/6 2017-q2-update/bin/../lib/gcc/arm-none-eabi/6.3.1/../../../../arm-none-eabi/lib/thumb/v7e-m/fpv4-sp/hard\libc_nano.a(lib_a-wctomb_r.o)
                0x0000a5cc                __ascii_wctomb
 .text._malloc_usable_size_r
                0x0000a5e6       0x12 c:/program files (x86)/gnu tools arm embedded/6 2017-q2-update/bin/../lib/gcc/arm-none-eabi/6.3.1/../../../../arm-none-eabi/lib/thumb/v7e-m/fpv4-sp/hard\libc_nano.a(lib_a-nano-msizer.o)
                0x0000a5e6                _malloc_usable_size_r
 .text._sbrk    0x0000a5f8       0x1c c:/program files (x86)/gnu tools arm embedded/6 2017-q2-update/bin/../lib/gcc/arm-none-eabi/6.3.1/../../../../arm-none-eabi/lib/thumb/v7e-m/fpv4-sp/hard\libnosys.a(sbrk.o)
                0x0000a5f8                _sbrk
 .text._exit    0x0000a614        0x4 c:/program files (x86)/gnu tools arm embedded/6 2017-q2-update/bin/../lib/gcc/arm-none-eabi/6.3.1/../../../../arm-none-eabi/lib/thumb/v7e-m/fpv4-sp/hard\libnosys.a(_exit.o)
                0x0000a614                _exit
 .text          0x0000a618      0x370 c:/program files (x86)/gnu tools arm embedded/6 2017-q2-update/bin/../lib/gcc/arm-none-eabi/6.3.1/thumb/v7e-m/fpv4-sp/hard\libgcc.a(_arm_addsubdf3.o)
                0x0000a618                __aeabi_drsub
                0x0000a620                __aeabi_dsub
                0x0000a620                __subdf3
                0x0000a624                __aeabi_dadd
                0x0000a624                __adddf3
                0x0000a89c                __floatunsidf
                0x0000a89c                __aeabi_ui2d
                0x0000a8bc                __floatsidf
                0x0000a8bc                __aeabi_i2d
                0x0000a8e0                __aeabi_f2d
                0x0000a8e0                __extendsfdf2
                0x0000a91c                __floatundidf
                0x0000a91c                __aeabi_ul2d
                0x0000a92c                __floatdidf
                0x0000a92c                __aeabi_l2d
 .text          0x0000a988      0x424 c:/program files (x86)/gnu tools arm embedded/6 2017-q2-update/bin/../lib/gcc/arm-none-eabi/6.3.1/thumb/v7e-m/fpv4-sp/hard\libgcc.a(_arm_muldivdf3.o)
                0x0000a988                __aeabi_dmul
                0x0000a988                __muldf3
                0x0000abdc                __divdf3
                0x0000abdc                __aeabi_ddiv
 .text          0x0000adac      0x110 c:/program files (x86)/gnu tools arm embedded/6 2017-q2-update/bin/../lib/gcc/arm-none-eabi/6.3.1/thumb/v7e-m/fpv4-sp/hard\libgcc.a(_arm_cmpdf2.o)
                0x0000adac                __gtdf2
                0x0000adac                __gedf2
                0x0000adb4                __ltdf2
                0x0000adb4                __ledf2
                0x0000adbc                __nedf2
                0x0000adbc                __eqdf2
                0x0000adbc                __cmpdf2
                0x0000ae38                __aeabi_cdrcmple
                0x0000ae48                __aeabi_cdcmpeq
                0x0000ae48                __aeabi_cdcmple
                0x0000ae58                __aeabi_dcmpeq
                0x0000ae6c                __aeabi_dcmplt
                0x0000ae80                __aeabi_dcmple
                0x0000ae94                __aeabi_dcmpge
                0x0000aea8                __aeabi_dcmpgt
 .text          0x0000aebc       0x2c c:/program files (x86)/gnu tools arm embedded/6 2017-q2-update/bin/../lib/gcc/arm-none-eabi/6.3.1/thumb/v7e-m/fpv4-sp/hard\libgcc.a(_arm_unorddf2.o)
                0x0000aebc                __unorddf2
                0x0000aebc                __aeabi_dcmpun
 .text          0x0000aee8       0x50 c:/program files (x86)/gnu tools arm embedded/6 2017-q2-update/bin/../lib/gcc/arm-none-eabi/6.3.1/thumb/v7e-m/fpv4-sp/hard\libgcc.a(_arm_fixdfsi.o)
                0x0000aee8                __aeabi_d2iz
                0x0000aee8                __fixdfsi
 .text          0x0000af38       0x30 c:/program files (x86)/gnu tools arm embedded/6 2017-q2-update/bin/../lib/gcc/arm-none-eabi/6.3.1/thumb/v7e-m/fpv4-sp/hard\libgcc.a(_aeabi_uldivmod.o)
                0x0000af38                __aeabi_uldivmod
 .text          0x0000af68      0x2dc c:/program files (x86)/gnu tools arm embedded/6 2017-q2-update/bin/../lib/gcc/arm-none-eabi/6.3.1/thumb/v7e-m/fpv4-sp/hard\libgcc.a(_udivmoddi4.o)
                0x0000af68                __udivmoddi4
 .text          0x0000b244        0x4 c:/program files (x86)/gnu tools arm embedded/6 2017-q2-update/bin/../lib/gcc/arm-none-eabi/6.3.1/thumb/v7e-m/fpv4-sp/hard\libgcc.a(_dvmd_tls.o)
                0x0000b244                __aeabi_idiv0
                0x0000b244                __aeabi_ldiv0
 *(.init)
 .init          0x0000b248        0x4 c:/program files (x86)/gnu tools arm embedded/6 2017-q2-update/bin/../lib/gcc/arm-none-eabi/6.3.1/thumb/v7e-m/fpv4-sp/hard/crti.o
                0x0000b248                _init
 .init          0x0000b24c        0x8 c:/program files (x86)/gnu tools arm embedded/6 2017-q2-update/bin/../lib/gcc/arm-none-eabi/6.3.1/thumb/v7e-m/fpv4-sp/hard/crtn.o
 *(.fini)
 .fini          0x0000b254        0x4 c:/program files (x86)/gnu tools arm embedded/6 2017-q2-update/bin/../lib/gcc/arm-none-eabi/6.3.1/thumb/v7e-m/fpv4-sp/hard/crti.o
                0x0000b254                _fini
 .fini          0x0000b258        0x8 c:/program files (x86)/gnu tools arm embedded/6 2017-q2-update/bin/../lib/gcc/arm-none-eabi/6.3.1/thumb/v7e-m/fpv4-sp/hard/crtn.o
 *crtbegin.o(.ctors)
 *crtbegin?.o(.ctors)
 *(EXCLUDE_FILE(*crtend.o *crtend?.o) .ctors)
 *(SORT(.ctors.*))
 *(.ctors)
 *crtbegin.o(.dtors)
 *crtbegin?.o(.dtors)
 *(EXCLUDE_FILE(*crtend.o *crtend?.o) .dtors)
 *(SORT(.dtors.*))
 *(.dtors)
 *(.rodata*)
 .rodata        0x0000b260       0x24 _build/nrf52832_xxaa/main.c.o
 *fill*         0x0000b284        0xc 
 .rodata.delay_bytecode.7849
                0x0000b290        0x6 _build/nrf52832_xxaa/main.c.o
 *fill*         0x0000b296        0x2 
 .rodata        0x0000b298      0x409 _build/nrf52832_xxaa/mesh.c.o
 *fill*         0x0000b6a1        0x3 
 .rodata.m_uart0_drv_config
                0x0000b6a4       0x20 _build/nrf52832_xxaa/app_ser.c.o
 .rodata.serial_queues
                0x0000b6c4        0x8 _build/nrf52832_xxaa/app_ser.c.o
 .rodata.serial_buffs
                0x0000b6cc        0xc _build/nrf52832_xxaa/app_ser.c.o
 .rodata.serial_config
                0x0000b6d8       0x14 _build/nrf52832_xxaa/app_ser.c.o
 .rodata.serial_uart_rx_timer
                0x0000b6ec        0x4 _build/nrf52832_xxaa/app_ser.c.o
 .rodata.serial_uart_tx_timer
                0x0000b6f0        0x4 _build/nrf52832_xxaa/app_ser.c.o
 .rodata.serial_uart
                0x0000b6f4       0x20 _build/nrf52832_xxaa/app_ser.c.o
 .rodata        0x0000b714        0x9 _build/nrf52832_xxaa/utils.c.o
 *fill*         0x0000b71d        0x3 
 .rodata.delay_bytecode.8164
                0x0000b720        0x6 _build/nrf52832_xxaa/app_timer.c.o
 *fill*         0x0000b726        0x2 
 .rodata.irq_handlers.8589
                0x0000b728        0x4 _build/nrf52832_xxaa/nrfx_uart.c.o
 .rodata.irq_handlers.8627
                0x0000b72c        0x4 _build/nrf52832_xxaa/nrfx_uarte.c.o
 .rodata._global_impure_ptr
                0x0000b730        0x4 c:/program files (x86)/gnu tools arm embedded/6 2017-q2-update/bin/../lib/gcc/arm-none-eabi/6.3.1/../../../../arm-none-eabi/lib/thumb/v7e-m/fpv4-sp/hard\libc_nano.a(lib_a-impure.o)
                0x0000b730                _global_impure_ptr
 .rodata._printf_float.str1.1
                0x0000b734       0x12 c:/program files (x86)/gnu tools arm embedded/6 2017-q2-update/bin/../lib/gcc/arm-none-eabi/6.3.1/../../../../arm-none-eabi/lib/thumb/v7e-m/fpv4-sp/hard\libc_nano.a(lib_a-nano-vfprintf_float.o)
 .rodata._printf_i.str1.1
                0x0000b746       0x22 c:/program files (x86)/gnu tools arm embedded/6 2017-q2-update/bin/../lib/gcc/arm-none-eabi/6.3.1/../../../../arm-none-eabi/lib/thumb/v7e-m/fpv4-sp/hard\libc_nano.a(lib_a-nano-vfprintf_i.o)
 .rodata._dtoa_r.str1.1
                0x0000b768        0xd c:/program files (x86)/gnu tools arm embedded/6 2017-q2-update/bin/../lib/gcc/arm-none-eabi/6.3.1/../../../../arm-none-eabi/lib/thumb/v7e-m/fpv4-sp/hard\libc_nano.a(lib_a-dtoa.o)
                                  0xf (size before relaxing)
 *fill*         0x0000b775        0x3 
 .rodata.__mprec_bigtens
                0x0000b778       0x28 c:/program files (x86)/gnu tools arm embedded/6 2017-q2-update/bin/../lib/gcc/arm-none-eabi/6.3.1/../../../../arm-none-eabi/lib/thumb/v7e-m/fpv4-sp/hard\libc_nano.a(lib_a-mprec.o)
                0x0000b778                __mprec_bigtens
 .rodata.__mprec_tens
                0x0000b7a0       0xc8 c:/program files (x86)/gnu tools arm embedded/6 2017-q2-update/bin/../lib/gcc/arm-none-eabi/6.3.1/../../../../arm-none-eabi/lib/thumb/v7e-m/fpv4-sp/hard\libc_nano.a(lib_a-mprec.o)
                0x0000b7a0                __mprec_tens
 .rodata.p05.7170
                0x0000b868        0xc c:/program files (x86)/gnu tools arm embedded/6 2017-q2-update/bin/../lib/gcc/arm-none-eabi/6.3.1/../../../../arm-none-eabi/lib/thumb/v7e-m/fpv4-sp/hard\libc_nano.a(lib_a-mprec.o)
 .rodata._svfprintf_r.str1.1
                0x0000b874       0x11 c:/program files (x86)/gnu tools arm embedded/6 2017-q2-update/bin/../lib/gcc/arm-none-eabi/6.3.1/../../../../arm-none-eabi/lib/thumb/v7e-m/fpv4-sp/hard\libc_nano.a(lib_a-nano-svfprintf.o)
 .rodata._setlocale_r.str1.1
                0x0000b885        0x8 c:/program files (x86)/gnu tools arm embedded/6 2017-q2-update/bin/../lib/gcc/arm-none-eabi/6.3.1/../../../../arm-none-eabi/lib/thumb/v7e-m/fpv4-sp/hard\libc_nano.a(lib_a-locale.o)
                                  0x9 (size before relaxing)
 .rodata.str1.1
                0x0000b88d        0x2 c:/program files (x86)/gnu tools arm embedded/6 2017-q2-update/bin/../lib/gcc/arm-none-eabi/6.3.1/../../../../arm-none-eabi/lib/thumb/v7e-m/fpv4-sp/hard\libc_nano.a(lib_a-locale.o)
 .rodata._ctype_
                0x0000b88f      0x101 c:/program files (x86)/gnu tools arm embedded/6 2017-q2-update/bin/../lib/gcc/arm-none-eabi/6.3.1/../../../../arm-none-eabi/lib/thumb/v7e-m/fpv4-sp/hard\libc_nano.a(lib_a-ctype_.o)
                0x0000b88f                _ctype_
 *(.eh_frame*)
 .eh_frame      0x0000b990        0x0 c:/program files (x86)/gnu tools arm embedded/6 2017-q2-update/bin/../lib/gcc/arm-none-eabi/6.3.1/thumb/v7e-m/fpv4-sp/hard/crtbegin.o
 .eh_frame      0x0000b990        0x4 c:/program files (x86)/gnu tools arm embedded/6 2017-q2-update/bin/../lib/gcc/arm-none-eabi/6.3.1/thumb/v7e-m/fpv4-sp/hard/crtend.o

.nrf_queue      0x0000b994       0x28
 .nrf_queue     0x0000b994       0x28 _build/nrf52832_xxaa/app_ser.c.o
                0x0000b994                serial_queues_rxq
                0x0000b9a8                serial_queues_txq

.glue_7         0x0000b9bc        0x0
 .glue_7        0x0000b9bc        0x0 linker stubs

.glue_7t        0x0000b9bc        0x0
 .glue_7t       0x0000b9bc        0x0 linker stubs

.vfp11_veneer   0x0000b9bc        0x0
 .vfp11_veneer  0x0000b9bc        0x0 linker stubs

.v4_bx          0x0000b9bc        0x0
 .v4_bx         0x0000b9bc        0x0 linker stubs

.iplt           0x0000b9bc        0x0
 .iplt          0x0000b9bc        0x0 c:/program files (x86)/gnu tools arm embedded/6 2017-q2-update/bin/../lib/gcc/arm-none-eabi/6.3.1/thumb/v7e-m/fpv4-sp/hard/crtbegin.o

.mem_section_dummy_rom

.log_const_data
                0x0000b9bc        0x0
                [!provide]                PROVIDE (__start_log_const_data, .)
 *(SORT(.log_const_data*))
                [!provide]                PROVIDE (__stop_log_const_data, .)

.nrf_balloc     0x0000b9bc        0x0
                [!provide]                PROVIDE (__start_nrf_balloc, .)
 *(.nrf_balloc)
                [!provide]                PROVIDE (__stop_nrf_balloc, .)

.ARM.extab
 *(.ARM.extab* .gnu.linkonce.armextab.*)
                0x0000b9bc                __exidx_start = .

.ARM.exidx      0x0000b9bc        0x8
 *(.ARM.exidx* .gnu.linkonce.armexidx.*)
 .ARM.exidx     0x0000b9bc        0x8 c:/program files (x86)/gnu tools arm embedded/6 2017-q2-update/bin/../lib/gcc/arm-none-eabi/6.3.1/../../../../arm-none-eabi/lib/thumb/v7e-m/fpv4-sp/hard/crt0.o
 .ARM.exidx     0x0000b9c4        0x0 c:/program files (x86)/gnu tools arm embedded/6 2017-q2-update/bin/../lib/gcc/arm-none-eabi/6.3.1/thumb/v7e-m/fpv4-sp/hard\libgcc.a(_udivmoddi4.o)
                                  0x8 (size before relaxing)
                0x0000b9c4                __exidx_end = .
                0x0000b9c4                __etext = .

.rel.dyn        0x0000b9c4        0x0
 .rel.iplt      0x0000b9c4        0x0 c:/program files (x86)/gnu tools arm embedded/6 2017-q2-update/bin/../lib/gcc/arm-none-eabi/6.3.1/thumb/v7e-m/fpv4-sp/hard/crtbegin.o

.data           0x20000000      0x298 load address 0x0000b9c4
                0x20000000                __data_start__ = .
 *(vtable)
 *(.data*)
 .data.nrf_esb_config
                0x20000000       0x18 _build/nrf52832_xxaa/mesh.c.o
 .data.tx_payload
                0x20000018       0x87 _build/nrf52832_xxaa/mesh.c.o
 .data.g_ttl    0x2000009f        0x1 _build/nrf52832_xxaa/mesh.c.o
 .data.m_esb_addr
                0x200000a0       0x14 _build/nrf52832_xxaa/nrf_esb.c.o
 .data.m_radio_shorts_common
                0x200000b4        0x4 _build/nrf52832_xxaa/nrf_esb.c.o
 .data.SystemCoreClock
                0x200000b8        0x4 _build/nrf52832_xxaa/system_nrf52.c.o
                0x200000b8                SystemCoreClock
 .data._impure_ptr
                0x200000bc        0x4 c:/program files (x86)/gnu tools arm embedded/6 2017-q2-update/bin/../lib/gcc/arm-none-eabi/6.3.1/../../../../arm-none-eabi/lib/thumb/v7e-m/fpv4-sp/hard\libc_nano.a(lib_a-impure.o)
                0x200000bc                _impure_ptr
 .data.impure_data
                0x200000c0       0x60 c:/program files (x86)/gnu tools arm embedded/6 2017-q2-update/bin/../lib/gcc/arm-none-eabi/6.3.1/../../../../arm-none-eabi/lib/thumb/v7e-m/fpv4-sp/hard\libc_nano.a(lib_a-impure.o)
 .data.__global_locale
                0x20000120      0x16c c:/program files (x86)/gnu tools arm embedded/6 2017-q2-update/bin/../lib/gcc/arm-none-eabi/6.3.1/../../../../arm-none-eabi/lib/thumb/v7e-m/fpv4-sp/hard\libc_nano.a(lib_a-locale.o)
                0x20000120                __global_locale
                0x2000028c                . = ALIGN (0x4)
                0x2000028c                PROVIDE (__preinit_array_start, .)
 *(.preinit_array)
                0x2000028c                PROVIDE (__preinit_array_end, .)
                0x2000028c                . = ALIGN (0x4)
                0x2000028c                PROVIDE (__init_array_start, .)
 *(SORT(.init_array.*))
 *(.init_array)
 .init_array    0x2000028c        0x4 c:/program files (x86)/gnu tools arm embedded/6 2017-q2-update/bin/../lib/gcc/arm-none-eabi/6.3.1/thumb/v7e-m/fpv4-sp/hard/crtbegin.o
                0x20000290                PROVIDE (__init_array_end, .)
                0x20000290                . = ALIGN (0x4)
                [!provide]                PROVIDE (__fini_array_start, .)
 *(SORT(.fini_array.*))
 *(.fini_array)
 .fini_array    0x20000290        0x4 c:/program files (x86)/gnu tools arm embedded/6 2017-q2-update/bin/../lib/gcc/arm-none-eabi/6.3.1/thumb/v7e-m/fpv4-sp/hard/crtbegin.o
                [!provide]                PROVIDE (__fini_array_end, .)
 *(.jcr*)
 .jcr           0x20000294        0x0 c:/program files (x86)/gnu tools arm embedded/6 2017-q2-update/bin/../lib/gcc/arm-none-eabi/6.3.1/thumb/v7e-m/fpv4-sp/hard/crtbegin.o
 .jcr           0x20000294        0x4 c:/program files (x86)/gnu tools arm embedded/6 2017-q2-update/bin/../lib/gcc/arm-none-eabi/6.3.1/thumb/v7e-m/fpv4-sp/hard/crtend.o
                0x20000298                . = ALIGN (0x4)
                0x20000298                __data_end__ = .
LOAD c:/program files (x86)/gnu tools arm embedded/6 2017-q2-update/bin/../lib/gcc/arm-none-eabi/6.3.1/thumb/v7e-m/fpv4-sp/hard/crti.o
LOAD c:/program files (x86)/gnu tools arm embedded/6 2017-q2-update/bin/../lib/gcc/arm-none-eabi/6.3.1/thumb/v7e-m/fpv4-sp/hard/crtbegin.o
LOAD c:/program files (x86)/gnu tools arm embedded/6 2017-q2-update/bin/../lib/gcc/arm-none-eabi/6.3.1/../../../../arm-none-eabi/lib/thumb/v7e-m/fpv4-sp/hard/crt0.o
LOAD _build/nrf52832_xxaa/main.c.o
LOAD _build/nrf52832_xxaa/clocks.c.o
LOAD _build/nrf52832_xxaa/mesh.c.o
LOAD _build/nrf52832_xxaa/app_ser.c.o
LOAD _build/nrf52832_xxaa/utils.c.o
LOAD _build/nrf52832_xxaa/boards.c.o
LOAD _build/nrf52832_xxaa/nrf_fprintf.c.o
LOAD _build/nrf52832_xxaa/nrf_fprintf_format.c.o
LOAD _build/nrf52832_xxaa/nrf_atomic.c.o
LOAD _build/nrf52832_xxaa/nrf_balloc.c.o
LOAD _build/nrf52832_xxaa/nrf_memobj.c.o
LOAD _build/nrf52832_xxaa/nrf_log_frontend.c.o
LOAD _build/nrf52832_xxaa/nrf_log_str_formatter.c.o
LOAD _build/nrf52832_xxaa/nrf_log_default_backends.c.o
LOAD _build/nrf52832_xxaa/nrf_log_backend_serial.c.o
LOAD _build/nrf52832_xxaa/nrf_log_backend_uart.c.o
LOAD _build/nrf52832_xxaa/nrf_queue.c.o
LOAD _build/nrf52832_xxaa/nrf_serial.c.o
LOAD _build/nrf52832_xxaa/nrf_strerror.c.o
LOAD _build/nrf52832_xxaa/app_timer.c.o
LOAD _build/nrf52832_xxaa/app_error.c.o
LOAD _build/nrf52832_xxaa/app_error_handler_gcc.c.o
LOAD _build/nrf52832_xxaa/app_error_weak.c.o
LOAD _build/nrf52832_xxaa/app_util_platform.c.o
LOAD _build/nrf52832_xxaa/nrf_assert.c.o
LOAD _build/nrf52832_xxaa/nrf_esb.c.o
LOAD _build/nrf52832_xxaa/nrf_drv_uart.c.o
LOAD _build/nrf52832_xxaa/nrf_drv_twi.c.o
LOAD _build/nrf52832_xxaa/nrf_drv_clock.c.o
LOAD _build/nrf52832_xxaa/system_nrf52.c.o
LOAD _build/nrf52832_xxaa/gcc_startup_nrf52.S.o
LOAD _build/nrf52832_xxaa/nrfx_uart.c.o
LOAD _build/nrf52832_xxaa/nrfx_uarte.c.o
LOAD _build/nrf52832_xxaa/nrfx_twim.c.o
LOAD _build/nrf52832_xxaa/nrfx_clock.c.o
LOAD _build/nrf52832_xxaa/nrfx_rtc.c.o
LOAD _build/nrf52832_xxaa/nrfx_timer.c.o
LOAD _build/nrf52832_xxaa/nrfx_saadc.c.o
LOAD _build/nrf52832_xxaa/nrfx_prs.c.o
LOAD c:/program files (x86)/gnu tools arm embedded/6 2017-q2-update/bin/../lib/gcc/arm-none-eabi/6.3.1/../../../../arm-none-eabi/lib/thumb/v7e-m/fpv4-sp/hard\libc_nano.a
LOAD c:/program files (x86)/gnu tools arm embedded/6 2017-q2-update/bin/../lib/gcc/arm-none-eabi/6.3.1/../../../../arm-none-eabi/lib/thumb/v7e-m/fpv4-sp/hard\libnosys.a
LOAD c:/program files (x86)/gnu tools arm embedded/6 2017-q2-update/bin/../lib/gcc/arm-none-eabi/6.3.1/../../../../arm-none-eabi/lib/thumb/v7e-m/fpv4-sp/hard\libm.a
START GROUP
LOAD c:/program files (x86)/gnu tools arm embedded/6 2017-q2-update/bin/../lib/gcc/arm-none-eabi/6.3.1/thumb/v7e-m/fpv4-sp/hard\libgcc.a
LOAD c:/program files (x86)/gnu tools arm embedded/6 2017-q2-update/bin/../lib/gcc/arm-none-eabi/6.3.1/../../../../arm-none-eabi/lib/thumb/v7e-m/fpv4-sp/hard\libg_nano.a
LOAD c:/program files (x86)/gnu tools arm embedded/6 2017-q2-update/bin/../lib/gcc/arm-none-eabi/6.3.1/../../../../arm-none-eabi/lib/thumb/v7e-m/fpv4-sp/hard\libc_nano.a
END GROUP
START GROUP
LOAD c:/program files (x86)/gnu tools arm embedded/6 2017-q2-update/bin/../lib/gcc/arm-none-eabi/6.3.1/thumb/v7e-m/fpv4-sp/hard\libgcc.a
LOAD c:/program files (x86)/gnu tools arm embedded/6 2017-q2-update/bin/../lib/gcc/arm-none-eabi/6.3.1/../../../../arm-none-eabi/lib/thumb/v7e-m/fpv4-sp/hard\libc_nano.a
END GROUP
LOAD c:/program files (x86)/gnu tools arm embedded/6 2017-q2-update/bin/../lib/gcc/arm-none-eabi/6.3.1/thumb/v7e-m/fpv4-sp/hard/crtend.o
LOAD c:/program files (x86)/gnu tools arm embedded/6 2017-q2-update/bin/../lib/gcc/arm-none-eabi/6.3.1/thumb/v7e-m/fpv4-sp/hard/crtn.o
START GROUP
LOAD c:/program files (x86)/gnu tools arm embedded/6 2017-q2-update/bin/../lib/gcc/arm-none-eabi/6.3.1/thumb/v7e-m/fpv4-sp/hard\libgcc.a
LOAD c:/program files (x86)/gnu tools arm embedded/6 2017-q2-update/bin/../lib/gcc/arm-none-eabi/6.3.1/../../../../arm-none-eabi/lib/thumb/v7e-m/fpv4-sp/hard\libc.a
LOAD c:/program files (x86)/gnu tools arm embedded/6 2017-q2-update/bin/../lib/gcc/arm-none-eabi/6.3.1/../../../../arm-none-eabi/lib/thumb/v7e-m/fpv4-sp/hard\libnosys.a
END GROUP

.igot.plt       0x20000298        0x0 load address 0x0000bc5c
 .igot.plt      0x20000298        0x0 c:/program files (x86)/gnu tools arm embedded/6 2017-q2-update/bin/../lib/gcc/arm-none-eabi/6.3.1/thumb/v7e-m/fpv4-sp/hard/crtbegin.o
                0x20000298                . = ALIGN (0x4)

.mem_section_dummy_ram

.log_dynamic_data
                0x20000298        0x0
                [!provide]                PROVIDE (__start_log_dynamic_data, .)
 *(SORT(.log_dynamic_data*))
                [!provide]                PROVIDE (__stop_log_dynamic_data, .)

.bss            0x20000298     0x2778 load address 0x0000bc5c
                0x20000298                . = ALIGN (0x4)
                0x20000298                __bss_start__ = .
 *(.bss*)
 .bss           0x20000298       0x1c c:/program files (x86)/gnu tools arm embedded/6 2017-q2-update/bin/../lib/gcc/arm-none-eabi/6.3.1/thumb/v7e-m/fpv4-sp/hard/crtbegin.o
 .bss.uart_rx_size
                0x200002b4        0x4 _build/nrf52832_xxaa/main.c.o
                0x200002b4                uart_rx_size
 .bss.rx_payload
                0x200002b8       0x87 _build/nrf52832_xxaa/mesh.c.o
 *fill*         0x2000033f        0x1 
 .bss.rx_msg    0x20000340        0xc _build/nrf52832_xxaa/mesh.c.o
 .bss.esb_completed
                0x2000034c        0x1 _build/nrf52832_xxaa/mesh.c.o
 .bss.esb_tx_complete
                0x2000034d        0x1 _build/nrf52832_xxaa/mesh.c.o
 *fill*         0x2000034e        0x2 
 .bss.m_app_rf_handler
                0x20000350        0x4 _build/nrf52832_xxaa/mesh.c.o
 .bss.reset_reason
                0x20000354        0x4 _build/nrf52832_xxaa/mesh.c.o
 .bss.m_app_cmd_handler
                0x20000358        0x4 _build/nrf52832_xxaa/mesh.c.o
 .bss.tx_payload_window
                0x2000035c      0x128 _build/nrf52832_xxaa/mesh.c.o
 .bss.serial_queues_rxq_nrf_queue_buffer
                0x20000484       0x21 _build/nrf52832_xxaa/app_ser.c.o
 *fill*         0x200004a5        0x3 
 .bss.serial_queues_rxq_nrf_queue_cb
                0x200004a8        0xc _build/nrf52832_xxaa/app_ser.c.o
 .bss.serial_queues_txq_nrf_queue_buffer
                0x200004b4       0x81 _build/nrf52832_xxaa/app_ser.c.o
 *fill*         0x20000535        0x3 
 .bss.serial_queues_txq_nrf_queue_cb
                0x20000538        0xc _build/nrf52832_xxaa/app_ser.c.o
 .bss.serial_buffs_txb
                0x20000544        0xa _build/nrf52832_xxaa/app_ser.c.o
 *fill*         0x2000054e        0x2 
 .bss.serial_buffs_rxb
                0x20000550        0x2 _build/nrf52832_xxaa/app_ser.c.o
 *fill*         0x20000552        0x2 
 .bss.serial_uart_rx_timer_data
                0x20000554       0x20 _build/nrf52832_xxaa/app_ser.c.o
 .bss.serial_uart_tx_timer_data
                0x20000574       0x20 _build/nrf52832_xxaa/app_ser.c.o
 .bss.serial_uart_ctx
                0x20000594       0x10 _build/nrf52832_xxaa/app_ser.c.o
 .bss.m_app_serial_handler
                0x200005a4        0x4 _build/nrf52832_xxaa/app_ser.c.o
 .bss.uart_cmd  0x200005a8       0x80 _build/nrf52832_xxaa/app_ser.c.o
 .bss.uart_cmd_count
                0x20000628        0x1 _build/nrf52832_xxaa/app_ser.c.o
 *fill*         0x20000629        0x3 
 .bss.ser_evt_tx_count
                0x2000062c        0x4 _build/nrf52832_xxaa/app_ser.c.o
                0x2000062c                ser_evt_tx_count
 .bss.ser_evt_rx_count
                0x20000630        0x4 _build/nrf52832_xxaa/app_ser.c.o
                0x20000630                ser_evt_rx_count
 .bss.ser_evt_drv_err_count
                0x20000634        0x4 _build/nrf52832_xxaa/app_ser.c.o
                0x20000634                ser_evt_drv_err_count
 .bss.ser_evt_fifo_err_count
                0x20000638        0x4 _build/nrf52832_xxaa/app_ser.c.o
                0x20000638                ser_evt_fifo_err_count
 .bss.ser_tx_err_count
                0x2000063c        0x4 _build/nrf52832_xxaa/app_ser.c.o
                0x2000063c                ser_tx_err_count
 .bss.m_op_queue
                0x20000640      0x10c _build/nrf52832_xxaa/app_timer.c.o
 .bss.mp_timer_id_head
                0x2000074c        0x4 _build/nrf52832_xxaa/app_timer.c.o
 .bss.m_ticks_latest
                0x20000750        0x4 _build/nrf52832_xxaa/app_timer.c.o
 .bss.m_ticks_elapsed
                0x20000754        0x8 _build/nrf52832_xxaa/app_timer.c.o
 .bss.m_ticks_elapsed_q_read_ind
                0x2000075c        0x1 _build/nrf52832_xxaa/app_timer.c.o
 .bss.m_ticks_elapsed_q_write_ind
                0x2000075d        0x1 _build/nrf52832_xxaa/app_timer.c.o
 .bss.m_rtc1_running
                0x2000075e        0x1 _build/nrf52832_xxaa/app_timer.c.o
 .bss.m_rtc1_reset
                0x2000075f        0x1 _build/nrf52832_xxaa/app_timer.c.o
 .bss.m_in_critical_region
                0x20000760        0x4 _build/nrf52832_xxaa/app_util_platform.c.o
 .bss.m_esb_initialized
                0x20000764        0x1 _build/nrf52832_xxaa/nrf_esb.c.o
 .bss.m_nrf_esb_mainstate
                0x20000765        0x1 _build/nrf52832_xxaa/nrf_esb.c.o
 *fill*         0x20000766        0x2 
 .bss.mp_current_payload
                0x20000768        0x4 _build/nrf52832_xxaa/nrf_esb.c.o
 .bss.m_event_handler
                0x2000076c        0x4 _build/nrf52832_xxaa/nrf_esb.c.o
 .bss.m_config_local
                0x20000770       0x18 _build/nrf52832_xxaa/nrf_esb.c.o
 .bss.m_tx_fifo_payload
                0x20000788      0x438 _build/nrf52832_xxaa/nrf_esb.c.o
 .bss.m_tx_fifo
                0x20000bc0       0x2c _build/nrf52832_xxaa/nrf_esb.c.o
 .bss.m_rx_fifo_payload
                0x20000bec     0x1a5e _build/nrf52832_xxaa/nrf_esb.c.o
 *fill*         0x2000264a        0x2 
 .bss.m_rx_fifo
                0x2000264c       0xd4 _build/nrf52832_xxaa/nrf_esb.c.o
 .bss.m_tx_payload_buffer
                0x20002720       0x84 _build/nrf52832_xxaa/nrf_esb.c.o
 .bss.m_rx_payload_buffer
                0x200027a4       0x84 _build/nrf52832_xxaa/nrf_esb.c.o
 .bss.m_interrupt_flags
                0x20002828        0x4 _build/nrf52832_xxaa/nrf_esb.c.o
 .bss.m_last_tx_attempts
                0x2000282c        0x4 _build/nrf52832_xxaa/nrf_esb.c.o
 .bss.m_wait_for_ack_timeout_us
                0x20002830        0x4 _build/nrf52832_xxaa/nrf_esb.c.o
 .bss.on_radio_disabled
                0x20002834        0x4 _build/nrf52832_xxaa/nrf_esb.c.o
 .bss.on_radio_end
                0x20002838        0x4 _build/nrf52832_xxaa/nrf_esb.c.o
 .bss.m_handlers
                0x2000283c        0x4 _build/nrf52832_xxaa/nrf_drv_uart.c.o
 .bss.m_contexts
                0x20002840        0x4 _build/nrf52832_xxaa/nrf_drv_uart.c.o
 .bss.m_clock_cb
                0x20002844       0x14 _build/nrf52832_xxaa/nrf_drv_clock.c.o
 .bss.m_cb      0x20002858       0x2c _build/nrf52832_xxaa/nrfx_uart.c.o
 .bss.m_cb      0x20002884       0x24 _build/nrf52832_xxaa/nrfx_uarte.c.o
 .bss.m_clock_cb
                0x200028a8        0x8 _build/nrf52832_xxaa/nrfx_clock.c.o
 .bss.m_handlers
                0x200028b0        0x4 _build/nrf52832_xxaa/nrfx_rtc.c.o
 .bss.m_cb      0x200028b4        0xc _build/nrf52832_xxaa/nrfx_timer.c.o
 .bss.m_cb      0x200028c0       0x30 _build/nrf52832_xxaa/nrfx_saadc.c.o
 .bss.m_prs_box_4
                0x200028f0        0x8 _build/nrf52832_xxaa/nrfx_prs.c.o
 .bss.__malloc_free_list
                0x200028f8        0x4 c:/program files (x86)/gnu tools arm embedded/6 2017-q2-update/bin/../lib/gcc/arm-none-eabi/6.3.1/../../../../arm-none-eabi/lib/thumb/v7e-m/fpv4-sp/hard\libc_nano.a(lib_a-nano-mallocr.o)
                0x200028f8                __malloc_free_list
 .bss.__malloc_sbrk_start
                0x200028fc        0x4 c:/program files (x86)/gnu tools arm embedded/6 2017-q2-update/bin/../lib/gcc/arm-none-eabi/6.3.1/../../../../arm-none-eabi/lib/thumb/v7e-m/fpv4-sp/hard\libc_nano.a(lib_a-nano-mallocr.o)
                0x200028fc                __malloc_sbrk_start
 .bss.heap_end.5239
                0x20002900        0x4 c:/program files (x86)/gnu tools arm embedded/6 2017-q2-update/bin/../lib/gcc/arm-none-eabi/6.3.1/../../../../arm-none-eabi/lib/thumb/v7e-m/fpv4-sp/hard\libnosys.a(sbrk.o)
 *(COMMON)
 COMMON         0x20002904      0x100 _build/nrf52832_xxaa/main.c.o
                0x20002904                rf_message
                0x20002984                uart_message
                0x200029c4                rtc_message
 COMMON         0x20002a04        0x4 _build/nrf52832_xxaa/app_ser.c.o
                0x20002a04                rf_message_mtx
 COMMON         0x20002a08        0x1 _build/nrf52832_xxaa/nrf_drv_uart.c.o
                0x20002a08                nrf_drv_uart_use_easy_dma
 *fill*         0x20002a09        0x3 
 COMMON         0x20002a0c        0x4 c:/program files (x86)/gnu tools arm embedded/6 2017-q2-update/bin/../lib/gcc/arm-none-eabi/6.3.1/../../../../arm-none-eabi/lib/thumb/v7e-m/fpv4-sp/hard\libc_nano.a(lib_a-reent.o)
                0x20002a0c                errno
                0x20002a10                . = ALIGN (0x4)
                0x20002a10                __bss_end__ = .

.heap           0x20002a10     0x2000
                0x20002a10                __HeapBase = .
                0x20002a10                __end__ = .
                0x20002a10                PROVIDE (end, .)
 *(.heap*)
 .heap          0x20002a10     0x2000 _build/nrf52832_xxaa/gcc_startup_nrf52.S.o
                0x20004a10                __HeapLimit = .

.stack_dummy    0x20002a10     0x2000
 *(.stack*)
 .stack         0x20002a10     0x2000 _build/nrf52832_xxaa/gcc_startup_nrf52.S.o
                0x20010000                __StackTop = (ORIGIN (RAM) + LENGTH (RAM))
                0x2000e000                __StackLimit = (__StackTop - SIZEOF (.stack_dummy))
                0x20010000                PROVIDE (__stack, __StackTop)
                0x00000001                ASSERT ((__StackLimit >= __HeapLimit), region RAM overflowed with stack)
                0x00000298                DataInitFlashUsed = (__bss_start__ - __data_start__)
                0x0000b9c4                CodeFlashUsed = (__etext - ORIGIN (FLASH))
                0x0000bc5c                TotalFlashUsed = (CodeFlashUsed + DataInitFlashUsed)
                0x00000001                ASSERT ((TotalFlashUsed <= LENGTH (FLASH)), region FLASH overflowed with .data and user data)
OUTPUT(_build/nrf52832_xxaa.out elf32-littlearm)

.ARM.attributes
                0x00000000       0x30
 .ARM.attributes
                0x00000000       0x22 c:/program files (x86)/gnu tools arm embedded/6 2017-q2-update/bin/../lib/gcc/arm-none-eabi/6.3.1/thumb/v7e-m/fpv4-sp/hard/crti.o
 .ARM.attributes
                0x00000022       0x34 c:/program files (x86)/gnu tools arm embedded/6 2017-q2-update/bin/../lib/gcc/arm-none-eabi/6.3.1/thumb/v7e-m/fpv4-sp/hard/crtbegin.o
 .ARM.attributes
                0x00000056       0x20 c:/program files (x86)/gnu tools arm embedded/6 2017-q2-update/bin/../lib/gcc/arm-none-eabi/6.3.1/../../../../arm-none-eabi/lib/thumb/v7e-m/fpv4-sp/hard/crt0.o
 .ARM.attributes
                0x00000076       0x39 _build/nrf52832_xxaa/main.c.o
 .ARM.attributes
                0x000000af       0x39 _build/nrf52832_xxaa/clocks.c.o
 .ARM.attributes
                0x000000e8       0x39 _build/nrf52832_xxaa/mesh.c.o
 .ARM.attributes
                0x00000121       0x39 _build/nrf52832_xxaa/app_ser.c.o
 .ARM.attributes
                0x0000015a       0x39 _build/nrf52832_xxaa/utils.c.o
 .ARM.attributes
                0x00000193       0x39 _build/nrf52832_xxaa/nrf_atomic.c.o
 .ARM.attributes
                0x000001cc       0x39 _build/nrf52832_xxaa/nrf_queue.c.o
 .ARM.attributes
                0x00000205       0x39 _build/nrf52832_xxaa/nrf_serial.c.o
 .ARM.attributes
                0x0000023e       0x39 _build/nrf52832_xxaa/app_timer.c.o
 .ARM.attributes
                0x00000277       0x39 _build/nrf52832_xxaa/app_error.c.o
 .ARM.attributes
                0x000002b0       0x39 _build/nrf52832_xxaa/app_error_weak.c.o
 .ARM.attributes
                0x000002e9       0x39 _build/nrf52832_xxaa/app_util_platform.c.o
 .ARM.attributes
                0x00000322       0x39 _build/nrf52832_xxaa/nrf_esb.c.o
 .ARM.attributes
                0x0000035b       0x39 _build/nrf52832_xxaa/nrf_drv_uart.c.o
 .ARM.attributes
                0x00000394       0x39 _build/nrf52832_xxaa/nrf_drv_clock.c.o
 .ARM.attributes
                0x000003cd       0x39 _build/nrf52832_xxaa/system_nrf52.c.o
 .ARM.attributes
                0x00000406       0x20 _build/nrf52832_xxaa/gcc_startup_nrf52.S.o
 .ARM.attributes
                0x00000426       0x39 _build/nrf52832_xxaa/nrfx_uart.c.o
 .ARM.attributes
                0x0000045f       0x39 _build/nrf52832_xxaa/nrfx_uarte.c.o
 .ARM.attributes
                0x00000498       0x39 _build/nrf52832_xxaa/nrfx_clock.c.o
 .ARM.attributes
                0x000004d1       0x39 _build/nrf52832_xxaa/nrfx_rtc.c.o
 .ARM.attributes
                0x0000050a       0x39 _build/nrf52832_xxaa/nrfx_timer.c.o
 .ARM.attributes
                0x00000543       0x39 _build/nrf52832_xxaa/nrfx_saadc.c.o
 .ARM.attributes
                0x0000057c       0x39 _build/nrf52832_xxaa/nrfx_prs.c.o
 .ARM.attributes
                0x000005b5       0x34 c:/program files (x86)/gnu tools arm embedded/6 2017-q2-update/bin/../lib/gcc/arm-none-eabi/6.3.1/../../../../arm-none-eabi/lib/thumb/v7e-m/fpv4-sp/hard\libc_nano.a(lib_a-exit.o)
 .ARM.attributes
                0x000005e9       0x34 c:/program files (x86)/gnu tools arm embedded/6 2017-q2-update/bin/../lib/gcc/arm-none-eabi/6.3.1/../../../../arm-none-eabi/lib/thumb/v7e-m/fpv4-sp/hard\libc_nano.a(lib_a-impure.o)
 .ARM.attributes
                0x0000061d       0x34 c:/program files (x86)/gnu tools arm embedded/6 2017-q2-update/bin/../lib/gcc/arm-none-eabi/6.3.1/../../../../arm-none-eabi/lib/thumb/v7e-m/fpv4-sp/hard\libc_nano.a(lib_a-init.o)
 .ARM.attributes
                0x00000651       0x34 c:/program files (x86)/gnu tools arm embedded/6 2017-q2-update/bin/../lib/gcc/arm-none-eabi/6.3.1/../../../../arm-none-eabi/lib/thumb/v7e-m/fpv4-sp/hard\libc_nano.a(lib_a-memcpy-stub.o)
 .ARM.attributes
                0x00000685       0x34 c:/program files (x86)/gnu tools arm embedded/6 2017-q2-update/bin/../lib/gcc/arm-none-eabi/6.3.1/../../../../arm-none-eabi/lib/thumb/v7e-m/fpv4-sp/hard\libc_nano.a(lib_a-memset.o)
 .ARM.attributes
                0x000006b9       0x34 c:/program files (x86)/gnu tools arm embedded/6 2017-q2-update/bin/../lib/gcc/arm-none-eabi/6.3.1/../../../../arm-none-eabi/lib/thumb/v7e-m/fpv4-sp/hard\libc_nano.a(lib_a-nano-vfprintf_float.o)
 .ARM.attributes
                0x000006ed       0x34 c:/program files (x86)/gnu tools arm embedded/6 2017-q2-update/bin/../lib/gcc/arm-none-eabi/6.3.1/../../../../arm-none-eabi/lib/thumb/v7e-m/fpv4-sp/hard\libc_nano.a(lib_a-nano-vfprintf_i.o)
 .ARM.attributes
                0x00000721       0x34 c:/program files (x86)/gnu tools arm embedded/6 2017-q2-update/bin/../lib/gcc/arm-none-eabi/6.3.1/../../../../arm-none-eabi/lib/thumb/v7e-m/fpv4-sp/hard\libc_nano.a(lib_a-sprintf.o)
 .ARM.attributes
                0x00000755       0x1b c:/program files (x86)/gnu tools arm embedded/6 2017-q2-update/bin/../lib/gcc/arm-none-eabi/6.3.1/../../../../arm-none-eabi/lib/thumb/v7e-m/fpv4-sp/hard\libc_nano.a(lib_a-strlen.o)
 .ARM.attributes
                0x00000770       0x34 c:/program files (x86)/gnu tools arm embedded/6 2017-q2-update/bin/../lib/gcc/arm-none-eabi/6.3.1/../../../../arm-none-eabi/lib/thumb/v7e-m/fpv4-sp/hard\libc_nano.a(lib_a-dtoa.o)
 .ARM.attributes
                0x000007a4       0x34 c:/program files (x86)/gnu tools arm embedded/6 2017-q2-update/bin/../lib/gcc/arm-none-eabi/6.3.1/../../../../arm-none-eabi/lib/thumb/v7e-m/fpv4-sp/hard\libc_nano.a(lib_a-localeconv.o)
 .ARM.attributes
                0x000007d8       0x34 c:/program files (x86)/gnu tools arm embedded/6 2017-q2-update/bin/../lib/gcc/arm-none-eabi/6.3.1/../../../../arm-none-eabi/lib/thumb/v7e-m/fpv4-sp/hard\libc_nano.a(lib_a-malloc.o)
 .ARM.attributes
                0x0000080c       0x20 c:/program files (x86)/gnu tools arm embedded/6 2017-q2-update/bin/../lib/gcc/arm-none-eabi/6.3.1/../../../../arm-none-eabi/lib/thumb/v7e-m/fpv4-sp/hard\libc_nano.a(lib_a-memchr.o)
 .ARM.attributes
                0x0000082c       0x34 c:/program files (x86)/gnu tools arm embedded/6 2017-q2-update/bin/../lib/gcc/arm-none-eabi/6.3.1/../../../../arm-none-eabi/lib/thumb/v7e-m/fpv4-sp/hard\libc_nano.a(lib_a-mprec.o)
 .ARM.attributes
                0x00000860       0x34 c:/program files (x86)/gnu tools arm embedded/6 2017-q2-update/bin/../lib/gcc/arm-none-eabi/6.3.1/../../../../arm-none-eabi/lib/thumb/v7e-m/fpv4-sp/hard\libc_nano.a(lib_a-nano-callocr.o)
 .ARM.attributes
                0x00000894       0x34 c:/program files (x86)/gnu tools arm embedded/6 2017-q2-update/bin/../lib/gcc/arm-none-eabi/6.3.1/../../../../arm-none-eabi/lib/thumb/v7e-m/fpv4-sp/hard\libc_nano.a(lib_a-nano-freer.o)
 .ARM.attributes
                0x000008c8       0x34 c:/program files (x86)/gnu tools arm embedded/6 2017-q2-update/bin/../lib/gcc/arm-none-eabi/6.3.1/../../../../arm-none-eabi/lib/thumb/v7e-m/fpv4-sp/hard\libc_nano.a(lib_a-nano-mallocr.o)
 .ARM.attributes
                0x000008fc       0x34 c:/program files (x86)/gnu tools arm embedded/6 2017-q2-update/bin/../lib/gcc/arm-none-eabi/6.3.1/../../../../arm-none-eabi/lib/thumb/v7e-m/fpv4-sp/hard\libc_nano.a(lib_a-nano-svfprintf.o)
 .ARM.attributes
                0x00000930       0x34 c:/program files (x86)/gnu tools arm embedded/6 2017-q2-update/bin/../lib/gcc/arm-none-eabi/6.3.1/../../../../arm-none-eabi/lib/thumb/v7e-m/fpv4-sp/hard\libc_nano.a(lib_a-sbrkr.o)
 .ARM.attributes
                0x00000964       0x34 c:/program files (x86)/gnu tools arm embedded/6 2017-q2-update/bin/../lib/gcc/arm-none-eabi/6.3.1/../../../../arm-none-eabi/lib/thumb/v7e-m/fpv4-sp/hard\libc_nano.a(lib_a-locale.o)
 .ARM.attributes