Archive member included to satisfy reference by file (symbol)

c:/program files (x86)/gnu tools arm embedded/6 2017-q2-update/bin/../lib/gcc/arm-none-eabi/6.3.1/../../../../arm-none-eabi/lib/thumb/v7e-m/fpv4-sp/hard\libc.a(lib_a-exit.o)
                              c:/program files (x86)/gnu tools arm embedded/6 2017-q2-update/bin/../lib/gcc/arm-none-eabi/6.3.1/../../../../arm-none-eabi/lib/thumb/v7e-m/fpv4-sp/hard/crt0.o (exit)
c:/program files (x86)/gnu tools arm embedded/6 2017-q2-update/bin/../lib/gcc/arm-none-eabi/6.3.1/../../../../arm-none-eabi/lib/thumb/v7e-m/fpv4-sp/hard\libc.a(lib_a-impure.o)
                              c:/program files (x86)/gnu tools arm embedded/6 2017-q2-update/bin/../lib/gcc/arm-none-eabi/6.3.1/../../../../arm-none-eabi/lib/thumb/v7e-m/fpv4-sp/hard\libc.a(lib_a-exit.o) (_global_impure_ptr)
c:/program files (x86)/gnu tools arm embedded/6 2017-q2-update/bin/../lib/gcc/arm-none-eabi/6.3.1/../../../../arm-none-eabi/lib/thumb/v7e-m/fpv4-sp/hard\libc.a(lib_a-init.o)
                              c:/program files (x86)/gnu tools arm embedded/6 2017-q2-update/bin/../lib/gcc/arm-none-eabi/6.3.1/../../../../arm-none-eabi/lib/thumb/v7e-m/fpv4-sp/hard/crt0.o (__libc_init_array)
c:/program files (x86)/gnu tools arm embedded/6 2017-q2-update/bin/../lib/gcc/arm-none-eabi/6.3.1/../../../../arm-none-eabi/lib/thumb/v7e-m/fpv4-sp/hard\libc.a(lib_a-memcpy.o)
                              _build/nrf52832_xxaa/mesh.c.o (memcpy)
c:/program files (x86)/gnu tools arm embedded/6 2017-q2-update/bin/../lib/gcc/arm-none-eabi/6.3.1/../../../../arm-none-eabi/lib/thumb/v7e-m/fpv4-sp/hard\libc.a(lib_a-memset.o)
                              c:/program files (x86)/gnu tools arm embedded/6 2017-q2-update/bin/../lib/gcc/arm-none-eabi/6.3.1/../../../../arm-none-eabi/lib/thumb/v7e-m/fpv4-sp/hard/crt0.o (memset)
c:/program files (x86)/gnu tools arm embedded/6 2017-q2-update/bin/../lib/gcc/arm-none-eabi/6.3.1/../../../../arm-none-eabi/lib/thumb/v7e-m/fpv4-sp/hard\libc.a(lib_a-sprintf.o)
                              _build/nrf52832_xxaa/mesh.c.o (sprintf)
c:/program files (x86)/gnu tools arm embedded/6 2017-q2-update/bin/../lib/gcc/arm-none-eabi/6.3.1/../../../../arm-none-eabi/lib/thumb/v7e-m/fpv4-sp/hard\libc.a(lib_a-strlen.o)
                              _build/nrf52832_xxaa/mesh.c.o (strlen)
c:/program files (x86)/gnu tools arm embedded/6 2017-q2-update/bin/../lib/gcc/arm-none-eabi/6.3.1/../../../../arm-none-eabi/lib/thumb/v7e-m/fpv4-sp/hard\libc.a(lib_a-svfprintf.o)
                              c:/program files (x86)/gnu tools arm embedded/6 2017-q2-update/bin/../lib/gcc/arm-none-eabi/6.3.1/../../../../arm-none-eabi/lib/thumb/v7e-m/fpv4-sp/hard\libc.a(lib_a-sprintf.o) (_svfprintf_r)
c:/program files (x86)/gnu tools arm embedded/6 2017-q2-update/bin/../lib/gcc/arm-none-eabi/6.3.1/../../../../arm-none-eabi/lib/thumb/v7e-m/fpv4-sp/hard\libc.a(lib_a-__call_atexit.o)
                              c:/program files (x86)/gnu tools arm embedded/6 2017-q2-update/bin/../lib/gcc/arm-none-eabi/6.3.1/../../../../arm-none-eabi/lib/thumb/v7e-m/fpv4-sp/hard\libc.a(lib_a-exit.o) (__call_exitprocs)
c:/program files (x86)/gnu tools arm embedded/6 2017-q2-update/bin/../lib/gcc/arm-none-eabi/6.3.1/../../../../arm-none-eabi/lib/thumb/v7e-m/fpv4-sp/hard\libc.a(lib_a-atexit.o)
                              c:/program files (x86)/gnu tools arm embedded/6 2017-q2-update/bin/../lib/gcc/arm-none-eabi/6.3.1/../../../../arm-none-eabi/lib/thumb/v7e-m/fpv4-sp/hard\libc.a(lib_a-__call_atexit.o) (atexit)
c:/program files (x86)/gnu tools arm embedded/6 2017-q2-update/bin/../lib/gcc/arm-none-eabi/6.3.1/../../../../arm-none-eabi/lib/thumb/v7e-m/fpv4-sp/hard\libc.a(lib_a-dtoa.o)
                              c:/program files (x86)/gnu tools arm embedded/6 2017-q2-update/bin/../lib/gcc/arm-none-eabi/6.3.1/../../../../arm-none-eabi/lib/thumb/v7e-m/fpv4-sp/hard\libc.a(lib_a-svfprintf.o) (_dtoa_r)
c:/program files (x86)/gnu tools arm embedded/6 2017-q2-update/bin/../lib/gcc/arm-none-eabi/6.3.1/../../../../arm-none-eabi/lib/thumb/v7e-m/fpv4-sp/hard\libc.a(lib_a-fini.o)
                              c:/program files (x86)/gnu tools arm embedded/6 2017-q2-update/bin/../lib/gcc/arm-none-eabi/6.3.1/../../../../arm-none-eabi/lib/thumb/v7e-m/fpv4-sp/hard\libc.a(lib_a-__call_atexit.o) (__libc_fini_array)
c:/program files (x86)/gnu tools arm embedded/6 2017-q2-update/bin/../lib/gcc/arm-none-eabi/6.3.1/../../../../arm-none-eabi/lib/thumb/v7e-m/fpv4-sp/hard\libc.a(lib_a-localeconv.o)
                              c:/program files (x86)/gnu tools arm embedded/6 2017-q2-update/bin/../lib/gcc/arm-none-eabi/6.3.1/../../../../arm-none-eabi/lib/thumb/v7e-m/fpv4-sp/hard\libc.a(lib_a-svfprintf.o) (_localeconv_r)
c:/program files (x86)/gnu tools arm embedded/6 2017-q2-update/bin/../lib/gcc/arm-none-eabi/6.3.1/../../../../arm-none-eabi/lib/thumb/v7e-m/fpv4-sp/hard\libc.a(lib_a-lock.o)
[...]
Memory Configuration

Name             Origin             Length             Attributes
FLASH            0x00000000         0x0007f000         xr
RAM              0x20000000         0x00010000         xrw
*default*        0x00000000         0xffffffff

Linker script and memory map


.text           0x00000000     0x5944
 *(.isr_vector)
 .isr_vector    0x00000000      0x200 _build/nrf52832_xxaa/gcc_startup_nrf52.S.o
                0x00000000                __isr_vector
 *(.text*)
 .text          0x00000200       0x6c c:/program files (x86)/gnu tools arm embedded/6 2017-q2-update/bin/../lib/gcc/arm-none-eabi/6.3.1/thumb/v7e-m/fpv4-sp/hard/crtbegin.o
 .text          0x0000026c       0x74 c:/program files (x86)/gnu tools arm embedded/6 2017-q2-update/bin/../lib/gcc/arm-none-eabi/6.3.1/../../../../arm-none-eabi/lib/thumb/v7e-m/fpv4-sp/hard/crt0.o
                0x0000026c                _start
                0x0000026c                _mainCRTStartup
 .text.NVIC_EnableIRQ
                0x000002e0       0x34 _build/nrf52832_xxaa/main.c.o
 .text.NVIC_DisableIRQ
                0x00000314       0x34 _build/nrf52832_xxaa/main.c.o
 .text.NVIC_ClearPendingIRQ
                0x00000348       0x34 _build/nrf52832_xxaa/main.c.o
 .text.NVIC_SetPriority
                0x0000037c       0x54 _build/nrf52832_xxaa/main.c.o
 .text.nrf_gpio_pin_port_decode
                0x000003d0       0x18 _build/nrf52832_xxaa/main.c.o
 .text.nrf_gpio_cfg
                0x000003e8       0x52 _build/nrf52832_xxaa/main.c.o
 .text.nrf_gpio_cfg_output
                0x0000043a       0x24 _build/nrf52832_xxaa/main.c.o
 .text.nrf_gpio_cfg_default
                0x0000045e       0x24 _build/nrf52832_xxaa/main.c.o
 .text.nrf_gpio_cfg_sense_input
                0x00000482       0x2e _build/nrf52832_xxaa/main.c.o
 .text.nrf_gpio_pin_set
                0x000004b0       0x2a _build/nrf52832_xxaa/main.c.o
 .text.nrf_gpio_pin_clear
                0x000004da       0x2a _build/nrf52832_xxaa/main.c.o
 .text.nrf_gpio_port_out_set
                0x00000504       0x1e _build/nrf52832_xxaa/main.c.o
 .text.nrf_gpio_port_out_clear
                0x00000522       0x1e _build/nrf52832_xxaa/main.c.o
 .text.app_mesh_handler
                0x00000540       0x28 _build/nrf52832_xxaa/main.c.o
                0x00000540                app_mesh_handler
 .text.app_rtc_handler
                0x00000568       0x40 _build/nrf52832_xxaa/main.c.o
                0x00000568                app_rtc_handler
 .text.GPIOTE_IRQHandler
                0x000005a8      0x170 _build/nrf52832_xxaa/main.c.o
                0x000005a8                GPIOTE_IRQHandler
 .text.main     0x00000718       0xd4 _build/nrf52832_xxaa/main.c.o
                0x00000718                main
 .text.nrf_rtc_int_enable
                0x000007ec       0x1e _build/nrf52832_xxaa/clocks.c.o
 .text.nrf_rtc_task_trigger
                0x0000080a       0x24 _build/nrf52832_xxaa/clocks.c.o
 .text.nrfx_rtc_int_enable
                0x0000082e       0x1e _build/nrf52832_xxaa/clocks.c.o
 .text.nrfx_rtc_counter_clear
                0x0000084c       0x1c _build/nrf52832_xxaa/clocks.c.o
 .text.clocks_start
                0x00000868       0x3c _build/nrf52832_xxaa/clocks.c.o
                0x00000868                clocks_start
 .text.clocks_restart
                0x000008a4       0x20 _build/nrf52832_xxaa/clocks.c.o
                0x000008a4                clocks_restart
 .text.clocks_stop
                0x000008c4        0xc _build/nrf52832_xxaa/clocks.c.o
                0x000008c4                clocks_stop
 .text.rtc_handler
                0x000008d0       0x48 _build/nrf52832_xxaa/clocks.c.o
                0x000008d0                rtc_handler
 .text.rtc_config
                0x00000918       0xa0 _build/nrf52832_xxaa/clocks.c.o
                0x00000918                rtc_config
 .text.nrf_drv_twi_uninit
                0x000009b8       0x1a _build/nrf52832_xxaa/twi.c.o
 .text.nrf_drv_twi_enable
                0x000009d2       0x1a _build/nrf52832_xxaa/twi.c.o
 .text.nrf_drv_twi_disable
                0x000009ec       0x1a _build/nrf52832_xxaa/twi.c.o
 *fill*         0x00000a06        0x2 
 .text.twi_init
                0x00000a08       0x68 _build/nrf52832_xxaa/twi.c.o
                0x00000a08                twi_init
 .text.twi_stop
                0x00000a70       0x34 _build/nrf52832_xxaa/twi.c.o
                0x00000a70                twi_stop
 .text.twi_restart
                0x00000aa4       0x18 _build/nrf52832_xxaa/twi.c.o
                0x00000aa4                twi_restart
 .text.window_get_payload
                0x00000abc       0x2c _build/nrf52832_xxaa/mesh.c.o
                0x00000abc                window_get_payload
 .text.mesh_pre_tx
                0x00000ae8        0xe _build/nrf52832_xxaa/mesh.c.o
                0x00000ae8                mesh_pre_tx
 .text.mesh_post_tx
                0x00000af6        0xe _build/nrf52832_xxaa/mesh.c.o
                0x00000af6                mesh_post_tx
 .text.mesh_message_2_esb_payload
                0x00000b04       0x9e _build/nrf52832_xxaa/mesh.c.o
                0x00000b04                mesh_message_2_esb_payload
 *fill*         0x00000ba2        0x2 
 .text.nrf_esb_event_handler
                0x00000ba4       0x54 _build/nrf52832_xxaa/mesh.c.o
                0x00000ba4                nrf_esb_event_handler
 .text.mesh_init
                0x00000bf8      0x118 _build/nrf52832_xxaa/mesh.c.o
                0x00000bf8                mesh_init
 .text.mesh_wait_tx
                0x00000d10       0x24 _build/nrf52832_xxaa/mesh.c.o
                0x00000d10                mesh_wait_tx
 .text.mesh_tx_message
                0x00000d34       0x38 _build/nrf52832_xxaa/mesh.c.o
                0x00000d34                mesh_tx_message
 .text.mesh_tx_pid
                0x00000d6c       0x30 _build/nrf52832_xxaa/mesh.c.o
                0x00000d6c                mesh_tx_pid
 .text.mesh_tx_reset
                0x00000d9c        0xe _build/nrf52832_xxaa/mesh.c.o
                0x00000d9c                mesh_tx_reset
 *fill*         0x00000daa        0x2 
 .text.mesh_bcast_data
                0x00000dac       0x44 _build/nrf52832_xxaa/mesh.c.o
                0x00000dac                mesh_bcast_data
 .text.mesh_tx_alive
                0x00000df0       0x5c _build/nrf52832_xxaa/mesh.c.o
                0x00000df0                mesh_tx_alive
 .text.mesh_tx_motion
                0x00000e4c      0x108 _build/nrf52832_xxaa/mesh.c.o
                0x00000e4c                mesh_tx_motion
 .text.nrf_drv_saadc_init
                0x00000f54       0x2c _build/nrf52832_xxaa/battery.c.o
 .text.saadc_event_handler
                0x00000f80       0x5c _build/nrf52832_xxaa/battery.c.o
 .text.start_conversion
                0x00000fdc       0x4c _build/nrf52832_xxaa/battery.c.o
                0x00000fdc                start_conversion
 .text.battery_init
                0x00001028       0x5c _build/nrf52832_xxaa/battery.c.o
                0x00001028                battery_init
 .text.nrf_drv_twi_tx
                0x00001084       0x3a _build/nrf52832_xxaa/bma400.c.o
 .text.nrf_drv_twi_rx
                0x000010be       0x32 _build/nrf52832_xxaa/bma400.c.o
 .text.bma400_read_reg
                0x000010f0       0x60 _build/nrf52832_xxaa/bma400.c.o
                0x000010f0                bma400_read_reg
 .text.bma400_read_burst
                0x00001150       0x64 _build/nrf52832_xxaa/bma400.c.o
                0x00001150                bma400_read_burst
 .text.bma400_write_reg
                0x000011b4       0x4c _build/nrf52832_xxaa/bma400.c.o
                0x000011b4                bma400_write_reg
 .text.bma400_init
                0x00001200       0x20 _build/nrf52832_xxaa/bma400.c.o
                0x00001200                bma400_init
 .text.bma400_set_power_mode
                0x00001220       0x3a _build/nrf52832_xxaa/bma400.c.o
                0x00001220                bma400_set_power_mode
 *fill*         0x0000125a        0x2 
 .text.bma400_set_range
                0x0000125c       0x88 _build/nrf52832_xxaa/bma400.c.o
                0x0000125c                bma400_set_range
 .text.bma400_set_odr
                0x000012e4       0x3a _build/nrf52832_xxaa/bma400.c.o
                0x000012e4                bma400_set_odr
 *fill*         0x0000131e        0x2 
 .text.bma400_get_accel
                0x00001320      0x12c _build/nrf52832_xxaa/bma400.c.o
                0x00001320                bma400_get_accel
 .text.bma400_get_temp
                0x0000144c       0x38 _build/nrf52832_xxaa/bma400.c.o
                0x0000144c                bma400_get_temp
 .text.bma400_get_time
                0x00001484       0x52 _build/nrf52832_xxaa/bma400.c.o
                0x00001484                bma400_get_time
 .text.bma400_set_interrupt_on_activity
                0x000014d6       0x50 _build/nrf52832_xxaa/bma400.c.o
                0x000014d6                bma400_set_interrupt_on_activity
 .text.bma400_set_step_count
                0x00001526       0x10 _build/nrf52832_xxaa/bma400.c.o
                0x00001526                bma400_set_step_count
 .text.bma400_get_step_count
                0x00001536       0x44 _build/nrf52832_xxaa/bma400.c.o
                0x00001536                bma400_get_step_count
 .text.app_error_handler_bare
                0x0000157a       0x2c _build/nrf52832_xxaa/app_error.c.o
                0x0000157a                app_error_handler_bare
 *fill*         0x000015a6        0x2 
 .text.NVIC_SystemReset
                0x000015a8       0x28 _build/nrf52832_xxaa/app_error_weak.c.o
 .text.app_error_fault_handler
                0x000015d0       0x2c _build/nrf52832_xxaa/app_error_weak.c.o
                0x000015d0                app_error_fault_handler
 .text.app_util_disable_irq
                0x000015fc       0x20 _build/nrf52832_xxaa/app_util_platform.c.o
                0x000015fc                app_util_disable_irq
 .text.app_util_enable_irq
                0x0000161c       0x28 _build/nrf52832_xxaa/app_util_platform.c.o
                0x0000161c                app_util_enable_irq
 .text.app_util_critical_region_enter
                0x00001644       0x14 _build/nrf52832_xxaa/app_util_platform.c.o
                0x00001644                app_util_critical_region_enter
 .text.app_util_critical_region_exit
                0x00001658       0x16 _build/nrf52832_xxaa/app_util_platform.c.o
                0x00001658                app_util_critical_region_exit
 .text.nrf_section_iter_init
                0x0000166e       0x3a _build/nrf52832_xxaa/nrf_section_iter.c.o
                0x0000166e                nrf_section_iter_init
 .text.nrf_mtx_init
                0x000016a8       0x1e _build/nrf52832_xxaa/nrf_pwr_mgmt.c.o
 *fill*         0x000016c6        0x2 
 .text.nrf_pwr_mgmt_init
                0x000016c8       0x30 _build/nrf52832_xxaa/nrf_pwr_mgmt.c.o
                0x000016c8                nrf_pwr_mgmt_init
 .text.NVIC_EnableIRQ
                0x000016f8       0x34 _build/nrf52832_xxaa/nrf_esb.c.o
 .text.NVIC_DisableIRQ
                0x0000172c       0x34 _build/nrf52832_xxaa/nrf_esb.c.o
 .text.NVIC_SetPendingIRQ
                0x00001760       0x34 _build/nrf52832_xxaa/nrf_esb.c.o
 .text.NVIC_ClearPendingIRQ
                0x00001794       0x34 _build/nrf52832_xxaa/nrf_esb.c.o
 .text.NVIC_SetPriority
                0x000017c8       0x54 _build/nrf52832_xxaa/nrf_esb.c.o
 .text.bytewise_bit_swap
                0x0000181c       0x30 _build/nrf52832_xxaa/nrf_esb.c.o
 .text.addr_conv
                0x0000184c       0x20 _build/nrf52832_xxaa/nrf_esb.c.o
 .text.apply_address_workarounds
                0x0000186c      0x148 _build/nrf52832_xxaa/nrf_esb.c.o
 .text.update_rf_payload_format_esb_dpl
                0x000019b4       0x38 _build/nrf52832_xxaa/nrf_esb.c.o
 .text.update_radio_addresses
                0x000019ec       0x7c _build/nrf52832_xxaa/nrf_esb.c.o
 .text.update_radio_tx_power
                0x00001a68       0x20 _build/nrf52832_xxaa/nrf_esb.c.o
 .text.update_radio_bitrate
                0x00001a88       0x64 _build/nrf52832_xxaa/nrf_esb.c.o
 .text.update_radio_crc
                0x00001aec       0x68 _build/nrf52832_xxaa/nrf_esb.c.o
 .text.update_radio_parameters
                0x00001b54       0x68 _build/nrf52832_xxaa/nrf_esb.c.o
 .text.reset_fifos
                0x00001bbc       0x40 _build/nrf52832_xxaa/nrf_esb.c.o
 .text.initialize_fifos
                0x00001bfc       0x78 _build/nrf52832_xxaa/nrf_esb.c.o
 .text.tx_fifo_remove_last
                0x00001c74       0x44 _build/nrf52832_xxaa/nrf_esb.c.o
 .text.sys_timer_init
                0x00001cb8       0x2c _build/nrf52832_xxaa/nrf_esb.c.o
 .text.ppi_init
                0x00001ce4       0x74 _build/nrf52832_xxaa/nrf_esb.c.o
 .text.start_tx_transaction
                0x00001d58       0xd0 _build/nrf52832_xxaa/nrf_esb.c.o
 .text.on_radio_disabled_tx_noack
                0x00001e28       0x44 _build/nrf52832_xxaa/nrf_esb.c.o
 .text.nrf_esb_get_clear_interrupts
                0x00001e6c       0x50 _build/nrf52832_xxaa/nrf_esb.c.o
 .text.RADIO_IRQHandler
                0x00001ebc       0x90 _build/nrf52832_xxaa/nrf_esb.c.o
                0x00001ebc                RADIO_IRQHandler
 .text.nrf_esb_init
                0x00001f4c      0x104 _build/nrf52832_xxaa/nrf_esb.c.o
                0x00001f4c                nrf_esb_init
 .text.nrf_esb_disable
                0x00002050       0x38 _build/nrf52832_xxaa/nrf_esb.c.o
                0x00002050                nrf_esb_disable
 .text.SWI0_EGU0_IRQHandler
                0x00002088       0x80 _build/nrf52832_xxaa/nrf_esb.c.o
                0x00002088                SWI0_EGU0_IRQHandler
 .text.nrf_esb_write_payload
                0x00002108       0xd4 _build/nrf52832_xxaa/nrf_esb.c.o
                0x00002108                nrf_esb_write_payload
 .text.nrf_esb_flush_tx
                0x000021dc       0x44 _build/nrf52832_xxaa/nrf_esb.c.o
                0x000021dc                nrf_esb_flush_tx
 .text.nrf_esb_set_base_address_0
                0x00002220       0x90 _build/nrf52832_xxaa/nrf_esb.c.o
                0x00002220                nrf_esb_set_base_address_0
 .text.nrf_esb_set_base_address_1
                0x000022b0       0xe8 _build/nrf52832_xxaa/nrf_esb.c.o
                0x000022b0                nrf_esb_set_base_address_1
 .text.nrf_esb_set_prefixes
                0x00002398       0xf0 _build/nrf52832_xxaa/nrf_esb.c.o
                0x00002398                nrf_esb_set_prefixes
 .text.nrf_esb_set_rf_channel
                0x00002488       0x3c _build/nrf52832_xxaa/nrf_esb.c.o
                0x00002488                nrf_esb_set_rf_channel
 .text.TIMER3_IRQHandler
                0x000024c4       0x3c _build/nrf52832_xxaa/nrf_esb.c.o
                0x000024c4                TIMER3_IRQHandler
 .text.nrfx_coredep_delay_us
                0x00002500       0x30 _build/nrf52832_xxaa/nrf_drv_twi.c.o
 .text.nrf_gpio_pin_port_decode
                0x00002530       0x18 _build/nrf52832_xxaa/nrf_drv_twi.c.o
 .text.nrf_gpio_pin_set
                0x00002548       0x2a _build/nrf52832_xxaa/nrf_drv_twi.c.o
 .text.nrf_gpio_pin_clear
                0x00002572       0x2a _build/nrf52832_xxaa/nrf_drv_twi.c.o
 .text.nrf_gpio_pin_read
                0x0000259c       0x2c _build/nrf52832_xxaa/nrf_drv_twi.c.o
 .text.nrf_gpio_port_in_read
                0x000025c8       0x1a _build/nrf52832_xxaa/nrf_drv_twi.c.o
 .text.nrf_gpio_port_out_set
                0x000025e2       0x1e _build/nrf52832_xxaa/nrf_drv_twi.c.o
 .text.nrf_gpio_port_out_clear
                0x00002600       0x1e _build/nrf52832_xxaa/nrf_drv_twi.c.o
 .text.twi_clear_bus
                0x0000261e       0xe0 _build/nrf52832_xxaa/nrf_drv_twi.c.o
 *fill*         0x000026fe        0x2 
 .text.twim_evt_handler
                0x00002700       0x64 _build/nrf52832_xxaa/nrf_drv_twi.c.o
 .text.nrf_drv_twi_init
                0x00002764       0x6c _build/nrf52832_xxaa/nrf_drv_twi.c.o
                0x00002764                nrf_drv_twi_init
 .text.nrf_clock_lf_is_running
                0x000027d0       0x26 _build/nrf52832_xxaa/nrf_drv_clock.c.o
 .text.nrf_clock_hf_is_running
                0x000027f6       0x32 _build/nrf52832_xxaa/nrf_drv_clock.c.o
 .text.nrfx_clock_hfclk_is_running
                0x00002828       0x10 _build/nrf52832_xxaa/nrf_drv_clock.c.o
 .text.nrfx_clock_lfclk_is_running
                0x00002838        0xe _build/nrf52832_xxaa/nrf_drv_clock.c.o
 .text.hfclk_start
                0x00002846        0xc _build/nrf52832_xxaa/nrf_drv_clock.c.o
 *fill*         0x00002852        0x2 
 .text.hfclk_stop
                0x00002854       0x18 _build/nrf52832_xxaa/nrf_drv_clock.c.o
 .text.nrf_drv_clock_init
                0x0000286c       0x54 _build/nrf52832_xxaa/nrf_drv_clock.c.o
                0x0000286c                nrf_drv_clock_init
 .text.item_enqueue
                0x000028c0       0x42 _build/nrf52832_xxaa/nrf_drv_clock.c.o
 .text.item_dequeue
                0x00002902       0x2a _build/nrf52832_xxaa/nrf_drv_clock.c.o
 .text.nrf_drv_clock_lfclk_request
                0x0000292c       0x78 _build/nrf52832_xxaa/nrf_drv_clock.c.o
                0x0000292c                nrf_drv_clock_lfclk_request
 .text.nrf_drv_clock_lfclk_is_running
                0x000029a4        0xe _build/nrf52832_xxaa/nrf_drv_clock.c.o
                0x000029a4                nrf_drv_clock_lfclk_is_running
 *fill*         0x000029b2        0x2 
 .text.nrf_drv_clock_hfclk_request
                0x000029b4       0x78 _build/nrf52832_xxaa/nrf_drv_clock.c.o
                0x000029b4                nrf_drv_clock_hfclk_request
 .text.nrf_drv_clock_hfclk_release
                0x00002a2c       0x30 _build/nrf52832_xxaa/nrf_drv_clock.c.o
                0x00002a2c                nrf_drv_clock_hfclk_release
 .text.nrf_drv_clock_hfclk_is_running
                0x00002a5c        0xe _build/nrf52832_xxaa/nrf_drv_clock.c.o
                0x00002a5c                nrf_drv_clock_hfclk_is_running
 *fill*         0x00002a6a        0x2 
 .text.clock_clk_started_notify
                0x00002a6c       0x48 _build/nrf52832_xxaa/nrf_drv_clock.c.o
 .text.clock_irq_handler
                0x00002ab4       0x3c _build/nrf52832_xxaa/nrf_drv_clock.c.o
 .text.NVIC_SystemReset
                0x00002af0       0x28 _build/nrf52832_xxaa/system_nrf52.c.o
 .text.SystemCoreClockUpdate
                0x00002b18       0x1c _build/nrf52832_xxaa/system_nrf52.c.o
                0x00002b18                SystemCoreClockUpdate
 .text.SystemInit
                0x00002b34      0x2d8 _build/nrf52832_xxaa/system_nrf52.c.o
                0x00002b34                SystemInit
 .text.errata_12
                0x00002e0c       0x64 _build/nrf52832_xxaa/system_nrf52.c.o
 .text.errata_16
                0x00002e70       0x44 _build/nrf52832_xxaa/system_nrf52.c.o
 .text.errata_31
                0x00002eb4       0x64 _build/nrf52832_xxaa/system_nrf52.c.o
 .text.errata_32
                0x00002f18       0x44 _build/nrf52832_xxaa/system_nrf52.c.o
 .text.errata_36
                0x00002f5c       0x64 _build/nrf52832_xxaa/system_nrf52.c.o
 .text.errata_37
                0x00002fc0       0x44 _build/nrf52832_xxaa/system_nrf52.c.o
 .text.errata_57
                0x00003004       0x44 _build/nrf52832_xxaa/system_nrf52.c.o
 .text.errata_66
                0x00003048       0x44 _build/nrf52832_xxaa/system_nrf52.c.o
 .text.errata_108
                0x0000308c       0x64 _build/nrf52832_xxaa/system_nrf52.c.o
 .text.errata_136
                0x000030f0       0x64 _build/nrf52832_xxaa/system_nrf52.c.o
 .text.errata_182
                0x00003154       0x2c _build/nrf52832_xxaa/system_nrf52.c.o
 .text          0x00003180       0x3c _build/nrf52832_xxaa/gcc_startup_nrf52.S.o
                0x00003180                Reset_Handler
                0x000031a8                NMI_Handler
                0x000031aa                HardFault_Handler
                0x000031ac                MemoryManagement_Handler
                0x000031ae                BusFault_Handler
                0x000031b0                UsageFault_Handler
                0x000031b2                SVC_Handler
                0x000031b4                DebugMon_Handler
                0x000031b6                PendSV_Handler
                0x000031b8                SysTick_Handler
                0x000031ba                QDEC_IRQHandler
                0x000031ba                FPU_IRQHandler
                0x000031ba                TEMP_IRQHandler
                0x000031ba                PDM_IRQHandler
                0x000031ba                I2S_IRQHandler
                0x000031ba                SWI4_EGU4_IRQHandler
                0x000031ba                TIMER0_IRQHandler
                0x000031ba                SWI2_EGU2_IRQHandler
                0x000031ba                TIMER4_IRQHandler
                0x000031ba                PWM2_IRQHandler
                0x000031ba                ECB_IRQHandler
                0x000031ba                SPIM1_SPIS1_TWIM1_TWIS1_SPI1_TWI1_IRQHandler
                0x000031ba                Default_Handler
                0x000031ba                CCM_AAR_IRQHandler
                0x000031ba                WDT_IRQHandler
                0x000031ba                PWM1_IRQHandler
                0x000031ba                SWI5_EGU5_IRQHandler
                0x000031ba                RNG_IRQHandler
                0x000031ba                RTC2_IRQHandler
                0x000031ba                PWM0_IRQHandler
                0x000031ba                SWI3_EGU3_IRQHandler
                0x000031ba                RTC1_IRQHandler
                0x000031ba                SWI1_EGU1_IRQHandler
                0x000031ba                SPIM2_SPIS2_SPI2_IRQHandler
                0x000031ba                NFCT_IRQHandler
                0x000031ba                TIMER1_IRQHandler
                0x000031ba                MWU_IRQHandler
                0x000031ba                TIMER2_IRQHandler
                0x000031ba                COMP_LPCOMP_IRQHandler
 .text.NVIC_EnableIRQ
                0x000031bc       0x34 _build/nrf52832_xxaa/nrfx_twim.c.o
 .text.NVIC_DisableIRQ
                0x000031f0       0x34 _build/nrf52832_xxaa/nrfx_twim.c.o
 .text.NVIC_ClearPendingIRQ
                0x00003224       0x34 _build/nrf52832_xxaa/nrfx_twim.c.o
 .text.NVIC_SetPriority
                0x00003258       0x54 _build/nrf52832_xxaa/nrfx_twim.c.o
 .text.nrfx_is_in_ram
                0x000032ac       0x26 _build/nrf52832_xxaa/nrfx_twim.c.o
 .text.nrfx_get_irq_number
                0x000032d2       0x1e _build/nrf52832_xxaa/nrfx_twim.c.o
 .text._NRFX_IRQ_PRIORITY_SET
                0x000032f0       0x26 _build/nrf52832_xxaa/nrfx_twim.c.o
 .text._NRFX_IRQ_ENABLE
                0x00003316       0x26 _build/nrf52832_xxaa/nrfx_twim.c.o
 .text._NRFX_IRQ_DISABLE
                0x0000333c       0x1c _build/nrf52832_xxaa/nrfx_twim.c.o
 .text.nrf_twim_task_trigger
                0x00003358       0x22 _build/nrf52832_xxaa/nrfx_twim.c.o
 .text.nrf_twim_event_clear
                0x0000337a       0x2e _build/nrf52832_xxaa/nrfx_twim.c.o
 .text.nrf_twim_event_check
                0x000033a8       0x2a _build/nrf52832_xxaa/nrfx_twim.c.o
 .text.nrf_twim_shorts_disable
                0x000033d2       0x28 _build/nrf52832_xxaa/nrfx_twim.c.o
 .text.nrf_twim_int_enable
                0x000033fa       0x1e _build/nrf52832_xxaa/nrfx_twim.c.o
 .text.nrf_twim_int_disable
                0x00003418       0x1e _build/nrf52832_xxaa/nrfx_twim.c.o
 .text.nrf_twim_enable
                0x00003436       0x1c _build/nrf52832_xxaa/nrfx_twim.c.o
 .text.nrf_twim_disable
                0x00003452       0x1c _build/nrf52832_xxaa/nrfx_twim.c.o
 .text.nrf_twim_pins_set
                0x0000346e       0x28 _build/nrf52832_xxaa/nrfx_twim.c.o
 .text.nrf_twim_frequency_set
                0x00003496       0x1e _build/nrf52832_xxaa/nrfx_twim.c.o
 .text.nrf_twim_errorsrc_get_and_clear
                0x000034b4       0x26 _build/nrf52832_xxaa/nrfx_twim.c.o
 .text.nrf_twim_address_set
                0x000034da       0x20 _build/nrf52832_xxaa/nrfx_twim.c.o
 .text.nrf_twim_tx_buffer_set
                0x000034fa       0x28 _build/nrf52832_xxaa/nrfx_twim.c.o
 .text.nrf_twim_rx_buffer_set
                0x00003522       0x28 _build/nrf52832_xxaa/nrfx_twim.c.o
 .text.nrf_twim_shorts_set
                0x0000354a       0x1e _build/nrf52832_xxaa/nrfx_twim.c.o
 .text.nrf_twim_txd_amount_get
                0x00003568       0x1a _build/nrf52832_xxaa/nrfx_twim.c.o
 .text.nrf_twim_rxd_amount_get
                0x00003582       0x1a _build/nrf52832_xxaa/nrfx_twim.c.o
 .text.nrf_twim_tx_list_enable
                0x0000359c       0x1c _build/nrf52832_xxaa/nrfx_twim.c.o
 .text.nrf_twim_tx_list_disable
                0x000035b8       0x1c _build/nrf52832_xxaa/nrfx_twim.c.o
 .text.nrf_twim_rx_list_enable
                0x000035d4       0x1c _build/nrf52832_xxaa/nrfx_twim.c.o
 .text.nrf_twim_rx_list_disable
                0x000035f0       0x1c _build/nrf52832_xxaa/nrfx_twim.c.o
 .text.nrf_gpio_pin_port_decode
                0x0000360c       0x18 _build/nrf52832_xxaa/nrfx_twim.c.o
 .text.nrf_gpio_cfg
                0x00003624       0x52 _build/nrf52832_xxaa/nrfx_twim.c.o
 .text.nrf_gpio_cfg_default
                0x00003676       0x24 _build/nrf52832_xxaa/nrfx_twim.c.o
 .text.twi_process_error
                0x0000369a       0x3a _build/nrf52832_xxaa/nrfx_twim.c.o
 .text.nrfx_twim_init
                0x000036d4      0x124 _build/nrf52832_xxaa/nrfx_twim.c.o
                0x000036d4                nrfx_twim_init
 .text.nrfx_twim_uninit
                0x000037f8       0x84 _build/nrf52832_xxaa/nrfx_twim.c.o
                0x000037f8                nrfx_twim_uninit
 .text.nrfx_twim_enable
                0x0000387c       0x38 _build/nrf52832_xxaa/nrfx_twim.c.o
                0x0000387c                nrfx_twim_enable
 .text.nrfx_twim_disable
                0x000038b4       0x58 _build/nrf52832_xxaa/nrfx_twim.c.o
                0x000038b4                nrfx_twim_disable
 .text.twim_list_enable_handle
                0x0000390c       0x42 _build/nrf52832_xxaa/nrfx_twim.c.o
 *fill*         0x0000394e        0x2 
 .text.twim_xfer
                0x00003950      0x334 _build/nrf52832_xxaa/nrfx_twim.c.o
 .text.nrfx_twim_xfer
                0x00003c84       0x40 _build/nrf52832_xxaa/nrfx_twim.c.o
                0x00003c84                nrfx_twim_xfer
 .text.nrfx_twim_tx
                0x00003cc4       0x50 _build/nrf52832_xxaa/nrfx_twim.c.o
                0x00003cc4                nrfx_twim_tx
 .text.nrfx_twim_rx
                0x00003d14       0x48 _build/nrf52832_xxaa/nrfx_twim.c.o
                0x00003d14                nrfx_twim_rx
 .text.twim_irq_handler
                0x00003d5c      0x200 _build/nrf52832_xxaa/nrfx_twim.c.o
 .text.SPIM0_SPIS0_TWIM0_TWIS0_SPI0_TWI0_IRQHandler
                0x00003f5c       0x18 _build/nrf52832_xxaa/nrfx_twim.c.o
                0x00003f5c                SPIM0_SPIS0_TWIM0_TWIS0_SPI0_TWI0_IRQHandler
 .text.NVIC_EnableIRQ
                0x00003f74       0x34 _build/nrf52832_xxaa/nrfx_clock.c.o
 .text.NVIC_ClearPendingIRQ
                0x00003fa8       0x34 _build/nrf52832_xxaa/nrfx_clock.c.o
 .text.NVIC_SetPriority
                0x00003fdc       0x54 _build/nrf52832_xxaa/nrfx_clock.c.o
 .text._NRFX_IRQ_PRIORITY_SET
                0x00004030       0x26 _build/nrf52832_xxaa/nrfx_clock.c.o
 .text._NRFX_IRQ_ENABLE
                0x00004056       0x26 _build/nrf52832_xxaa/nrfx_clock.c.o
 .text._NRFX_IRQ_IS_ENABLED
                0x0000407c       0x54 _build/nrf52832_xxaa/nrfx_clock.c.o
 .text.nrf_clock_int_enable
                0x000040d0       0x1e _build/nrf52832_xxaa/nrfx_clock.c.o
 .text.nrf_clock_int_disable
                0x000040ee       0x1e _build/nrf52832_xxaa/nrfx_clock.c.o
 .text.nrf_clock_task_trigger
                0x0000410c       0x20 _build/nrf52832_xxaa/nrfx_clock.c.o
 .text.nrf_clock_event_clear
                0x0000412c       0x2c _build/nrf52832_xxaa/nrfx_clock.c.o
 .text.nrf_clock_event_check
                0x00004158       0x28 _build/nrf52832_xxaa/nrfx_clock.c.o
 .text.nrf_clock_lf_src_set
                0x00004180       0x24 _build/nrf52832_xxaa/nrfx_clock.c.o
 .text.nrf_clock_hf_is_running
                0x000041a4       0x32 _build/nrf52832_xxaa/nrfx_clock.c.o
 .text.nrfx_power_clock_irq_init
                0x000041d6       0x34 _build/nrf52832_xxaa/nrfx_clock.c.o
 *fill*         0x0000420a        0x2 
 .text.nrfx_clock_anomaly_132
                0x0000420c       0x5c _build/nrf52832_xxaa/nrfx_clock.c.o
 .text.nrfx_clock_init
                0x00004268       0x40 _build/nrf52832_xxaa/nrfx_clock.c.o
                0x00004268                nrfx_clock_init
 .text.nrfx_clock_enable
                0x000042a8       0x12 _build/nrf52832_xxaa/nrfx_clock.c.o
                0x000042a8                nrfx_clock_enable
 .text.nrfx_clock_lfclk_start
                0x000042ba       0x20 _build/nrf52832_xxaa/nrfx_clock.c.o
                0x000042ba                nrfx_clock_lfclk_start
 .text.nrfx_clock_hfclk_start
                0x000042da       0x1c _build/nrf52832_xxaa/nrfx_clock.c.o
                0x000042da                nrfx_clock_hfclk_start
 *fill*         0x000042f6        0x2 
 .text.nrfx_clock_hfclk_stop
                0x000042f8       0x28 _build/nrf52832_xxaa/nrfx_clock.c.o
                0x000042f8                nrfx_clock_hfclk_stop
 .text.POWER_CLOCK_IRQHandler
                0x00004320       0x68 _build/nrf52832_xxaa/nrfx_clock.c.o
                0x00004320                POWER_CLOCK_IRQHandler
 .text.NVIC_EnableIRQ
                0x00004388       0x34 _build/nrf52832_xxaa/nrfx_rtc.c.o
 .text.NVIC_ClearPendingIRQ
                0x000043bc       0x34 _build/nrf52832_xxaa/nrfx_rtc.c.o
 .text.NVIC_SetPriority
                0x000043f0       0x54 _build/nrf52832_xxaa/nrfx_rtc.c.o
 .text._NRFX_IRQ_PRIORITY_SET
                0x00004444       0x26 _build/nrf52832_xxaa/nrfx_rtc.c.o
 .text._NRFX_IRQ_ENABLE
                0x0000446a       0x26 _build/nrf52832_xxaa/nrfx_rtc.c.o
 .text.nrf_rtc_cc_set
                0x00004490       0x26 _build/nrf52832_xxaa/nrfx_rtc.c.o
 .text.nrf_rtc_int_enable
                0x000044b6       0x1e _build/nrf52832_xxaa/nrfx_rtc.c.o
 .text.nrf_rtc_int_disable
                0x000044d4       0x1e _build/nrf52832_xxaa/nrfx_rtc.c.o
 .text.nrf_rtc_int_is_enabled
                0x000044f2       0x20 _build/nrf52832_xxaa/nrfx_rtc.c.o
 .text.nrf_rtc_event_pending
                0x00004512       0x20 _build/nrf52832_xxaa/nrfx_rtc.c.o
 .text.nrf_rtc_event_clear
                0x00004532       0x2e _build/nrf52832_xxaa/nrfx_rtc.c.o
 .text.nrf_rtc_counter_get
                0x00004560       0x1a _build/nrf52832_xxaa/nrfx_rtc.c.o
 .text.nrf_rtc_prescaler_set
                0x0000457a       0x1e _build/nrf52832_xxaa/nrfx_rtc.c.o
 .text.nrf_rtc_task_trigger
                0x00004598       0x24 _build/nrf52832_xxaa/nrfx_rtc.c.o
 .text.nrf_rtc_event_enable
                0x000045bc       0x1e _build/nrf52832_xxaa/nrfx_rtc.c.o
 .text.nrf_rtc_event_disable
                0x000045da       0x1e _build/nrf52832_xxaa/nrfx_rtc.c.o
 .text.nrfx_rtc_init
                0x000045f8       0xc4 _build/nrf52832_xxaa/nrfx_rtc.c.o
                0x000045f8                nrfx_rtc_init
 .text.nrfx_rtc_enable
                0x000046bc       0x34 _build/nrf52832_xxaa/nrfx_rtc.c.o
                0x000046bc                nrfx_rtc_enable
 .text.nrfx_rtc_cc_set
                0x000046f0      0x104 _build/nrf52832_xxaa/nrfx_rtc.c.o
                0x000046f0                nrfx_rtc_cc_set
 .text.nrfx_rtc_tick_enable
                0x000047f4       0x4a _build/nrf52832_xxaa/nrfx_rtc.c.o
                0x000047f4                nrfx_rtc_tick_enable
 *fill*         0x0000483e        0x2 
 .text.irq_handler
                0x00004840      0x100 _build/nrf52832_xxaa/nrfx_rtc.c.o
 .text.RTC0_IRQHandler
                0x00004940       0x18 _build/nrf52832_xxaa/nrfx_rtc.c.o
                0x00004940                RTC0_IRQHandler
 .text.NVIC_EnableIRQ
                0x00004958       0x34 _build/nrf52832_xxaa/nrfx_saadc.c.o
 .text.NVIC_ClearPendingIRQ
                0x0000498c       0x34 _build/nrf52832_xxaa/nrfx_saadc.c.o
 .text.NVIC_SetPriority
                0x000049c0       0x54 _build/nrf52832_xxaa/nrfx_saadc.c.o
 .text._NRFX_IRQ_PRIORITY_SET
                0x00004a14       0x26 _build/nrf52832_xxaa/nrfx_saadc.c.o
 .text._NRFX_IRQ_ENABLE
                0x00004a3a       0x26 _build/nrf52832_xxaa/nrfx_saadc.c.o
 .text.nrf_saadc_task_trigger
                0x00004a60       0x24 _build/nrf52832_xxaa/nrfx_saadc.c.o
 .text.nrf_saadc_event_check
                0x00004a84       0x2c _build/nrf52832_xxaa/nrfx_saadc.c.o
 .text.nrf_saadc_event_clear
                0x00004ab0       0x34 _build/nrf52832_xxaa/nrfx_saadc.c.o
 .text.nrf_saadc_channel_input_set
                0x00004ae4       0x40 _build/nrf52832_xxaa/nrfx_saadc.c.o
 .text.nrf_saadc_int_enable
                0x00004b24       0x20 _build/nrf52832_xxaa/nrfx_saadc.c.o
 .text.nrf_saadc_int_disable
                0x00004b44       0x20 _build/nrf52832_xxaa/nrfx_saadc.c.o
 .text.nrf_saadc_enable
                0x00004b64       0x1c _build/nrf52832_xxaa/nrfx_saadc.c.o
 .text.nrf_saadc_disable
                0x00004b80       0x1c _build/nrf52832_xxaa/nrfx_saadc.c.o
 .text.nrf_saadc_buffer_init
                0x00004b9c       0x2c _build/nrf52832_xxaa/nrfx_saadc.c.o
 .text.nrf_saadc_resolution_set
                0x00004bc8       0x24 _build/nrf52832_xxaa/nrfx_saadc.c.o
 .text.nrf_saadc_oversample_set
                0x00004bec       0x24 _build/nrf52832_xxaa/nrfx_saadc.c.o
 .text.nrf_saadc_channel_init
                0x00004c10       0x88 _build/nrf52832_xxaa/nrfx_saadc.c.o
 .text.SAADC_IRQHandler
                0x00004c98      0x240 _build/nrf52832_xxaa/nrfx_saadc.c.o
                0x00004c98                SAADC_IRQHandler
 .text.nrfx_saadc_init
                0x00004ed8       0xbc _build/nrf52832_xxaa/nrfx_saadc.c.o
                0x00004ed8                nrfx_saadc_init
 .text.nrfx_saadc_channel_init
                0x00004f94       0xb8 _build/nrf52832_xxaa/nrfx_saadc.c.o
                0x00004f94                nrfx_saadc_channel_init
 .text.nrfx_saadc_buffer_convert
                0x0000504c      0x104 _build/nrf52832_xxaa/nrfx_saadc.c.o
                0x0000504c                nrfx_saadc_buffer_convert
 .text.nrfx_saadc_sample
                0x00005150       0x40 _build/nrf52832_xxaa/nrfx_saadc.c.o
                0x00005150                nrfx_saadc_sample
 .text.UARTE0_UART0_IRQHandler
                0x00005190       0x14 _build/nrf52832_xxaa/nrfx_prs.c.o
                0x00005190                UARTE0_UART0_IRQHandler
 .text.prs_box_get
                0x000051a4       0x2c _build/nrf52832_xxaa/nrfx_prs.c.o
 .text.nrfx_prs_acquire
                0x000051d0       0x5e _build/nrf52832_xxaa/nrfx_prs.c.o
                0x000051d0                nrfx_prs_acquire
 .text.nrfx_prs_release
                0x0000522e       0x2a _build/nrf52832_xxaa/nrfx_prs.c.o
                0x0000522e                nrfx_prs_release
 .text.exit     0x00005258       0x20 c:/program files (x86)/gnu tools arm embedded/6 2017-q2-update/bin/../lib/gcc/arm-none-eabi/6.3.1/../../../../arm-none-eabi/lib/thumb/v7e-m/fpv4-sp/hard\libc.a(lib_a-exit.o)
                0x00005258                exit
 .text.__libc_init_array
                0x00005278       0x50 c:/program files (x86)/gnu tools arm embedded/6 2017-q2-update/bin/../lib/gcc/arm-none-eabi/6.3.1/../../../../arm-none-eabi/lib/thumb/v7e-m/fpv4-sp/hard\libc.a(lib_a-init.o)
                0x00005278                __libc_init_array
 .text          0x000052c8      0x134 c:/program files (x86)/gnu tools arm embedded/6 2017-q2-update/bin/../lib/gcc/arm-none-eabi/6.3.1/../../../../arm-none-eabi/lib/thumb/v7e-m/fpv4-sp/hard\libc.a(lib_a-memcpy.o)
                0x000052c8                memcpy
 .text.memset   0x000053fc       0x9c c:/program files (x86)/gnu tools arm embedded/6 2017-q2-update/bin/../lib/gcc/arm-none-eabi/6.3.1/../../../../arm-none-eabi/lib/thumb/v7e-m/fpv4-sp/hard\libc.a(lib_a-memset.o)
                0x000053fc                memset
 .text.startup.register_fini
                0x00005498       0x14 c:/program files (x86)/gnu tools arm embedded/6 2017-q2-update/bin/../lib/gcc/arm-none-eabi/6.3.1/../../../../arm-none-eabi/lib/thumb/v7e-m/fpv4-sp/hard\libc.a(lib_a-__call_atexit.o)
 .text.__call_exitprocs
                0x000054ac       0xe8 c:/program files (x86)/gnu tools arm embedded/6 2017-q2-update/bin/../lib/gcc/arm-none-eabi/6.3.1/../../../../arm-none-eabi/lib/thumb/v7e-m/fpv4-sp/hard\libc.a(lib_a-__call_atexit.o)
                0x000054ac                __call_exitprocs
 .text.atexit   0x00005594        0xc c:/program files (x86)/gnu tools arm embedded/6 2017-q2-update/bin/../lib/gcc/arm-none-eabi/6.3.1/../../../../arm-none-eabi/lib/thumb/v7e-m/fpv4-sp/hard\libc.a(lib_a-atexit.o)
                0x00005594                atexit
 .text.__libc_fini_array
                0x000055a0       0x34 c:/program files (x86)/gnu tools arm embedded/6 2017-q2-update/bin/../lib/gcc/arm-none-eabi/6.3.1/../../../../arm-none-eabi/lib/thumb/v7e-m/fpv4-sp/hard\libc.a(lib_a-fini.o)
                0x000055a0                __libc_fini_array
 .text.__retarget_lock_acquire_recursive
                0x000055d4        0x4 c:/program files (x86)/gnu tools arm embedded/6 2017-q2-update/bin/../lib/gcc/arm-none-eabi/6.3.1/../../../../arm-none-eabi/lib/thumb/v7e-m/fpv4-sp/hard\libc.a(lib_a-lock.o)
                0x000055d4                __retarget_lock_acquire_recursive
 .text.__retarget_lock_release_recursive
                0x000055d8        0x4 c:/program files (x86)/gnu tools arm embedded/6 2017-q2-update/bin/../lib/gcc/arm-none-eabi/6.3.1/../../../../arm-none-eabi/lib/thumb/v7e-m/fpv4-sp/hard\libc.a(lib_a-lock.o)
                0x000055d8                __retarget_lock_release_recursive
 .text.__register_exitproc
                0x000055dc       0xc4 c:/program files (x86)/gnu tools arm embedded/6 2017-q2-update/bin/../lib/gcc/arm-none-eabi/6.3.1/../../../../arm-none-eabi/lib/thumb/v7e-m/fpv4-sp/hard\libc.a(lib_a-__atexit.o)
                0x000055dc                __register_exitproc
 .text._exit    0x000056a0        0x4 c:/program files (x86)/gnu tools arm embedded/6 2017-q2-update/bin/../lib/gcc/arm-none-eabi/6.3.1/../../../../arm-none-eabi/lib/thumb/v7e-m/fpv4-sp/hard\libnosys.a(_exit.o)
                0x000056a0                _exit
 *(.init)
 .init          0x000056a4        0x4 c:/program files (x86)/gnu tools arm embedded/6 2017-q2-update/bin/../lib/gcc/arm-none-eabi/6.3.1/thumb/v7e-m/fpv4-sp/hard/crti.o
                0x000056a4                _init
 .init          0x000056a8        0x8 c:/program files (x86)/gnu tools arm embedded/6 2017-q2-update/bin/../lib/gcc/arm-none-eabi/6.3.1/thumb/v7e-m/fpv4-sp/hard/crtn.o
 *(.fini)
 .fini          0x000056b0        0x4 c:/program files (x86)/gnu tools arm embedded/6 2017-q2-update/bin/../lib/gcc/arm-none-eabi/6.3.1/thumb/v7e-m/fpv4-sp/hard/crti.o
                0x000056b0                _fini
 .fini          0x000056b4        0x8 c:/program files (x86)/gnu tools arm embedded/6 2017-q2-update/bin/../lib/gcc/arm-none-eabi/6.3.1/thumb/v7e-m/fpv4-sp/hard/crtn.o
 *crtbegin.o(.ctors)
 *crtbegin?.o(.ctors)
 *(EXCLUDE_FILE(*crtend.o *crtend?.o) .ctors)
 *(SORT(.ctors.*))
 *(.ctors)
 *crtbegin.o(.dtors)
 *crtbegin?.o(.dtors)
 *(EXCLUDE_FILE(*crtend.o *crtend?.o) .dtors)
 *(SORT(.dtors.*))
 *(.dtors)
 *(.rodata*)
 .rodata.m_twi  0x000056bc       0x10 _build/nrf52832_xxaa/main.c.o
 .rodata.rtc    0x000056cc        0x8 _build/nrf52832_xxaa/clocks.c.o
                0x000056cc                rtc
 .rodata        0x000056d4        0x6 _build/nrf52832_xxaa/clocks.c.o
 *fill*         0x000056da        0x2 
 .rodata        0x000056dc      0x237 _build/nrf52832_xxaa/mesh.c.o
 *fill*         0x00005913        0x1 
 .rodata        0x00005914        0x9 _build/nrf52832_xxaa/battery.c.o
 *fill*         0x0000591d        0x3 
 .rodata.default_config.8410
                0x00005920        0x4 _build/nrf52832_xxaa/battery.c.o
 .rodata.pwr_mgmt_data
                0x00005924        0xc _build/nrf52832_xxaa/nrf_pwr_mgmt.c.o
 .rodata.delay_bytecode.7762
                0x00005930        0x6 _build/nrf52832_xxaa/nrf_drv_twi.c.o
 *fill*         0x00005936        0x2 
 .rodata.irq_handlers.8571
                0x00005938        0x4 _build/nrf52832_xxaa/nrfx_twim.c.o
 .rodata._global_impure_ptr
                0x0000593c        0x4 c:/program files (x86)/gnu tools arm embedded/6 2017-q2-update/bin/../lib/gcc/arm-none-eabi/6.3.1/../../../../arm-none-eabi/lib/thumb/v7e-m/fpv4-sp/hard\libc.a(lib_a-impure.o)
                0x0000593c                _global_impure_ptr
 *(.eh_frame*)
 .eh_frame      0x00005940        0x0 c:/program files (x86)/gnu tools arm embedded/6 2017-q2-update/bin/../lib/gcc/arm-none-eabi/6.3.1/thumb/v7e-m/fpv4-sp/hard/crtbegin.o
 .eh_frame      0x00005940        0x4 c:/program files (x86)/gnu tools arm embedded/6 2017-q2-update/bin/../lib/gcc/arm-none-eabi/6.3.1/thumb/v7e-m/fpv4-sp/hard/crtend.o

.glue_7         0x00005944        0x0
 .glue_7        0x00005944        0x0 linker stubs

.glue_7t        0x00005944        0x0
 .glue_7t       0x00005944        0x0 linker stubs

.vfp11_veneer   0x00005944        0x0
 .vfp11_veneer  0x00005944        0x0 linker stubs

.v4_bx          0x00005944        0x0
 .v4_bx         0x00005944        0x0 linker stubs

.iplt           0x00005944        0x0
 .iplt          0x00005944        0x0 c:/program files (x86)/gnu tools arm embedded/6 2017-q2-update/bin/../lib/gcc/arm-none-eabi/6.3.1/thumb/v7e-m/fpv4-sp/hard/crtbegin.o

.mem_section_dummy_rom

.pwr_mgmt_data  0x00005944        0x0
                0x00005944                PROVIDE (__start_pwr_mgmt_data, .)
 *(SORT(.pwr_mgmt_data*))
                0x00005944                PROVIDE (__stop_pwr_mgmt_data, .)

.log_const_data
                0x00005944        0x0
                [!provide]                PROVIDE (__start_log_const_data, .)
 *(SORT(.log_const_data*))
                [!provide]                PROVIDE (__stop_log_const_data, .)

.nrf_balloc     0x00005944        0x0
                [!provide]                PROVIDE (__start_nrf_balloc, .)
 *(.nrf_balloc)
                [!provide]                PROVIDE (__stop_nrf_balloc, .)

.ARM.extab
 *(.ARM.extab* .gnu.linkonce.armextab.*)
                0x00005944                __exidx_start = .

.ARM.exidx      0x00005944        0x8
 *(.ARM.exidx* .gnu.linkonce.armexidx.*)
 .ARM.exidx     0x00005944        0x8 c:/program files (x86)/gnu tools arm embedded/6 2017-q2-update/bin/../lib/gcc/arm-none-eabi/6.3.1/../../../../arm-none-eabi/lib/thumb/v7e-m/fpv4-sp/hard/crt0.o
                0x0000594c                __exidx_end = .
                0x0000594c                __etext = .

.rel.dyn        0x0000594c        0x0
 .rel.iplt      0x0000594c        0x0 c:/program files (x86)/gnu tools arm embedded/6 2017-q2-update/bin/../lib/gcc/arm-none-eabi/6.3.1/thumb/v7e-m/fpv4-sp/hard/crtbegin.o

.data           0x20000000      0x504 load address 0x0000594c
                0x20000000                __data_start__ = .
 *(vtable)
 *(.data*)
 .data.send.8732
                0x20000000        0x1 _build/nrf52832_xxaa/clocks.c.o
 *fill*         0x20000001        0x3 
 .data.nrf_esb_config
                0x20000004       0x18 _build/nrf52832_xxaa/mesh.c.o
 .data.tx_payload
                0x2000001c       0x87 _build/nrf52832_xxaa/mesh.c.o
 .data.g_ttl    0x200000a3        0x1 _build/nrf52832_xxaa/mesh.c.o
 .data.m_batt_lvl_in_milli_volts
                0x200000a4        0x2 _build/nrf52832_xxaa/battery.c.o
 *fill*         0x200000a6        0x2 
 .data.m_esb_addr
                0x200000a8       0x14 _build/nrf52832_xxaa/nrf_esb.c.o
 .data.m_radio_shorts_common
                0x200000bc        0x4 _build/nrf52832_xxaa/nrf_esb.c.o
 .data.SystemCoreClock
                0x200000c0        0x4 _build/nrf52832_xxaa/system_nrf52.c.o
                0x200000c0                SystemCoreClock
 *fill*         0x200000c4        0x4 
 .data.impure_data
                0x200000c8      0x428 c:/program files (x86)/gnu tools arm embedded/6 2017-q2-update/bin/../lib/gcc/arm-none-eabi/6.3.1/../../../../arm-none-eabi/lib/thumb/v7e-m/fpv4-sp/hard\libc.a(lib_a-impure.o)
 .data.__atexit_recursive_mutex
                0x200004f0        0x4 c:/program files (x86)/gnu tools arm embedded/6 2017-q2-update/bin/../lib/gcc/arm-none-eabi/6.3.1/../../../../arm-none-eabi/lib/thumb/v7e-m/fpv4-sp/hard\libc.a(lib_a-__call_atexit.o)
                0x200004f0                __atexit_recursive_mutex
                0x200004f4                . = ALIGN (0x4)
                0x200004f4                PROVIDE (__preinit_array_start, .)
 *(.preinit_array)
                0x200004f4                PROVIDE (__preinit_array_end, .)
                0x200004f4                . = ALIGN (0x4)
                0x200004f4                PROVIDE (__init_array_start, .)
 *(SORT(.init_array.*))
 .init_array.00000
                0x200004f4        0x4 c:/program files (x86)/gnu tools arm embedded/6 2017-q2-update/bin/../lib/gcc/arm-none-eabi/6.3.1/../../../../arm-none-eabi/lib/thumb/v7e-m/fpv4-sp/hard\libc.a(lib_a-__call_atexit.o)
 *(.init_array)
 .init_array    0x200004f8        0x4 c:/program files (x86)/gnu tools arm embedded/6 2017-q2-update/bin/../lib/gcc/arm-none-eabi/6.3.1/thumb/v7e-m/fpv4-sp/hard/crtbegin.o
                0x200004fc                PROVIDE (__init_array_end, .)
                0x200004fc                . = ALIGN (0x4)
                0x200004fc                PROVIDE (__fini_array_start, .)
 *(SORT(.fini_array.*))
 *(.fini_array)
 .fini_array    0x200004fc        0x4 c:/program files (x86)/gnu tools arm embedded/6 2017-q2-update/bin/../lib/gcc/arm-none-eabi/6.3.1/thumb/v7e-m/fpv4-sp/hard/crtbegin.o
                0x20000500                PROVIDE (__fini_array_end, .)
 *(.jcr*)
 .jcr           0x20000500        0x0 c:/program files (x86)/gnu tools arm embedded/6 2017-q2-update/bin/../lib/gcc/arm-none-eabi/6.3.1/thumb/v7e-m/fpv4-sp/hard/crtbegin.o
 .jcr           0x20000500        0x4 c:/program files (x86)/gnu tools arm embedded/6 2017-q2-update/bin/../lib/gcc/arm-none-eabi/6.3.1/thumb/v7e-m/fpv4-sp/hard/crtend.o
                0x20000504                . = ALIGN (0x4)
                0x20000504                __data_end__ = .
LOAD c:/program files (x86)/gnu tools arm embedded/6 2017-q2-update/bin/../lib/gcc/arm-none-eabi/6.3.1/thumb/v7e-m/fpv4-sp/hard/crti.o
LOAD c:/program files (x86)/gnu tools arm embedded/6 2017-q2-update/bin/../lib/gcc/arm-none-eabi/6.3.1/thumb/v7e-m/fpv4-sp/hard/crtbegin.o
LOAD c:/program files (x86)/gnu tools arm embedded/6 2017-q2-update/bin/../lib/gcc/arm-none-eabi/6.3.1/../../../../arm-none-eabi/lib/thumb/v7e-m/fpv4-sp/hard/crt0.o
LOAD _build/nrf52832_xxaa/main.c.o
LOAD _build/nrf52832_xxaa/clocks.c.o
LOAD _build/nrf52832_xxaa/twi.c.o
LOAD _build/nrf52832_xxaa/mesh.c.o
LOAD _build/nrf52832_xxaa/mesh_cmd.c.o
LOAD _build/nrf52832_xxaa/battery.c.o
LOAD _build/nrf52832_xxaa/bma400.c.o
LOAD _build/nrf52832_xxaa/boards.c.o
LOAD _build/nrf52832_xxaa/nrf_fprintf.c.o
LOAD _build/nrf52832_xxaa/nrf_fprintf_format.c.o
LOAD _build/nrf52832_xxaa/app_error.c.o
LOAD _build/nrf52832_xxaa/app_error_handler_gcc.c.o
LOAD _build/nrf52832_xxaa/app_error_weak.c.o
LOAD _build/nrf52832_xxaa/app_util_platform.c.o
LOAD _build/nrf52832_xxaa/nrf_assert.c.o
LOAD _build/nrf52832_xxaa/nrf_atomic.c.o
LOAD _build/nrf52832_xxaa/nrf_balloc.c.o
LOAD _build/nrf52832_xxaa/nrf_memobj.c.o
LOAD _build/nrf52832_xxaa/nrf_log_frontend.c.o
LOAD _build/nrf52832_xxaa/nrf_log_str_formatter.c.o
LOAD _build/nrf52832_xxaa/nrf_log_default_backends.c.o
LOAD _build/nrf52832_xxaa/nrf_log_backend_serial.c.o
LOAD _build/nrf52832_xxaa/nrf_log_backend_uart.c.o
LOAD _build/nrf52832_xxaa/nrf_section_iter.c.o
LOAD _build/nrf52832_xxaa/nrf_pwr_mgmt.c.o
LOAD _build/nrf52832_xxaa/nrf_strerror.c.o
LOAD _build/nrf52832_xxaa/nrf_esb.c.o
LOAD _build/nrf52832_xxaa/nrf_drv_twi.c.o
LOAD _build/nrf52832_xxaa/nrf_drv_clock.c.o
LOAD _build/nrf52832_xxaa/system_nrf52.c.o
LOAD _build/nrf52832_xxaa/gcc_startup_nrf52.S.o
LOAD _build/nrf52832_xxaa/nrfx_uart.c.o
LOAD _build/nrf52832_xxaa/nrfx_uarte.c.o
LOAD _build/nrf52832_xxaa/nrfx_twim.c.o
LOAD _build/nrf52832_xxaa/nrfx_clock.c.o
LOAD _build/nrf52832_xxaa/nrfx_rtc.c.o
LOAD _build/nrf52832_xxaa/nrfx_saadc.c.o
LOAD _build/nrf52832_xxaa/nrfx_prs.c.o
LOAD c:/program files (x86)/gnu tools arm embedded/6 2017-q2-update/bin/../lib/gcc/arm-none-eabi/6.3.1/../../../../arm-none-eabi/lib/thumb/v7e-m/fpv4-sp/hard\libc.a
LOAD c:/program files (x86)/gnu tools arm embedded/6 2017-q2-update/bin/../lib/gcc/arm-none-eabi/6.3.1/../../../../arm-none-eabi/lib/thumb/v7e-m/fpv4-sp/hard\libnosys.a
LOAD c:/program files (x86)/gnu tools arm embedded/6 2017-q2-update/bin/../lib/gcc/arm-none-eabi/6.3.1/../../../../arm-none-eabi/lib/thumb/v7e-m/fpv4-sp/hard\libm.a
START GROUP
LOAD c:/program files (x86)/gnu tools arm embedded/6 2017-q2-update/bin/../lib/gcc/arm-none-eabi/6.3.1/thumb/v7e-m/fpv4-sp/hard\libgcc.a
LOAD c:/program files (x86)/gnu tools arm embedded/6 2017-q2-update/bin/../lib/gcc/arm-none-eabi/6.3.1/../../../../arm-none-eabi/lib/thumb/v7e-m/fpv4-sp/hard\libg.a
LOAD c:/program files (x86)/gnu tools arm embedded/6 2017-q2-update/bin/../lib/gcc/arm-none-eabi/6.3.1/../../../../arm-none-eabi/lib/thumb/v7e-m/fpv4-sp/hard\libc.a
END GROUP
LOAD c:/program files (x86)/gnu tools arm embedded/6 2017-q2-update/bin/../lib/gcc/arm-none-eabi/6.3.1/thumb/v7e-m/fpv4-sp/hard/crtend.o
LOAD c:/program files (x86)/gnu tools arm embedded/6 2017-q2-update/bin/../lib/gcc/arm-none-eabi/6.3.1/thumb/v7e-m/fpv4-sp/hard/crtn.o
START GROUP
LOAD c:/program files (x86)/gnu tools arm embedded/6 2017-q2-update/bin/../lib/gcc/arm-none-eabi/6.3.1/thumb/v7e-m/fpv4-sp/hard\libgcc.a
LOAD c:/program files (x86)/gnu tools arm embedded/6 2017-q2-update/bin/../lib/gcc/arm-none-eabi/6.3.1/../../../../arm-none-eabi/lib/thumb/v7e-m/fpv4-sp/hard\libc.a
LOAD c:/program files (x86)/gnu tools arm embedded/6 2017-q2-update/bin/../lib/gcc/arm-none-eabi/6.3.1/../../../../arm-none-eabi/lib/thumb/v7e-m/fpv4-sp/hard\libnosys.a
END GROUP

.igot.plt       0x20000504        0x0 load address 0x00005e50
 .igot.plt      0x20000504        0x0 c:/program files (x86)/gnu tools arm embedded/6 2017-q2-update/bin/../lib/gcc/arm-none-eabi/6.3.1/thumb/v7e-m/fpv4-sp/hard/crtbegin.o
                0x20000504                . = ALIGN (0x4)

.mem_section_dummy_ram

.log_dynamic_data
                0x20000504        0x0
                [!provide]                PROVIDE (__start_log_dynamic_data, .)
 *(SORT(.log_dynamic_data*))
                [!provide]                PROVIDE (__stop_log_dynamic_data, .)

.bss            0x20000504     0x218c load address 0x00005e50
                0x20000504                . = ALIGN (0x4)
                0x20000504                __bss_start__ = .
 *(.bss*)
 .bss           0x20000504       0x1c c:/program files (x86)/gnu tools arm embedded/6 2017-q2-update/bin/../lib/gcc/arm-none-eabi/6.3.1/thumb/v7e-m/fpv4-sp/hard/crtbegin.o
 .bss.triggered
                0x20000520        0x1 _build/nrf52832_xxaa/main.c.o
                0x20000520                triggered
 *fill*         0x20000521        0x3 
 .bss.shock_count
                0x20000524        0x4 _build/nrf52832_xxaa/main.c.o
                0x20000524                shock_count
 .bss.x.9551    0x20000528        0x4 _build/nrf52832_xxaa/main.c.o
 .bss.y.9552    0x2000052c        0x4 _build/nrf52832_xxaa/main.c.o
 .bss.z.9553    0x20000530        0x4 _build/nrf52832_xxaa/main.c.o
 .bss.m_app_rtc_handler
                0x20000534        0x4 _build/nrf52832_xxaa/clocks.c.o
 .bss.p_twi     0x20000538        0x4 _build/nrf52832_xxaa/twi.c.o
 .bss.esb_completed
                0x2000053c        0x1 _build/nrf52832_xxaa/mesh.c.o
 .bss.esb_tx_complete
                0x2000053d        0x1 _build/nrf52832_xxaa/mesh.c.o
 *fill*         0x2000053e        0x2 
 .bss.m_app_rf_handler
                0x20000540        0x4 _build/nrf52832_xxaa/mesh.c.o
 .bss.m_app_cmd_handler
                0x20000544        0x4 _build/nrf52832_xxaa/mesh.c.o
 .bss.live_count.8989
                0x20000548        0x4 _build/nrf52832_xxaa/mesh.c.o
 .bss.adc_buf   0x2000054c        0x2 _build/nrf52832_xxaa/battery.c.o
 .bss.status_done
                0x2000054e        0x1 _build/nrf52832_xxaa/battery.c.o
 *fill*         0x2000054f        0x1 
 .bss.p_twi     0x20000550        0x4 _build/nrf52832_xxaa/bma400.c.o
 .bss.m_in_critical_region
                0x20000554        0x4 _build/nrf52832_xxaa/app_util_platform.c.o
 .bss.m_sysoff_mtx
                0x20000558        0x4 _build/nrf52832_xxaa/nrf_pwr_mgmt.c.o
 .bss.m_shutdown_started
                0x2000055c        0x1 _build/nrf52832_xxaa/nrf_pwr_mgmt.c.o
 *fill*         0x2000055d        0x3 
 .bss.m_handlers_iter
                0x20000560        0x8 _build/nrf52832_xxaa/nrf_pwr_mgmt.c.o
 .bss.m_esb_initialized
                0x20000568        0x1 _build/nrf52832_xxaa/nrf_esb.c.o
 .bss.m_nrf_esb_mainstate
                0x20000569        0x1 _build/nrf52832_xxaa/nrf_esb.c.o
 *fill*         0x2000056a        0x2 
 .bss.mp_current_payload
                0x2000056c        0x4 _build/nrf52832_xxaa/nrf_esb.c.o
 .bss.m_event_handler
                0x20000570        0x4 _build/nrf52832_xxaa/nrf_esb.c.o
 .bss.m_config_local
                0x20000574       0x18 _build/nrf52832_xxaa/nrf_esb.c.o
 .bss.m_tx_fifo_payload
                0x2000058c      0x438 _build/nrf52832_xxaa/nrf_esb.c.o
 .bss.m_tx_fifo
                0x200009c4       0x2c _build/nrf52832_xxaa/nrf_esb.c.o
 .bss.m_rx_fifo_payload
                0x200009f0     0x1a5e _build/nrf52832_xxaa/nrf_esb.c.o
 *fill*         0x2000244e        0x2 
 .bss.m_rx_fifo
                0x20002450       0xd4 _build/nrf52832_xxaa/nrf_esb.c.o
 .bss.m_tx_payload_buffer
                0x20002524       0x84 _build/nrf52832_xxaa/nrf_esb.c.o
 .bss.m_interrupt_flags
                0x200025a8        0x4 _build/nrf52832_xxaa/nrf_esb.c.o
 .bss.m_last_tx_attempts
                0x200025ac        0x4 _build/nrf52832_xxaa/nrf_esb.c.o
 .bss.m_wait_for_ack_timeout_us
                0x200025b0        0x4 _build/nrf52832_xxaa/nrf_esb.c.o
 .bss.on_radio_disabled
                0x200025b4        0x4 _build/nrf52832_xxaa/nrf_esb.c.o
 .bss.on_radio_end
                0x200025b8        0x4 _build/nrf52832_xxaa/nrf_esb.c.o
 .bss.m_handlers
                0x200025bc        0x8 _build/nrf52832_xxaa/nrf_drv_twi.c.o
 .bss.m_contexts
                0x200025c4        0x8 _build/nrf52832_xxaa/nrf_drv_twi.c.o
 .bss.m_clock_cb
                0x200025cc       0x14 _build/nrf52832_xxaa/nrf_drv_clock.c.o
 .bss.m_cb      0x200025e0       0x34 _build/nrf52832_xxaa/nrfx_twim.c.o
 .bss.m_clock_cb
                0x20002614        0x8 _build/nrf52832_xxaa/nrfx_clock.c.o
 .bss.m_handlers
                0x2000261c        0x4 _build/nrf52832_xxaa/nrfx_rtc.c.o
 .bss.m_cb      0x20002620        0x3 _build/nrf52832_xxaa/nrfx_rtc.c.o
 *fill*         0x20002623        0x1 
 .bss.m_cb      0x20002624       0x30 _build/nrf52832_xxaa/nrfx_saadc.c.o
 .bss.m_prs_box_4
                0x20002654        0x8 _build/nrf52832_xxaa/nrfx_prs.c.o
 *(COMMON)
 COMMON         0x2000265c        0xe _build/nrf52832_xxaa/main.c.o
                0x2000265c                range_type_t
                0x20002660                prev_time
                0x20002664                accRange
                0x20002668                power_type_t
                0x20002669                odr_type_t
 *fill*         0x2000266a        0x2 
 COMMON         0x2000266c       0x21 c:/program files (x86)/gnu tools arm embedded/6 2017-q2-update/bin/../lib/gcc/arm-none-eabi/6.3.1/../../../../arm-none-eabi/lib/thumb/v7e-m/fpv4-sp/hard\libc.a(lib_a-lock.o)
                0x2000266c                __lock___atexit_recursive_mutex
                0x20002670                __lock___arc4random_mutex
                0x20002674                __lock___env_recursive_mutex
                0x20002678                __lock___sinit_recursive_mutex
                0x2000267c                __lock___malloc_recursive_mutex
                0x20002680                __lock___at_quick_exit_mutex
                0x20002684                __lock___dd_hash_mutex
                0x20002688                __lock___tz_mutex
                0x2000268c                __lock___sfp_recursive_mutex
                0x20002690                . = ALIGN (0x4)
 *fill*         0x2000268d        0x3 
                0x20002690                __bss_end__ = .

.heap           0x20002690     0x2000
                0x20002690                __HeapBase = .
                0x20002690                __end__ = .
                0x20002690                PROVIDE (end, .)
 *(.heap*)
 .heap          0x20002690     0x2000 _build/nrf52832_xxaa/gcc_startup_nrf52.S.o
                0x20004690                __HeapLimit = .

.stack_dummy    0x20002690     0x2000
 *(.stack*)
 .stack         0x20002690     0x2000 _build/nrf52832_xxaa/gcc_startup_nrf52.S.o
                0x20010000                __StackTop = (ORIGIN (RAM) + LENGTH (RAM))
                0x2000e000                __StackLimit = (__StackTop - SIZEOF (.stack_dummy))
                0x20010000                PROVIDE (__stack, __StackTop)
                0x00000001                ASSERT ((__StackLimit >= __HeapLimit), region RAM overflowed with stack)
                0x00000504                DataInitFlashUsed = (__bss_start__ - __data_start__)
                0x0000594c                CodeFlashUsed = (__etext - ORIGIN (FLASH))
                0x00005e50                TotalFlashUsed = (CodeFlashUsed + DataInitFlashUsed)
                0x00000001                ASSERT ((TotalFlashUsed <= LENGTH (FLASH)), region FLASH overflowed with .data and user data)
OUTPUT(_build/nrf52832_xxaa.out elf32-littlearm)

.ARM.attributes
                0x00000000       0x30
 .ARM.attributes
                0x00000000       0x22 c:/program files (x86)/gnu tools arm embedded/6 2017-q2-update/bin/../lib/gcc/arm-none-eabi/6.3.1/thumb/v7e-m/fpv4-sp/hard/crti.o
 .ARM.attributes
                0x00000022       0x34 c:/program files (x86)/gnu tools arm embedded/6 2017-q2-update/bin/../lib/gcc/arm-none-eabi/6.3.1/thumb/v7e-m/fpv4-sp/hard/crtbegin.o
 .ARM.attributes
                0x00000056       0x20 c:/program files (x86)/gnu tools arm embedded/6 2017-q2-update/bin/../lib/gcc/arm-none-eabi/6.3.1/../../../../arm-none-eabi/lib/thumb/v7e-m/fpv4-sp/hard/crt0.o
 .ARM.attributes
                0x00000076       0x39 _build/nrf52832_xxaa/main.c.o
 .ARM.attributes
                0x000000af       0x39 _build/nrf52832_xxaa/clocks.c.o
 .ARM.attributes
                0x000000e8       0x39 _build/nrf52832_xxaa/twi.c.o
 .ARM.attributes
                0x00000121       0x39 _build/nrf52832_xxaa/mesh.c.o
 .ARM.attributes
                0x0000015a       0x39 _build/nrf52832_xxaa/battery.c.o
 .ARM.attributes
                0x00000193       0x39 _build/nrf52832_xxaa/bma400.c.o
 .ARM.attributes
                0x000001cc       0x39 _build/nrf52832_xxaa/app_error.c.o
 .ARM.attributes
                0x00000205       0x39 _build/nrf52832_xxaa/app_error_weak.c.o
 .ARM.attributes
                0x0000023e       0x39 _build/nrf52832_xxaa/app_util_platform.c.o
 .ARM.attributes
                0x00000277       0x39 _build/nrf52832_xxaa/nrf_section_iter.c.o
 .ARM.attributes
                0x000002b0       0x39 _build/nrf52832_xxaa/nrf_pwr_mgmt.c.o
 .ARM.attributes
                0x000002e9       0x39 _build/nrf52832_xxaa/nrf_esb.c.o
 .ARM.attributes
                0x00000322       0x39 _build/nrf52832_xxaa/nrf_drv_twi.c.o
 .ARM.attributes
                0x0000035b       0x39 _build/nrf52832_xxaa/nrf_drv_clock.c.o
 .ARM.attributes
                0x00000394       0x39 _build/nrf52832_xxaa/system_nrf52.c.o
 .ARM.attributes
                0x000003cd       0x20 _build/nrf52832_xxaa/gcc_startup_nrf52.S.o
 .ARM.attributes
                0x000003ed       0x39 _build/nrf52832_xxaa/nrfx_twim.c.o
 .ARM.attributes
                0x00000426       0x39 _build/nrf52832_xxaa/nrfx_clock.c.o
 .ARM.attributes
                0x0000045f       0x39 _build/nrf52832_xxaa/nrfx_rtc.c.o
 .ARM.attributes
                0x00000498       0x39 _build/nrf52832_xxaa/nrfx_saadc.c.o
 .ARM.attributes
                0x000004d1       0x39 _build/nrf52832_xxaa/nrfx_prs.c.o
 .ARM.attributes
                0x0000050a       0x34 c:/program files (x86)/gnu tools arm embedded/6 2017-q2-update/bin/../lib/gcc/arm-none-eabi/6.3.1/../../../../arm-none-eabi/lib/thumb/v7e-m/fpv4-sp/hard\libc.a(lib_a-exit.o)
 .ARM.attributes
                0x0000053e       0x34 c:/program files (x86)/gnu tools arm embedded/6 2017-q2-update/bin/../lib/gcc/arm-none-eabi/6.3.1/../../../../arm-none-eabi/lib/thumb/v7e-m/fpv4-sp/hard\libc.a(lib_a-impure.o)
 .ARM.attributes
                0x00000572       0x34 c:/program files (x86)/gnu tools arm embedded/6 2017-q2-update/bin/../lib/gcc/arm-none-eabi/6.3.1/../../../../arm-none-eabi/lib/thumb/v7e-m/fpv4-sp/hard\libc.a(lib_a-init.o)
 .ARM.attributes
                0x000005a6       0x20 c:/program files (x86)/gnu tools arm embedded/6 2017-q2-update/bin/../lib/gcc/arm-none-eabi/6.3.1/../../../../arm-none-eabi/lib/thumb/v7e-m/fpv4-sp/hard\libc.a(lib_a-memcpy.o)
 .ARM.attributes
                0x000005c6       0x34 c:/program files (x86)/gnu tools arm embedded/6 2017-q2-update/bin/../lib/gcc/arm-none-eabi/6.3.1/../../../../arm-none-eabi/lib/thumb/v7e-m/fpv4-sp/hard\libc.a(lib_a-memset.o)
 .ARM.attributes
                0x000005fa       0x34 c:/program files (x86)/gnu tools arm embedded/6 2017-q2-update/bin/../lib/gcc/arm-none-eabi/6.3.1/../../../../arm-none-eabi/lib/thumb/v7e-m/fpv4-sp/hard\libc.a(lib_a-__call_atexit.o)
 .ARM.attributes
                0x0000062e       0x34 c:/program files (x86)/gnu tools arm embedded/6 2017-q2-update/bin/../lib/gcc/arm-none-eabi/6.3.1/../../../../arm-none-eabi/lib/thumb/v7e-m/fpv4-sp/hard\libc.a(lib_a-atexit.o)
 .ARM.attributes
                0x00000662       0x34 c:/program files (x86)/gnu tools arm embedded/6 2017-q2-update/bin/../lib/gcc/arm-none-eabi/6.3.1/../../../../arm-none-eabi/lib/thumb/v7e-m/fpv4-sp/hard\libc.a(lib_a-fini.o)
 .ARM.attributes
                0x00000696       0x34 c:/program files (x86)/gnu tools arm embedded/6 2017-q2-update/bin/../lib/gcc/arm-none-eabi/6.3.1/../../../../arm-none-eabi/lib/thumb/v7e-m/fpv4-sp/hard\libc.a(lib_a-lock.o)
 .ARM.attributes
                0x000006ca       0x34 c:/program files (x86)/gnu tools arm embedded/6 2017-q2-update/bin/../lib/gcc/arm-none-eabi/6.3.1/../../../../arm-none-eabi/lib/thumb/v7e-m/fpv4-sp/hard\libc.a(lib_a-__atexit.o)
 .ARM.attributes
                0x000006fe       0x34 c:/program files (x86)/gnu tools arm embedded/6 2017-q2-update/bin/../lib/gcc/arm-none-eabi/6.3.1/../../../../arm-none-eabi/lib/thumb/v7e-m/fpv4-sp/hard\libnosys.a(_exit.o)
 .ARM.attributes
                0x00000732       0x34 c:/program files (x86)/gnu tools arm embedded/6 2017-q2-update/bin/../lib/gcc/arm-none-eabi/6.3.1/thumb/v7e-m/fpv4-sp/hard/crtend.o
 .ARM.attributes
                0x00000766       0x22 c:/program files (x86)/gnu tools arm embedded/6 2017-q2-update/bin/../lib/gcc/arm-none-eabi/6.3.1/thumb/v7e-m/fpv4-sp/hard/crtn.o

.comment        0x00000000       0x7f
 .comment       0x00000000       0x7f _build/nrf52832_xxaa/main.c.o
                                 0x80 (size before relaxing)
 .comment       0x0000007f       0x80 _build/nrf52832_xxaa/clocks.c.o
 .comment       0x0000007f       0x80 _build/nrf52832_xxaa/twi.c.o
 .comment       0x0000007f       0x80 _build/nrf52832_xxaa/mesh.c.o
 .comment       0x0000007f       0x80 _build/nrf52832_xxaa/battery.c.o
 .comment       0x0000007f       0x80 _build/nrf52832_xxaa/bma400.c.o
 .comment       0x0000007f       0x80 _build/nrf52832_xxaa/app_error.c.o
 .comment       0x0000007f       0x80 _build/nrf52832_xxaa/app_error_weak.c.o
 .comment       0x0000007f       0x80 _build/nrf52832_xxaa/app_util_platform.c.o
 .comment       0x0000007f       0x80 _build/nrf52832_xxaa/nrf_section_iter.c.o
 .comment       0x0000007f       0x80 _build/nrf52832_xxaa/nrf_pwr_mgmt.c.o
 .comment       0x0000007f       0x80 _build/nrf52832_xxaa/nrf_esb.c.o
 .comment       0x0000007f       0x80 _build/nrf52832_xxaa/nrf_drv_twi.c.o
 .comment       0x0000007f       0x80 _build/nrf52832_xxaa/nrf_drv_clock.c.o
 .comment       0x0000007f       0x80 _build/nrf52832_xxaa/system_nrf52.c.o
 .comment       0x0000007f       0x80 _build/nrf52832_xxaa/nrfx_twim.c.o
 .comment       0x0000007f       0x80 _build/nrf52832_xxaa/nrfx_clock.c.o
 .comment       0x0000007f       0x80 _build/nrf52832_xxaa/nrfx_rtc.c.o
 .comment       0x0000007f       0x80 _build/nrf52832_xxaa/nrfx_saadc.c.o
 .comment       0x0000007f       0x80 _build/nrf52832_xxaa/nrfx_prs.c.o

.debug_info     0x00000000    0x1bad9
 .debug_info    0x00000000     0x1f84 _build/nrf52832_xxaa/main.c.o
 .debug_info    0x00001f84     0x103f _build/nrf52832_xxaa/clocks.c.o
 .debug_info    0x00002fc3     0x12f2 _build/nrf52832_xxaa/twi.c.o
 .debug_info    0x000042b5     0x21a9 _build/nrf52832_xxaa/mesh.c.o
 .debug_info    0x0000645e      0xf4b _build/nrf52832_xxaa/battery.c.o
 .debug_info    0x000073a9     0x17c4 _build/nrf52832_xxaa/bma400.c.o
 .debug_info    0x00008b6d      0xac9 _build/nrf52832_xxaa/app_error.c.o
 .debug_info    0x00009636      0xc4a _build/nrf52832_xxaa/app_error_weak.c.o
 .debug_info    0x0000a280      0xf5e _build/nrf52832_xxaa/app_util_platform.c.o
 .debug_info    0x0000b1de      0xa2b _build/nrf52832_xxaa/nrf_section_iter.c.o
 .debug_info    0x0000bc09     0x168f _build/nrf52832_xxaa/nrf_pwr_mgmt.c.o
 .debug_info    0x0000d298     0x277f _build/nrf52832_xxaa/nrf_esb.c.o
 .debug_info    0x0000fa17     0x19fa _build/nrf52832_xxaa/nrf_drv_twi.c.o
 .debug_info    0x00011411     0x10e3 _build/nrf52832_xxaa/nrf_drv_clock.c.o
 .debug_info    0x000124f4     0x10c8 _build/nrf52832_xxaa/system_nrf52.c.o
 .debug_info    0x000135bc       0xa1 _build/nrf52832_xxaa/gcc_startup_nrf52.S.o
 .debug_info    0x0001365d     0x23b6 _build/nrf52832_xxaa/nrfx_twim.c.o
 .debug_info    0x00015a13     0x1791 _build/nrf52832_xxaa/nrfx_clock.c.o
 .debug_info    0x000171a4     0x1957 _build/nrf52832_xxaa/nrfx_rtc.c.o
 .debug_info    0x00018afb     0x20d0 _build/nrf52832_xxaa/nrfx_saadc.c.o
 .debug_info    0x0001abcb      0xf0e _build/nrf52832_xxaa/nrfx_prs.c.o

.debug_abbrev   0x00000000     0x3d4e
 .debug_abbrev  0x00000000      0x367 _build/nrf52832_xxaa/main.c.o
 .debug_abbrev  0x00000367      0x2a9 _build/nrf52832_xxaa/clocks.c.o
 .debug_abbrev  0x00000610      0x286 _build/nrf52832_xxaa/twi.c.o
 .debug_abbrev  0x00000896      0x3f0 _build/nrf52832_xxaa/mesh.c.o
 .debug_abbrev  0x00000c86      0x261 _build/nrf52832_xxaa/battery.c.o
 .debug_abbrev  0x00000ee7      0x336 _build/nrf52832_xxaa/bma400.c.o
 .debug_abbrev  0x0000121d      0x218 _build/nrf52832_xxaa/app_error.c.o
 .debug_abbrev  0x00001435      0x24c _build/nrf52832_xxaa/app_error_weak.c.o
 .debug_abbrev  0x00001681      0x30b _build/nrf52832_xxaa/app_util_platform.c.o
 .debug_abbrev  0x0000198c      0x1da _build/nrf52832_xxaa/nrf_section_iter.c.o
 .debug_abbrev  0x00001b66      0x3b5 _build/nrf52832_xxaa/nrf_pwr_mgmt.c.o
 .debug_abbrev  0x00001f1b      0x4a7 _build/nrf52832_xxaa/nrf_esb.c.o
 .debug_abbrev  0x000023c2      0x2ee _build/nrf52832_xxaa/nrf_drv_twi.c.o
 .debug_abbrev  0x000026b0      0x395 _build/nrf52832_xxaa/nrf_drv_clock.c.o
 .debug_abbrev  0x00002a45      0x1e1 _build/nrf52832_xxaa/system_nrf52.c.o
 .debug_abbrev  0x00002c26       0x14 _build/nrf52832_xxaa/gcc_startup_nrf52.S.o
 .debug_abbrev  0x00002c3a      0x3ce _build/nrf52832_xxaa/nrfx_twim.c.o
 .debug_abbrev  0x00003008      0x384 _build/nrf52832_xxaa/nrfx_clock.c.o
 .debug_abbrev  0x0000338c      0x3a0 _build/nrf52832_xxaa/nrfx_rtc.c.o
 .debug_abbrev  0x0000372c      0x3b6 _build/nrf52832_xxaa/nrfx_saadc.c.o
 .debug_abbrev  0x00003ae2      0x26c _build/nrf52832_xxaa/nrfx_prs.c.o

.debug_aranges  0x00000000      0xdf0
 .debug_aranges
                0x00000000       0xa8 _build/nrf52832_xxaa/main.c.o
 .debug_aranges
                0x000000a8       0x60 _build/nrf52832_xxaa/clocks.c.o
 .debug_aranges
                0x00000108       0x48 _build/nrf52832_xxaa/twi.c.o
 .debug_aranges
                0x00000150      0x168 _build/nrf52832_xxaa/mesh.c.o
 .debug_aranges
                0x000002b8       0x40 _build/nrf52832_xxaa/battery.c.o
 .debug_aranges
                0x000002f8       0xb0 _build/nrf52832_xxaa/bma400.c.o
 .debug_aranges
                0x000003a8       0x28 _build/nrf52832_xxaa/app_error.c.o
 .debug_aranges
                0x000003d0       0x28 _build/nrf52832_xxaa/app_error_weak.c.o
 .debug_aranges
                0x000003f8       0x50 _build/nrf52832_xxaa/app_util_platform.c.o
 .debug_aranges
                0x00000448       0x28 _build/nrf52832_xxaa/nrf_section_iter.c.o
 .debug_aranges
                0x00000470       0x80 _build/nrf52832_xxaa/nrf_pwr_mgmt.c.o
 .debug_aranges
                0x000004f0      0x1d0 _build/nrf52832_xxaa/nrf_esb.c.o
 .debug_aranges
                0x000006c0       0x78 _build/nrf52832_xxaa/nrf_drv_twi.c.o
 .debug_aranges
                0x00000738       0xd0 _build/nrf52832_xxaa/nrf_drv_clock.c.o
 .debug_aranges
                0x00000808       0x88 _build/nrf52832_xxaa/system_nrf52.c.o
 .debug_aranges
                0x00000890       0x20 _build/nrf52832_xxaa/gcc_startup_nrf52.S.o
 .debug_aranges
                0x000008b0      0x1a8 _build/nrf52832_xxaa/nrfx_twim.c.o
 .debug_aranges
                0x00000a58      0x118 _build/nrf52832_xxaa/nrfx_clock.c.o
 .debug_aranges
                0x00000b70      0x110 _build/nrf52832_xxaa/nrfx_rtc.c.o
 .debug_aranges
                0x00000c80      0x138 _build/nrf52832_xxaa/nrfx_saadc.c.o
 .debug_aranges
                0x00000db8       0x38 _build/nrf52832_xxaa/nrfx_prs.c.o

.debug_ranges   0x00000000      0xcc0
 .debug_ranges  0x00000000       0x98 _build/nrf52832_xxaa/main.c.o
 .debug_ranges  0x00000098       0x50 _build/nrf52832_xxaa/clocks.c.o
 .debug_ranges  0x000000e8       0x38 _build/nrf52832_xxaa/twi.c.o
 .debug_ranges  0x00000120      0x158 _build/nrf52832_xxaa/mesh.c.o
 .debug_ranges  0x00000278       0x30 _build/nrf52832_xxaa/battery.c.o
 .debug_ranges  0x000002a8       0xa0 _build/nrf52832_xxaa/bma400.c.o
 .debug_ranges  0x00000348       0x18 _build/nrf52832_xxaa/app_error.c.o
 .debug_ranges  0x00000360       0x18 _build/nrf52832_xxaa/app_error_weak.c.o
 .debug_ranges  0x00000378       0x40 _build/nrf52832_xxaa/app_util_platform.c.o
 .debug_ranges  0x000003b8       0x18 _build/nrf52832_xxaa/nrf_section_iter.c.o
 .debug_ranges  0x000003d0       0x88 _build/nrf52832_xxaa/nrf_pwr_mgmt.c.o
 .debug_ranges  0x00000458      0x1c0 _build/nrf52832_xxaa/nrf_esb.c.o
 .debug_ranges  0x00000618       0x68 _build/nrf52832_xxaa/nrf_drv_twi.c.o
 .debug_ranges  0x00000680       0xd8 _build/nrf52832_xxaa/nrf_drv_clock.c.o
 .debug_ranges  0x00000758       0x78 _build/nrf52832_xxaa/system_nrf52.c.o
 .debug_ranges  0x000007d0      0x198 _build/nrf52832_xxaa/nrfx_twim.c.o
 .debug_ranges  0x00000968      0x108 _build/nrf52832_xxaa/nrfx_clock.c.o
 .debug_ranges  0x00000a70      0x100 _build/nrf52832_xxaa/nrfx_rtc.c.o
 .debug_ranges  0x00000b70      0x128 _build/nrf52832_xxaa/nrfx_saadc.c.o
 .debug_ranges  0x00000c98       0x28 _build/nrf52832_xxaa/nrfx_prs.c.o

.debug_macro    0x00000000    0x1834a
 .debug_macro   0x00000000      0x4e1 _build/nrf52832_xxaa/main.c.o
 .debug_macro   0x000004e1      0x8d4 _build/nrf52832_xxaa/main.c.o
 .debug_macro   0x00000db5       0x22 _build/nrf52832_xxaa/main.c.o
 .debug_macro   0x00000dd7       0x22 _build/nrf52832_xxaa/main.c.o
 .debug_macro   0x00000df9       0x4f _build/nrf52832_xxaa/main.c.o
 .debug_macro   0x00000e48       0x51 _build/nrf52832_xxaa/main.c.o
 .debug_macro   0x00000e99       0xef _build/nrf52832_xxaa/main.c.o
 .debug_macro   0x00000f88       0x6a _build/nrf52832_xxaa/main.c.o
 .debug_macro   0x00000ff2      0x1df _build/nrf52832_xxaa/main.c.o
 .debug_macro   0x000011d1       0x58 _build/nrf52832_xxaa/main.c.o
 .debug_macro   0x00001229       0x35 _build/nrf52832_xxaa/main.c.o
 .debug_macro   0x0000125e       0x9c _build/nrf52832_xxaa/main.c.o
 .debug_macro   0x000012fa      0x16d _build/nrf52832_xxaa/main.c.o
 .debug_macro   0x00001467       0x58 _build/nrf52832_xxaa/main.c.o
 .debug_macro   0x000014bf       0x1f _build/nrf52832_xxaa/main.c.o
 .debug_macro   0x000014de       0x43 _build/nrf52832_xxaa/main.c.o
 .debug_macro   0x00001521       0x20 _build/nrf52832_xxaa/main.c.o
 .debug_macro   0x00001541      0x187 _build/nrf52832_xxaa/main.c.o
 .debug_macro   0x000016c8      0x353 _build/nrf52832_xxaa/main.c.o
 .debug_macro   0x00001a1b       0x10 _build/nrf52832_xxaa/main.c.o
 .debug_macro   0x00001a2b       0x35 _build/nrf52832_xxaa/main.c.o
 .debug_macro   0x00001a60      0x883 _build/nrf52832_xxaa/main.c.o
 .debug_macro   0x000022e3      0x16d _build/nrf52832_xxaa/main.c.o
 .debug_macro   0x00002450       0x2e _build/nrf52832_xxaa/main.c.o
 .debug_macro   0x0000247e       0x22 _build/nrf52832_xxaa/main.c.o
 .debug_macro   0x000024a0       0x8e _build/nrf52832_xxaa/main.c.o
 .debug_macro   0x0000252e       0xa7 _build/nrf52832_xxaa/main.c.o
 .debug_macro   0x000025d5       0x22 _build/nrf52832_xxaa/main.c.o
 .debug_macro   0x000025f7       0x2d _build/nrf52832_xxaa/main.c.o
 .debug_macro   0x00002624       0x3b _build/nrf52832_xxaa/main.c.o
 .debug_macro   0x0000265f       0x50 _build/nrf52832_xxaa/main.c.o
 .debug_macro   0x000026af      0xe66 _build/nrf52832_xxaa/main.c.o
 .debug_macro   0x00003515      0x392 _build/nrf52832_xxaa/main.c.o
 .debug_macro   0x000038a7     0xccbe _build/nrf52832_xxaa/main.c.o
 .debug_macro   0x00010565     0x1313 _build/nrf52832_xxaa/main.c.o
 .debug_macro   0x00011878       0x82 _build/nrf52832_xxaa/main.c.o
 .debug_macro   0x000118fa      0x4e4 _build/nrf52832_xxaa/main.c.o
 .debug_macro   0x00011dde       0x16 _build/nrf52832_xxaa/main.c.o
 .debug_macro   0x00011df4       0x4e _build/nrf52832_xxaa/main.c.o
 .debug_macro   0x00011e42      0x3a3 _build/nrf52832_xxaa/main.c.o
 .debug_macro   0x000121e5       0x36 _build/nrf52832_xxaa/main.c.o
 .debug_macro   0x0001221b      0x40f _build/nrf52832_xxaa/main.c.o
 .debug_macro   0x0001262a      0x11f _build/nrf52832_xxaa/main.c.o
 .debug_macro   0x00012749       0x3f _build/nrf52832_xxaa/main.c.o
 .debug_macro   0x00012788       0x1c _build/nrf52832_xxaa/main.c.o
 .debug_macro   0x000127a4       0x10 _build/nrf52832_xxaa/main.c.o
 .debug_macro   0x000127b4       0x10 _build/nrf52832_xxaa/main.c.o
 .debug_macro   0x000127c4       0xb6 _build/nrf52832_xxaa/main.c.o
 .debug_macro   0x0001287a       0x16 _build/nrf52832_xxaa/main.c.o
 .debug_macro   0x00012890      0x145 _build/nrf52832_xxaa/main.c.o
 .debug_macro   0x000129d5       0x49 _build/nrf52832_xxaa/main.c.o
 .debug_macro   0x00012a1e       0x8c _build/nrf52832_xxaa/main.c.o
 .debug_macro   0x00012aaa       0x19 _build/nrf52832_xxaa/main.c.o
 .debug_macro   0x00012ac3       0x16 _build/nrf52832_xxaa/main.c.o
 .debug_macro   0x00012ad9       0x7b _build/nrf52832_xxaa/main.c.o
 .debug_macro   0x00012b54       0x3a _build/nrf52832_xxaa/main.c.o
 .debug_macro   0x00012b8e       0x1c _build/nrf52832_xxaa/main.c.o
 .debug_macro   0x00012baa       0x1c _build/nrf52832_xxaa/main.c.o
 .debug_macro   0x00012bc6       0x20 _build/nrf52832_xxaa/main.c.o
 .debug_macro   0x00012be6       0x1c _build/nrf52832_xxaa/main.c.o
 .debug_macro   0x00012c02       0x22 _build/nrf52832_xxaa/main.c.o
 .debug_macro   0x00012c24       0x37 _build/nrf52832_xxaa/main.c.o
 .debug_macro   0x00012c5b       0x11 _build/nrf52832_xxaa/main.c.o
 .debug_macro   0x00012c6c       0x16 _build/nrf52832_xxaa/main.c.o
 .debug_macro   0x00012c82       0x49 _build/nrf52832_xxaa/main.c.o
 .debug_macro   0x00012ccb      0x17d _build/nrf52832_xxaa/main.c.o
 .debug_macro   0x00012e48       0x9a _build/nrf52832_xxaa/main.c.o
 .debug_macro   0x00012ee2       0x28 _build/nrf52832_xxaa/main.c.o
 .debug_macro   0x00012f0a       0x16 _build/nrf52832_xxaa/main.c.o
 .debug_macro   0x00012f20       0x22 _build/nrf52832_xxaa/main.c.o
 .debug_macro   0x00012f42       0x9e _build/nrf52832_xxaa/main.c.o
 .debug_macro   0x00012fe0       0x10 _build/nrf52832_xxaa/main.c.o
 .debug_macro   0x00012ff0       0x1c _build/nrf52832_xxaa/main.c.o
 .debug_macro   0x0001300c       0x10 _build/nrf52832_xxaa/main.c.o
 .debug_macro   0x0001301c       0x10 _build/nrf52832_xxaa/main.c.o
 .debug_macro   0x0001302c       0x10 _build/nrf52832_xxaa/main.c.o
 .debug_macro   0x0001303c       0x50 _build/nrf52832_xxaa/main.c.o
 .debug_macro   0x0001308c       0x38 _build/nrf52832_xxaa/main.c.o
 .debug_macro   0x000130c4       0x78 _build/nrf52832_xxaa/main.c.o
 .debug_macro   0x0001313c       0xc4 _build/nrf52832_xxaa/main.c.o
 .debug_macro   0x00013200      0x426 _build/nrf52832_xxaa/clocks.c.o
 .debug_macro   0x00013626       0x16 _build/nrf52832_xxaa/clocks.c.o
 .debug_macro   0x0001363c       0x16 _build/nrf52832_xxaa/clocks.c.o
 .debug_macro   0x00013652       0x10 _build/nrf52832_xxaa/clocks.c.o
 .debug_macro   0x00013662       0x2e _build/nrf52832_xxaa/clocks.c.o
 .debug_macro   0x00013690       0x16 _build/nrf52832_xxaa/clocks.c.o
 .debug_macro   0x000136a6       0xac _build/nrf52832_xxaa/clocks.c.o
 .debug_macro   0x00013752       0x10 _build/nrf52832_xxaa/clocks.c.o
 .debug_macro   0x00013762      0x177 _build/nrf52832_xxaa/clocks.c.o
 .debug_macro   0x000138d9       0x4c _build/nrf52832_xxaa/clocks.c.o
 .debug_macro   0x00013925      0x46d _build/nrf52832_xxaa/twi.c.o
 .debug_macro   0x00013d92       0x22 _build/nrf52832_xxaa/twi.c.o
 .debug_macro   0x00013db4       0x16 _build/nrf52832_xxaa/twi.c.o
 .debug_macro   0x00013dca       0x16 _build/nrf52832_xxaa/twi.c.o
 .debug_macro   0x00013de0       0x54 _build/nrf52832_xxaa/twi.c.o
 .debug_macro   0x00013e34      0x42f _build/nrf52832_xxaa/mesh.c.o
 .debug_macro   0x00014263       0xbe _build/nrf52832_xxaa/mesh.c.o
 .debug_macro   0x00014321       0x52 _build/nrf52832_xxaa/mesh.c.o
 .debug_macro   0x00014373       0xe6 _build/nrf52832_xxaa/mesh.c.o
 .debug_macro   0x00014459       0x16 _build/nrf52832_xxaa/mesh.c.o
 .debug_macro   0x0001446f       0x22 _build/nrf52832_xxaa/mesh.c.o
 .debug_macro   0x00014491       0x10 _build/nrf52832_xxaa/mesh.c.o
 .debug_macro   0x000144a1       0x94 _build/nrf52832_xxaa/mesh.c.o
 .debug_macro   0x00014535       0x10 _build/nrf52832_xxaa/mesh.c.o
 .debug_macro   0x00014545      0x409 _build/nrf52832_xxaa/battery.c.o
 .debug_macro   0x0001494e       0x10 _build/nrf52832_xxaa/battery.c.o
 .debug_macro   0x0001495e       0x22 _build/nrf52832_xxaa/battery.c.o
 .debug_macro   0x00014980       0x94 _build/nrf52832_xxaa/battery.c.o
 .debug_macro   0x00014a14      0x401 _build/nrf52832_xxaa/bma400.c.o
 .debug_macro   0x00014e15       0xde _build/nrf52832_xxaa/bma400.c.o
 .debug_macro   0x00014ef3      0x220 _build/nrf52832_xxaa/app_error.c.o
 .debug_macro   0x00015113       0x35 _build/nrf52832_xxaa/app_error.c.o
 .debug_macro   0x00015148       0x97 _build/nrf52832_xxaa/app_error.c.o
 .debug_macro   0x000151df       0xf6 _build/nrf52832_xxaa/app_error.c.o
 .debug_macro   0x000152d5      0x359 _build/nrf52832_xxaa/app_error_weak.c.o
 .debug_macro   0x0001562e       0x31 _build/nrf52832_xxaa/app_error_weak.c.o
 .debug_macro   0x0001565f       0x92 _build/nrf52832_xxaa/app_error_weak.c.o
 .debug_macro   0x000156f1       0x98 _build/nrf52832_xxaa/app_error_weak.c.o
 .debug_macro   0x00015789      0x236 _build/nrf52832_xxaa/app_util_platform.c.o
 .debug_macro   0x000159bf      0x233 _build/nrf52832_xxaa/nrf_section_iter.c.o
 .debug_macro   0x00015bf2      0x4c9 _build/nrf52832_xxaa/nrf_pwr_mgmt.c.o
 .debug_macro   0x000160bb       0x10 _build/nrf52832_xxaa/nrf_pwr_mgmt.c.o
 .debug_macro   0x000160cb       0x45 _build/nrf52832_xxaa/nrf_pwr_mgmt.c.o
 .debug_macro   0x00016110       0x82 _build/nrf52832_xxaa/nrf_pwr_mgmt.c.o
 .debug_macro   0x00016192       0x22 _build/nrf52832_xxaa/nrf_pwr_mgmt.c.o
 .debug_macro   0x000161b4      0x43d _build/nrf52832_xxaa/nrf_esb.c.o
 .debug_macro   0x000165f1       0xe0 _build/nrf52832_xxaa/nrf_esb.c.o
 .debug_macro   0x000166d1      0x38b _build/nrf52832_xxaa/nrf_drv_twi.c.o
 .debug_macro   0x00016a5c      0x3f6 _build/nrf52832_xxaa/nrf_drv_clock.c.o
 .debug_macro   0x00016e52       0xf1 _build/nrf52832_xxaa/system_nrf52.c.o
 .debug_macro   0x00016f43      0x401 _build/nrf52832_xxaa/nrfx_twim.c.o
 .debug_macro   0x00017344       0x28 _build/nrf52832_xxaa/nrfx_twim.c.o
 .debug_macro   0x0001736c       0x1c _build/nrf52832_xxaa/nrfx_twim.c.o
 .debug_macro   0x00017388       0x42 _build/nrf52832_xxaa/nrfx_twim.c.o
 .debug_macro   0x000173ca      0x413 _build/nrf52832_xxaa/nrfx_clock.c.o
 .debug_macro   0x000177dd      0x3c4 _build/nrf52832_xxaa/nrfx_rtc.c.o
 .debug_macro   0x00017ba1      0x3e8 _build/nrf52832_xxaa/nrfx_saadc.c.o
 .debug_macro   0x00017f89      0x3c1 _build/nrf52832_xxaa/nrfx_prs.c.o

.debug_line     0x00000000     0xd9e8
 .debug_line    0x00000000      0xdb8 _build/nrf52832_xxaa/main.c.o
 .debug_line    0x00000db8      0xadd _build/nrf52832_xxaa/clocks.c.o
 .debug_line    0x00001895      0xb44 _build/nrf52832_xxaa/twi.c.o
 .debug_line    0x000023d9      0xf8d _build/nrf52832_xxaa/mesh.c.o
 .debug_line    0x00003366      0xa35 _build/nrf52832_xxaa/battery.c.o
 .debug_line    0x00003d9b      0xbc1 _build/nrf52832_xxaa/bma400.c.o
 .debug_line    0x0000495c      0x51e _build/nrf52832_xxaa/app_error.c.o
 .debug_line    0x00004e7a      0x828 _build/nrf52832_xxaa/app_error_weak.c.o
 .debug_line    0x000056a2      0x5be _build/nrf52832_xxaa/app_util_platform.c.o
 .debug_line    0x00005c60      0x57a _build/nrf52832_xxaa/nrf_section_iter.c.o
 .debug_line    0x000061da      0xc5f _build/nrf52832_xxaa/nrf_pwr_mgmt.c.o
 .debug_line    0x00006e39     0x11f1 _build/nrf52832_xxaa/nrf_esb.c.o
 .debug_line    0x0000802a      0x9db _build/nrf52832_xxaa/nrf_drv_twi.c.o
 .debug_line    0x00008a05      0xba1 _build/nrf52832_xxaa/nrf_drv_clock.c.o
 .debug_line    0x000095a6      0x56b _build/nrf52832_xxaa/system_nrf52.c.o
 .debug_line    0x00009b11       0x8e _build/nrf52832_xxaa/gcc_startup_nrf52.S.o
 .debug_line    0x00009b9f      0xee3 _build/nrf52832_xxaa/nrfx_twim.c.o
 .debug_line    0x0000aa82      0xc2a _build/nrf52832_xxaa/nrfx_clock.c.o
 .debug_line    0x0000b6ac      0xc35 _build/nrf52832_xxaa/nrfx_rtc.c.o
 .debug_line    0x0000c2e1      0xdcb _build/nrf52832_xxaa/nrfx_saadc.c.o
 .debug_line    0x0000d0ac      0x93c _build/nrf52832_xxaa/nrfx_prs.c.o

.debug_str      0x00000000    0x79245
 .debug_str     0x00000000    0x6f456 _build/nrf52832_xxaa/main.c.o
                              0x70368 (size before relaxing)
 .debug_str     0x0006f456      0xdc2 _build/nrf52832_xxaa/clocks.c.o
                              0x6e09e (size before relaxing)
 .debug_str     0x00070218      0x1a7 _build/nrf52832_xxaa/twi.c.o
                              0x6f3b2 (size before relaxing)
 .debug_str     0x000703bf     0x1ef3 _build/nrf52832_xxaa/mesh.c.o
                              0x6f48c (size before relaxing)
 .debug_str     0x000722b2     0x1138 _build/nrf52832_xxaa/battery.c.o
                              0x6e129 (size before relaxing)
 .debug_str     0x000733ea      0x635 _build/nrf52832_xxaa/bma400.c.o
                              0x6e8bd (size before relaxing)
 .debug_str     0x00073a1f       0xfb _build/nrf52832_xxaa/app_error.c.o
                              0x602bc (size before relaxing)
 .debug_str     0x00073b1a       0xb3 _build/nrf52832_xxaa/app_error_weak.c.o
                              0x6a8e7 (size before relaxing)
 .debug_str     0x00073bcd      0x167 _build/nrf52832_xxaa/app_util_platform.c.o
                              0x60ac6 (size before relaxing)
 .debug_str     0x00073d34       0xe7 _build/nrf52832_xxaa/nrf_section_iter.c.o
                              0x66948 (size before relaxing)
 .debug_str     0x00073e1b      0xb0a _build/nrf52832_xxaa/nrf_pwr_mgmt.c.o
                              0x6f142 (size before relaxing)
 .debug_str     0x00074925      0xc57 _build/nrf52832_xxaa/nrf_esb.c.o
                              0x6ee3a (size before relaxing)
 .debug_str     0x0007557c      0x8af _build/nrf52832_xxaa/nrf_drv_twi.c.o
                              0x6c250 (size before relaxing)
 .debug_str     0x00075e2b      0x7e1 _build/nrf52832_xxaa/nrf_drv_clock.c.o
                              0x6d784 (size before relaxing)
 .debug_str     0x0007660c      0x1a6 _build/nrf52832_xxaa/system_nrf52.c.o
                              0x5bd31 (size before relaxing)
 .debug_str     0x000767b2     0x1182 _build/nrf52832_xxaa/nrfx_twim.c.o
                              0x6f026 (size before relaxing)
 .debug_str     0x00077934      0x5f2 _build/nrf52832_xxaa/nrfx_clock.c.o
                              0x6e07b (size before relaxing)
 .debug_str     0x00077f26      0x37b _build/nrf52832_xxaa/nrfx_rtc.c.o
                              0x6e14b (size before relaxing)
 .debug_str     0x000782a1      0xc61 _build/nrf52832_xxaa/nrfx_saadc.c.o
                              0x6efab (size before relaxing)
 .debug_str     0x00078f02      0x343 _build/nrf52832_xxaa/nrfx_prs.c.o
                              0x6d695 (size before relaxing)

.debug_frame    0x00000000     0x392c
 .debug_frame   0x00000000      0x2c0 _build/nrf52832_xxaa/main.c.o
 .debug_frame   0x000002c0      0x14c _build/nrf52832_xxaa/clocks.c.o
 .debug_frame   0x0000040c       0xd8 _build/nrf52832_xxaa/twi.c.o
 .debug_frame   0x000004e4      0x614 _build/nrf52832_xxaa/mesh.c.o
 .debug_frame   0x00000af8       0xc8 _build/nrf52832_xxaa/battery.c.o
 .debug_frame   0x00000bc0      0x2a0 _build/nrf52832_xxaa/bma400.c.o
 .debug_frame   0x00000e60       0x5c _build/nrf52832_xxaa/app_error.c.o
 .debug_frame   0x00000ebc       0x4c _build/nrf52832_xxaa/app_error_weak.c.o
 .debug_frame   0x00000f08      0x10c _build/nrf52832_xxaa/app_util_platform.c.o
 .debug_frame   0x00001014       0x60 _build/nrf52832_xxaa/nrf_section_iter.c.o
 .debug_frame   0x00001074      0x1c8 _build/nrf52832_xxaa/nrf_pwr_mgmt.c.o
 .debug_frame   0x0000123c      0x764 _build/nrf52832_xxaa/nrf_esb.c.o
 .debug_frame   0x000019a0      0x1d0 _build/nrf52832_xxaa/nrf_drv_twi.c.o
 .debug_frame   0x00001b70      0x30c _build/nrf52832_xxaa/nrf_drv_clock.c.o
 .debug_frame   0x00001e7c      0x1c4 _build/nrf52832_xxaa/system_nrf52.c.o
 .debug_frame   0x00002040      0x7a0 _build/nrf52832_xxaa/nrfx_twim.c.o
 .debug_frame   0x000027e0      0x480 _build/nrf52832_xxaa/nrfx_clock.c.o
 .debug_frame   0x00002c60      0x4a4 _build/nrf52832_xxaa/nrfx_rtc.c.o
 .debug_frame   0x00003104      0x550 _build/nrf52832_xxaa/nrfx_saadc.c.o
 .debug_frame   0x00003654       0x9c _build/nrf52832_xxaa/nrfx_prs.c.o
 .debug_frame   0x000036f0       0x28 c:/program files (x86)/gnu tools arm embedded/6 2017-q2-update/bin/../lib/gcc/arm-none-eabi/6.3.1/../../../../arm-none-eabi/lib/thumb/v7e-m/fpv4-sp/hard\libc.a(lib_a-exit.o)
 .debug_frame   0x00003718       0x2c c:/program files (x86)/gnu tools arm embedded/6 2017-q2-update/bin/../lib/gcc/arm-none-eabi/6.3.1/../../../../arm-none-eabi/lib/thumb/v7e-m/fpv4-sp/hard\libc.a(lib_a-init.o)
 .debug_frame   0x00003744       0x34 c:/program files (x86)/gnu tools arm embedded/6 2017-q2-update/bin/../lib/gcc/arm-none-eabi/6.3.1/../../../../arm-none-eabi/lib/thumb/v7e-m/fpv4-sp/hard\libc.a(lib_a-memset.o)
 .debug_frame   0x00003778       0x5c c:/program files (x86)/gnu tools arm embedded/6 2017-q2-update/bin/../lib/gcc/arm-none-eabi/6.3.1/../../../../arm-none-eabi/lib/thumb/v7e-m/fpv4-sp/hard\libc.a(lib_a-__call_atexit.o)
 .debug_frame   0x000037d4       0x20 c:/program files (x86)/gnu tools arm embedded/6 2017-q2-update/bin/../lib/gcc/arm-none-eabi/6.3.1/../../../../arm-none-eabi/lib/thumb/v7e-m/fpv4-sp/hard\libc.a(lib_a-atexit.o)
 .debug_frame   0x000037f4       0x34 c:/program files (x86)/gnu tools arm embedded/6 2017-q2-update/bin/../lib/gcc/arm-none-eabi/6.3.1/../../../../arm-none-eabi/lib/thumb/v7e-m/fpv4-sp/hard\libc.a(lib_a-fini.o)
 .debug_frame   0x00003828       0xb0 c:/program files (x86)/gnu tools arm embedded/6 2017-q2-update/bin/../lib/gcc/arm-none-eabi/6.3.1/../../../../arm-none-eabi/lib/thumb/v7e-m/fpv4-sp/hard\libc.a(lib_a-lock.o)
 .debug_frame   0x000038d8       0x34 c:/program files (x86)/gnu tools arm embedded/6 2017-q2-update/bin/../lib/gcc/arm-none-eabi/6.3.1/../../../../arm-none-eabi/lib/thumb/v7e-m/fpv4-sp/hard\libc.a(lib_a-__atexit.o)
 .debug_frame   0x0000390c       0x20 c:/program files (x86)/gnu tools arm embedded/6 2017-q2-update/bin/../lib/gcc/arm-none-eabi/6.3.1/../../../../arm-none-eabi/lib/thumb/v7e-m/fpv4-sp/hard\libnosys.a(_exit.o)
